Verbosity: 2 (Standard Logging)
Verbosity: 2 (Standard Logging)
Verbosity: 2 (Standard Logging)
=================== System Info ===================
AutoGluon Version:  1.2
Python Version:     3.10.15
Operating System:   Linux
Platform Machine:   x86_64
Platform Version:   #1 SMP PREEMPT_DYNAMIC Thu Apr 3 12:12:16 UTC 2025
CPU Count:          272
Memory Avail:       198.48 GB / 203.90 GB (97.3%)
Disk Space Avail:   1382.05 GB / 5120.00 GB (27.0%)
===================================================
=================== System Info ===================
AutoGluon Version:  1.2
Python Version:     3.10.15
Operating System:   Linux
Platform Machine:   x86_64
Platform Version:   #1 SMP PREEMPT_DYNAMIC Thu Apr 3 12:12:16 UTC 2025
CPU Count:          272
Memory Avail:       198.48 GB / 203.90 GB (97.3%)
Disk Space Avail:   1382.05 GB / 5120.00 GB (27.0%)
===================================================
Presets specified: ['high_quality']
Presets specified: ['high_quality']
=================== System Info ===================
AutoGluon Version:  1.2
Python Version:     3.10.15
Operating System:   Linux
Platform Machine:   x86_64
Platform Version:   #1 SMP PREEMPT_DYNAMIC Thu Apr 3 12:12:16 UTC 2025
CPU Count:          272
Memory Avail:       198.48 GB / 203.90 GB (97.3%)
Disk Space Avail:   1382.05 GB / 5120.00 GB (27.0%)
===================================================
Setting dynamic_stacking from 'auto' to True. Reason: Enable dynamic_stacking when use_bag_holdout is disabled. (use_bag_holdout=False)
Setting dynamic_stacking from 'auto' to True. Reason: Enable dynamic_stacking when use_bag_holdout is disabled. (use_bag_holdout=False)
Presets specified: ['high_quality']
Stack configuration (auto_stack=True): num_stack_levels=1, num_bag_folds=8, num_bag_sets=1
Stack configuration (auto_stack=True): num_stack_levels=1, num_bag_folds=8, num_bag_sets=1
Setting dynamic_stacking from 'auto' to True. Reason: Enable dynamic_stacking when use_bag_holdout is disabled. (use_bag_holdout=False)
Verbosity: 2 (Standard Logging)
Verbosity: 2 (Standard Logging)
Note: `save_bag_folds=False`! This will greatly reduce peak disk usage during fit (by ~8x), but runs the risk of an out-of-memory error during model refit if memory is small relative to the data size.
	You can avoid this risk by setting `save_bag_folds=True`.
Note: `save_bag_folds=False`! This will greatly reduce peak disk usage during fit (by ~8x), but runs the risk of an out-of-memory error during model refit if memory is small relative to the data size.
	You can avoid this risk by setting `save_bag_folds=True`.
Stack configuration (auto_stack=True): num_stack_levels=1, num_bag_folds=8, num_bag_sets=1
DyStack is enabled (dynamic_stacking=True). AutoGluon will try to determine whether the input data is affected by stacked overfitting and enable or disable stacking as a consequence.
Verbosity: 2 (Standard Logging)
Verbosity: 2 (Standard Logging)
DyStack is enabled (dynamic_stacking=True). AutoGluon will try to determine whether the input data is affected by stacked overfitting and enable or disable stacking as a consequence.
Note: `save_bag_folds=False`! This will greatly reduce peak disk usage during fit (by ~8x), but runs the risk of an out-of-memory error during model refit if memory is small relative to the data size.
	You can avoid this risk by setting `save_bag_folds=True`.
=================== System Info ===================
AutoGluon Version:  1.2
Python Version:     3.10.15
Operating System:   Linux
Platform Machine:   x86_64
Platform Version:   #1 SMP PREEMPT_DYNAMIC Thu Apr 3 12:12:16 UTC 2025
CPU Count:          272
Memory Avail:       198.41 GB / 203.90 GB (97.3%)
Disk Space Avail:   1382.05 GB / 5120.00 GB (27.0%)
===================================================
Verbosity: 2 (Standard Logging)
	This is used to identify the optimal `num_stack_levels` value. Copies of AutoGluon will be fit on subsets of the data. Then holdout validation data is used to detect stacked overfitting.
Verbosity: 2 (Standard Logging)
=================== System Info ===================
AutoGluon Version:  1.2
Python Version:     3.10.15
Operating System:   Linux
Platform Machine:   x86_64
Platform Version:   #1 SMP PREEMPT_DYNAMIC Thu Apr 3 12:12:16 UTC 2025
CPU Count:          272
Memory Avail:       198.40 GB / 203.90 GB (97.3%)
Disk Space Avail:   1382.05 GB / 5120.00 GB (27.0%)
===================================================
	This is used to identify the optimal `num_stack_levels` value. Copies of AutoGluon will be fit on subsets of the data. Then holdout validation data is used to detect stacked overfitting.
DyStack is enabled (dynamic_stacking=True). AutoGluon will try to determine whether the input data is affected by stacked overfitting and enable or disable stacking as a consequence.
=================== System Info ===================
AutoGluon Version:  1.2
Python Version:     3.10.15
Operating System:   Linux
Platform Machine:   x86_64
Platform Version:   #1 SMP PREEMPT_DYNAMIC Thu Apr 3 12:12:16 UTC 2025
CPU Count:          272
Memory Avail:       198.36 GB / 203.90 GB (97.3%)
Disk Space Avail:   1382.05 GB / 5120.00 GB (27.0%)
===================================================
Verbosity: 2 (Standard Logging)
Presets specified: ['high_quality']
=================== System Info ===================
AutoGluon Version:  1.2
Python Version:     3.10.15
Operating System:   Linux
Platform Machine:   x86_64
Platform Version:   #1 SMP PREEMPT_DYNAMIC Thu Apr 3 12:12:16 UTC 2025
CPU Count:          272
Memory Avail:       198.35 GB / 203.90 GB (97.3%)
Disk Space Avail:   1382.05 GB / 5120.00 GB (27.0%)
===================================================
	Running DyStack for up to 900s of the 3600s of remaining time (25%).
Verbosity: 2 (Standard Logging)
Presets specified: ['high_quality']
=================== System Info ===================
AutoGluon Version:  1.2
Python Version:     3.10.15
Operating System:   Linux
Platform Machine:   x86_64
Platform Version:   #1 SMP PREEMPT_DYNAMIC Thu Apr 3 12:12:16 UTC 2025
CPU Count:          272
Memory Avail:       198.33 GB / 203.90 GB (97.3%)
Disk Space Avail:   1382.05 GB / 5120.00 GB (27.0%)
===================================================
	Running DyStack for up to 900s of the 3600s of remaining time (25%).
Verbosity: 2 (Standard Logging)
=================== System Info ===================
AutoGluon Version:  1.2
Python Version:     3.10.15
Operating System:   Linux
Platform Machine:   x86_64
Platform Version:   #1 SMP PREEMPT_DYNAMIC Thu Apr 3 12:12:16 UTC 2025
CPU Count:          272
Memory Avail:       198.33 GB / 203.90 GB (97.3%)
Disk Space Avail:   1382.05 GB / 5120.00 GB (27.0%)
===================================================
	This is used to identify the optimal `num_stack_levels` value. Copies of AutoGluon will be fit on subsets of the data. Then holdout validation data is used to detect stacked overfitting.
Presets specified: ['high_quality']
Setting dynamic_stacking from 'auto' to True. Reason: Enable dynamic_stacking when use_bag_holdout is disabled. (use_bag_holdout=False)
Presets specified: ['high_quality']
Verbosity: 2 (Standard Logging)
=================== System Info ===================
AutoGluon Version:  1.2
Python Version:     3.10.15
Operating System:   Linux
Platform Machine:   x86_64
Platform Version:   #1 SMP PREEMPT_DYNAMIC Thu Apr 3 12:12:16 UTC 2025
CPU Count:          272
Memory Avail:       198.30 GB / 203.90 GB (97.3%)
Disk Space Avail:   1382.05 GB / 5120.00 GB (27.0%)
===================================================
Setting dynamic_stacking from 'auto' to True. Reason: Enable dynamic_stacking when use_bag_holdout is disabled. (use_bag_holdout=False)
Presets specified: ['high_quality']
Verbosity: 2 (Standard Logging)
=================== System Info ===================
AutoGluon Version:  1.2
Python Version:     3.10.15
Operating System:   Linux
Platform Machine:   x86_64
Platform Version:   #1 SMP PREEMPT_DYNAMIC Thu Apr 3 12:12:16 UTC 2025
CPU Count:          272
Memory Avail:       198.28 GB / 203.90 GB (97.2%)
Disk Space Avail:   1382.05 GB / 5120.00 GB (27.0%)
===================================================
Presets specified: ['high_quality']
	Running DyStack for up to 900s of the 3600s of remaining time (25%).
Setting dynamic_stacking from 'auto' to True. Reason: Enable dynamic_stacking when use_bag_holdout is disabled. (use_bag_holdout=False)
Stack configuration (auto_stack=True): num_stack_levels=1, num_bag_folds=8, num_bag_sets=1
Setting dynamic_stacking from 'auto' to True. Reason: Enable dynamic_stacking when use_bag_holdout is disabled. (use_bag_holdout=False)
Verbosity: 2 (Standard Logging)
Presets specified: ['high_quality']
=================== System Info ===================
AutoGluon Version:  1.2
Python Version:     3.10.15
Operating System:   Linux
Platform Machine:   x86_64
Platform Version:   #1 SMP PREEMPT_DYNAMIC Thu Apr 3 12:12:16 UTC 2025
CPU Count:          272
Memory Avail:       198.28 GB / 203.90 GB (97.2%)
Disk Space Avail:   1382.05 GB / 5120.00 GB (27.0%)
===================================================
Stack configuration (auto_stack=True): num_stack_levels=1, num_bag_folds=8, num_bag_sets=1
Setting dynamic_stacking from 'auto' to True. Reason: Enable dynamic_stacking when use_bag_holdout is disabled. (use_bag_holdout=False)
=================== System Info ===================
AutoGluon Version:  1.2
Python Version:     3.10.15
Operating System:   Linux
Platform Machine:   x86_64
Platform Version:   #1 SMP PREEMPT_DYNAMIC Thu Apr 3 12:12:16 UTC 2025
CPU Count:          272
Memory Avail:       198.26 GB / 203.90 GB (97.2%)
Disk Space Avail:   1382.05 GB / 5120.00 GB (27.0%)
===================================================
Presets specified: ['high_quality']
Setting dynamic_stacking from 'auto' to True. Reason: Enable dynamic_stacking when use_bag_holdout is disabled. (use_bag_holdout=False)
Stack configuration (auto_stack=True): num_stack_levels=1, num_bag_folds=8, num_bag_sets=1
Note: `save_bag_folds=False`! This will greatly reduce peak disk usage during fit (by ~8x), but runs the risk of an out-of-memory error during model refit if memory is small relative to the data size.
	You can avoid this risk by setting `save_bag_folds=True`.
Stack configuration (auto_stack=True): num_stack_levels=1, num_bag_folds=8, num_bag_sets=1
=================== System Info ===================
AutoGluon Version:  1.2
Python Version:     3.10.15
Operating System:   Linux
Platform Machine:   x86_64
Platform Version:   #1 SMP PREEMPT_DYNAMIC Thu Apr 3 12:12:16 UTC 2025
CPU Count:          272
Memory Avail:       198.25 GB / 203.90 GB (97.2%)
Disk Space Avail:   1382.05 GB / 5120.00 GB (27.0%)
===================================================
Verbosity: 2 (Standard Logging)
Setting dynamic_stacking from 'auto' to True. Reason: Enable dynamic_stacking when use_bag_holdout is disabled. (use_bag_holdout=False)
Presets specified: ['high_quality']
=================== System Info ===================
AutoGluon Version:  1.2
Python Version:     3.10.15
Operating System:   Linux
Platform Machine:   x86_64
Platform Version:   #1 SMP PREEMPT_DYNAMIC Thu Apr 3 12:12:16 UTC 2025
CPU Count:          272
Memory Avail:       198.24 GB / 203.90 GB (97.2%)
Disk Space Avail:   1382.05 GB / 5120.00 GB (27.0%)
===================================================
Note: `save_bag_folds=False`! This will greatly reduce peak disk usage during fit (by ~8x), but runs the risk of an out-of-memory error during model refit if memory is small relative to the data size.
	You can avoid this risk by setting `save_bag_folds=True`.
Stack configuration (auto_stack=True): num_stack_levels=1, num_bag_folds=8, num_bag_sets=1
Presets specified: ['high_quality']
Setting dynamic_stacking from 'auto' to True. Reason: Enable dynamic_stacking when use_bag_holdout is disabled. (use_bag_holdout=False)
Stack configuration (auto_stack=True): num_stack_levels=1, num_bag_folds=8, num_bag_sets=1
Note: `save_bag_folds=False`! This will greatly reduce peak disk usage during fit (by ~8x), but runs the risk of an out-of-memory error during model refit if memory is small relative to the data size.
	You can avoid this risk by setting `save_bag_folds=True`.
DyStack is enabled (dynamic_stacking=True). AutoGluon will try to determine whether the input data is affected by stacked overfitting and enable or disable stacking as a consequence.
Note: `save_bag_folds=False`! This will greatly reduce peak disk usage during fit (by ~8x), but runs the risk of an out-of-memory error during model refit if memory is small relative to the data size.
	You can avoid this risk by setting `save_bag_folds=True`.
Presets specified: ['high_quality']
Stack configuration (auto_stack=True): num_stack_levels=1, num_bag_folds=8, num_bag_sets=1
Setting dynamic_stacking from 'auto' to True. Reason: Enable dynamic_stacking when use_bag_holdout is disabled. (use_bag_holdout=False)
Presets specified: ['high_quality']
DyStack is enabled (dynamic_stacking=True). AutoGluon will try to determine whether the input data is affected by stacked overfitting and enable or disable stacking as a consequence.
Note: `save_bag_folds=False`! This will greatly reduce peak disk usage during fit (by ~8x), but runs the risk of an out-of-memory error during model refit if memory is small relative to the data size.
	You can avoid this risk by setting `save_bag_folds=True`.
=================== System Info ===================
AutoGluon Version:  1.2
Python Version:     3.10.15
Operating System:   Linux
Platform Machine:   x86_64
Platform Version:   #1 SMP PREEMPT_DYNAMIC Thu Apr 3 12:12:16 UTC 2025
CPU Count:          272
Memory Avail:       198.24 GB / 203.90 GB (97.2%)
Disk Space Avail:   1382.05 GB / 5120.00 GB (27.0%)
===================================================
Setting dynamic_stacking from 'auto' to True. Reason: Enable dynamic_stacking when use_bag_holdout is disabled. (use_bag_holdout=False)
Stack configuration (auto_stack=True): num_stack_levels=1, num_bag_folds=8, num_bag_sets=1
Note: `save_bag_folds=False`! This will greatly reduce peak disk usage during fit (by ~8x), but runs the risk of an out-of-memory error during model refit if memory is small relative to the data size.
	You can avoid this risk by setting `save_bag_folds=True`.
DyStack is enabled (dynamic_stacking=True). AutoGluon will try to determine whether the input data is affected by stacked overfitting and enable or disable stacking as a consequence.
	This is used to identify the optimal `num_stack_levels` value. Copies of AutoGluon will be fit on subsets of the data. Then holdout validation data is used to detect stacked overfitting.
DyStack is enabled (dynamic_stacking=True). AutoGluon will try to determine whether the input data is affected by stacked overfitting and enable or disable stacking as a consequence.
Setting dynamic_stacking from 'auto' to True. Reason: Enable dynamic_stacking when use_bag_holdout is disabled. (use_bag_holdout=False)
Note: `save_bag_folds=False`! This will greatly reduce peak disk usage during fit (by ~8x), but runs the risk of an out-of-memory error during model refit if memory is small relative to the data size.
	You can avoid this risk by setting `save_bag_folds=True`.
Stack configuration (auto_stack=True): num_stack_levels=1, num_bag_folds=8, num_bag_sets=1
Setting dynamic_stacking from 'auto' to True. Reason: Enable dynamic_stacking when use_bag_holdout is disabled. (use_bag_holdout=False)
	This is used to identify the optimal `num_stack_levels` value. Copies of AutoGluon will be fit on subsets of the data. Then holdout validation data is used to detect stacked overfitting.
DyStack is enabled (dynamic_stacking=True). AutoGluon will try to determine whether the input data is affected by stacked overfitting and enable or disable stacking as a consequence.
Presets specified: ['high_quality']
Stack configuration (auto_stack=True): num_stack_levels=1, num_bag_folds=8, num_bag_sets=1
Note: `save_bag_folds=False`! This will greatly reduce peak disk usage during fit (by ~8x), but runs the risk of an out-of-memory error during model refit if memory is small relative to the data size.
	You can avoid this risk by setting `save_bag_folds=True`.
DyStack is enabled (dynamic_stacking=True). AutoGluon will try to determine whether the input data is affected by stacked overfitting and enable or disable stacking as a consequence.
	This is used to identify the optimal `num_stack_levels` value. Copies of AutoGluon will be fit on subsets of the data. Then holdout validation data is used to detect stacked overfitting.
	Running DyStack for up to 900s of the 3600s of remaining time (25%).
	This is used to identify the optimal `num_stack_levels` value. Copies of AutoGluon will be fit on subsets of the data. Then holdout validation data is used to detect stacked overfitting.
Stack configuration (auto_stack=True): num_stack_levels=1, num_bag_folds=8, num_bag_sets=1
DyStack is enabled (dynamic_stacking=True). AutoGluon will try to determine whether the input data is affected by stacked overfitting and enable or disable stacking as a consequence.
Note: `save_bag_folds=False`! This will greatly reduce peak disk usage during fit (by ~8x), but runs the risk of an out-of-memory error during model refit if memory is small relative to the data size.
	You can avoid this risk by setting `save_bag_folds=True`.
Stack configuration (auto_stack=True): num_stack_levels=1, num_bag_folds=8, num_bag_sets=1
	Running DyStack for up to 900s of the 3600s of remaining time (25%).
	This is used to identify the optimal `num_stack_levels` value. Copies of AutoGluon will be fit on subsets of the data. Then holdout validation data is used to detect stacked overfitting.
Setting dynamic_stacking from 'auto' to True. Reason: Enable dynamic_stacking when use_bag_holdout is disabled. (use_bag_holdout=False)
Note: `save_bag_folds=False`! This will greatly reduce peak disk usage during fit (by ~8x), but runs the risk of an out-of-memory error during model refit if memory is small relative to the data size.
	You can avoid this risk by setting `save_bag_folds=True`.
DyStack is enabled (dynamic_stacking=True). AutoGluon will try to determine whether the input data is affected by stacked overfitting and enable or disable stacking as a consequence.
	This is used to identify the optimal `num_stack_levels` value. Copies of AutoGluon will be fit on subsets of the data. Then holdout validation data is used to detect stacked overfitting.
	Running DyStack for up to 900s of the 3600s of remaining time (25%).
	Running DyStack for up to 900s of the 3600s of remaining time (25%).
Note: `save_bag_folds=False`! This will greatly reduce peak disk usage during fit (by ~8x), but runs the risk of an out-of-memory error during model refit if memory is small relative to the data size.
	You can avoid this risk by setting `save_bag_folds=True`.
	This is used to identify the optimal `num_stack_levels` value. Copies of AutoGluon will be fit on subsets of the data. Then holdout validation data is used to detect stacked overfitting.
DyStack is enabled (dynamic_stacking=True). AutoGluon will try to determine whether the input data is affected by stacked overfitting and enable or disable stacking as a consequence.
Note: `save_bag_folds=False`! This will greatly reduce peak disk usage during fit (by ~8x), but runs the risk of an out-of-memory error during model refit if memory is small relative to the data size.
	You can avoid this risk by setting `save_bag_folds=True`.
	Running DyStack for up to 900s of the 3600s of remaining time (25%).
Stack configuration (auto_stack=True): num_stack_levels=1, num_bag_folds=8, num_bag_sets=1
DyStack is enabled (dynamic_stacking=True). AutoGluon will try to determine whether the input data is affected by stacked overfitting and enable or disable stacking as a consequence.
	This is used to identify the optimal `num_stack_levels` value. Copies of AutoGluon will be fit on subsets of the data. Then holdout validation data is used to detect stacked overfitting.
	Running DyStack for up to 900s of the 3600s of remaining time (25%).
DyStack is enabled (dynamic_stacking=True). AutoGluon will try to determine whether the input data is affected by stacked overfitting and enable or disable stacking as a consequence.
	Running DyStack for up to 900s of the 3600s of remaining time (25%).
	This is used to identify the optimal `num_stack_levels` value. Copies of AutoGluon will be fit on subsets of the data. Then holdout validation data is used to detect stacked overfitting.
DyStack is enabled (dynamic_stacking=True). AutoGluon will try to determine whether the input data is affected by stacked overfitting and enable or disable stacking as a consequence.
Note: `save_bag_folds=False`! This will greatly reduce peak disk usage during fit (by ~8x), but runs the risk of an out-of-memory error during model refit if memory is small relative to the data size.
	You can avoid this risk by setting `save_bag_folds=True`.
	This is used to identify the optimal `num_stack_levels` value. Copies of AutoGluon will be fit on subsets of the data. Then holdout validation data is used to detect stacked overfitting.
	Running DyStack for up to 900s of the 3600s of remaining time (25%).
	This is used to identify the optimal `num_stack_levels` value. Copies of AutoGluon will be fit on subsets of the data. Then holdout validation data is used to detect stacked overfitting.
	Running DyStack for up to 900s of the 3600s of remaining time (25%).
	This is used to identify the optimal `num_stack_levels` value. Copies of AutoGluon will be fit on subsets of the data. Then holdout validation data is used to detect stacked overfitting.
DyStack is enabled (dynamic_stacking=True). AutoGluon will try to determine whether the input data is affected by stacked overfitting and enable or disable stacking as a consequence.
	Running DyStack for up to 900s of the 3600s of remaining time (25%).
	Running DyStack for up to 900s of the 3600s of remaining time (25%).
	Running DyStack for up to 900s of the 3600s of remaining time (25%).
	This is used to identify the optimal `num_stack_levels` value. Copies of AutoGluon will be fit on subsets of the data. Then holdout validation data is used to detect stacked overfitting.
	Running DyStack for up to 900s of the 3600s of remaining time (25%).
	Running DyStack sub-fit in a ray process to avoid memory leakage. Enabling ray logging (enable_ray_logging=True). Specify `ds_args={'enable_ray_logging': False}` if you experience logging issues.
2025-04-29 15:59:30,904	WARNING worker.py:1422 -- SIGTERM handler is not set because current thread is not the main thread.
	Running DyStack sub-fit in a ray process to avoid memory leakage. Enabling ray logging (enable_ray_logging=True). Specify `ds_args={'enable_ray_logging': False}` if you experience logging issues.
2025-04-29 15:59:30,908	WARNING worker.py:1422 -- SIGTERM handler is not set because current thread is not the main thread.
	Running DyStack sub-fit in a ray process to avoid memory leakage. Enabling ray logging (enable_ray_logging=True). Specify `ds_args={'enable_ray_logging': False}` if you experience logging issues.
2025-04-29 15:59:30,915	WARNING worker.py:1422 -- SIGTERM handler is not set because current thread is not the main thread.
	Running DyStack sub-fit in a ray process to avoid memory leakage. Enabling ray logging (enable_ray_logging=True). Specify `ds_args={'enable_ray_logging': False}` if you experience logging issues.
2025-04-29 15:59:30,919	WARNING worker.py:1422 -- SIGTERM handler is not set because current thread is not the main thread.
	Running DyStack sub-fit in a ray process to avoid memory leakage. Enabling ray logging (enable_ray_logging=True). Specify `ds_args={'enable_ray_logging': False}` if you experience logging issues.
2025-04-29 15:59:30,923	WARNING worker.py:1422 -- SIGTERM handler is not set because current thread is not the main thread.
	Running DyStack sub-fit in a ray process to avoid memory leakage. Enabling ray logging (enable_ray_logging=True). Specify `ds_args={'enable_ray_logging': False}` if you experience logging issues.
2025-04-29 15:59:30,928	WARNING worker.py:1422 -- SIGTERM handler is not set because current thread is not the main thread.
	Running DyStack sub-fit in a ray process to avoid memory leakage. Enabling ray logging (enable_ray_logging=True). Specify `ds_args={'enable_ray_logging': False}` if you experience logging issues.
2025-04-29 15:59:30,930	WARNING worker.py:1422 -- SIGTERM handler is not set because current thread is not the main thread.
	Running DyStack sub-fit in a ray process to avoid memory leakage. Enabling ray logging (enable_ray_logging=True). Specify `ds_args={'enable_ray_logging': False}` if you experience logging issues.
2025-04-29 15:59:30,933	WARNING worker.py:1422 -- SIGTERM handler is not set because current thread is not the main thread.
	Running DyStack sub-fit in a ray process to avoid memory leakage. Enabling ray logging (enable_ray_logging=True). Specify `ds_args={'enable_ray_logging': False}` if you experience logging issues.
2025-04-29 15:59:30,935	WARNING worker.py:1422 -- SIGTERM handler is not set because current thread is not the main thread.
	Running DyStack sub-fit in a ray process to avoid memory leakage. Enabling ray logging (enable_ray_logging=True). Specify `ds_args={'enable_ray_logging': False}` if you experience logging issues.
2025-04-29 15:59:30,938	WARNING worker.py:1422 -- SIGTERM handler is not set because current thread is not the main thread.
	Running DyStack sub-fit in a ray process to avoid memory leakage. Enabling ray logging (enable_ray_logging=True). Specify `ds_args={'enable_ray_logging': False}` if you experience logging issues.
2025-04-29 15:59:30,941	WARNING worker.py:1422 -- SIGTERM handler is not set because current thread is not the main thread.
	Running DyStack sub-fit in a ray process to avoid memory leakage. Enabling ray logging (enable_ray_logging=True). Specify `ds_args={'enable_ray_logging': False}` if you experience logging issues.
2025-04-29 15:59:30,943	WARNING worker.py:1422 -- SIGTERM handler is not set because current thread is not the main thread.
	Running DyStack sub-fit in a ray process to avoid memory leakage. Enabling ray logging (enable_ray_logging=True). Specify `ds_args={'enable_ray_logging': False}` if you experience logging issues.
2025-04-29 15:59:30,946	WARNING worker.py:1422 -- SIGTERM handler is not set because current thread is not the main thread.
	Running DyStack sub-fit in a ray process to avoid memory leakage. Enabling ray logging (enable_ray_logging=True). Specify `ds_args={'enable_ray_logging': False}` if you experience logging issues.
2025-04-29 15:59:30,950	WARNING worker.py:1422 -- SIGTERM handler is not set because current thread is not the main thread.
	Running DyStack sub-fit in a ray process to avoid memory leakage. Enabling ray logging (enable_ray_logging=True). Specify `ds_args={'enable_ray_logging': False}` if you experience logging issues.
2025-04-29 15:59:30,952	WARNING worker.py:1422 -- SIGTERM handler is not set because current thread is not the main thread.
	Running DyStack sub-fit in a ray process to avoid memory leakage. Enabling ray logging (enable_ray_logging=True). Specify `ds_args={'enable_ray_logging': False}` if you experience logging issues.
2025-04-29 15:59:30,955	WARNING worker.py:1422 -- SIGTERM handler is not set because current thread is not the main thread.
2025-04-29 16:00:33,741	INFO worker.py:1743 -- Started a local Ray instance. View the dashboard at [1m[32m127.0.0.1:8278 [39m[22m
2025-04-29 16:00:33,882	INFO worker.py:1743 -- Started a local Ray instance. View the dashboard at [1m[32m127.0.0.1:8278 [39m[22m
2025-04-29 16:00:33,906	INFO worker.py:1743 -- Started a local Ray instance. View the dashboard at [1m[32m127.0.0.1:8278 [39m[22m
2025-04-29 16:00:34,080	INFO worker.py:1743 -- Started a local Ray instance. View the dashboard at [1m[32m127.0.0.1:8278 [39m[22m
2025-04-29 16:01:00,941	INFO worker.py:1743 -- Started a local Ray instance. View the dashboard at [1m[32m127.0.0.1:8278 [39m[22m
[2025-04-29 16:01:01,426 C 1365365 1365428] core_worker_process.cc:29:  Check failed: !core_worker_process The process is already initialized for core worker.
*** StackTrace Information ***
/home/baderlab/mzarant/SignatureInference/.venv/lib/python3.10/site-packages/ray/_raylet.so(+0xfe543a) [0x7f266b1e743a] ray::operator<<()
/home/baderlab/mzarant/SignatureInference/.venv/lib/python3.10/site-packages/ray/_raylet.so(+0xfe6cf7) [0x7f266b1e8cf7] ray::SpdLogMessage::Flush()
/home/baderlab/mzarant/SignatureInference/.venv/lib/python3.10/site-packages/ray/_raylet.so(_ZN3ray6RayLogD1Ev+0x37) [0x7f266b1e9197] ray::RayLog::~RayLog()
/home/baderlab/mzarant/SignatureInference/.venv/lib/python3.10/site-packages/ray/_raylet.so(_ZN3ray4core17CoreWorkerProcess10InitializeERKNS0_17CoreWorkerOptionsE+0xb7) [0x7f266a99ad87] ray::core::CoreWorkerProcess::Initialize()
/home/baderlab/mzarant/SignatureInference/.venv/lib/python3.10/site-packages/ray/_raylet.so(+0x658aaf) [0x7f266a85aaaf] __pyx_pw_3ray_7_raylet_10CoreWorker_1__cinit__()
/home/baderlab/mzarant/SignatureInference/.venv/lib/python3.10/site-packages/ray/_raylet.so(+0x659d69) [0x7f266a85bd69] __pyx_tp_new_3ray_7_raylet_CoreWorker()
python(_PyObject_MakeTpCall+0x1d5) [0x56015ce33e75] _PyObject_MakeTpCall
python(_PyEval_EvalFrameDefault+0x51f6) [0x56015ce30176] _PyEval_EvalFrameDefault
python(_PyFunction_Vectorcall+0x6c) [0x56015ce3b0cc] _PyFunction_Vectorcall
python(_PyEval_EvalFrameDefault+0x133e) [0x56015ce2c2be] _PyEval_EvalFrameDefault
python(_PyFunction_Vectorcall+0x6c) [0x56015ce3b0cc] _PyFunction_Vectorcall
python(_PyEval_EvalFrameDefault+0x2d62) [0x56015ce2dce2] _PyEval_EvalFrameDefault
python(_PyFunction_Vectorcall+0x6c) [0x56015ce3b0cc] _PyFunction_Vectorcall
python(_PyEval_EvalFrameDefault+0x499f) [0x56015ce2f91f] _PyEval_EvalFrameDefault
python(+0x1474e2) [0x56015ce464e2] method_vectorcall
python(_PyEval_EvalFrameDefault+0x133e) [0x56015ce2c2be] _PyEval_EvalFrameDefault
python(+0x1474e2) [0x56015ce464e2] method_vectorcall
python(PyObject_Call+0xbc) [0x56015ce46e7c] PyObject_Call
python(_PyEval_EvalFrameDefault+0x2d62) [0x56015ce2dce2] _PyEval_EvalFrameDefault
python(_PyFunction_Vectorcall+0x6c) [0x56015ce3b0cc] _PyFunction_Vectorcall
python(PyObject_Call+0xbc) [0x56015ce46e7c] PyObject_Call
python(_PyEval_EvalFrameDefault+0x2d62) [0x56015ce2dce2] _PyEval_EvalFrameDefault
python(+0x1474e2) [0x56015ce464e2] method_vectorcall
python(PyObject_Call+0xbc) [0x56015ce46e7c] PyObject_Call
python(_PyEval_EvalFrameDefault+0x2d62) [0x56015ce2dce2] _PyEval_EvalFrameDefault
python(+0x1474e2) [0x56015ce464e2] method_vectorcall
python(_PyEval_EvalFrameDefault+0x133e) [0x56015ce2c2be] _PyEval_EvalFrameDefault
python(_PyFunction_Vectorcall+0x6c) [0x56015ce3b0cc] _PyFunction_Vectorcall
python(_PyEval_EvalFrameDefault+0x700) [0x56015ce2b680] _PyEval_EvalFrameDefault
python(+0x147638) [0x56015ce46638] method_vectorcall
python(_PyEval_EvalFrameDefault+0x2d62) [0x56015ce2dce2] _PyEval_EvalFrameDefault
python(_PyFunction_Vectorcall+0x6c) [0x56015ce3b0cc] _PyFunction_Vectorcall
python(_PyEval_EvalFrameDefault+0x700) [0x56015ce2b680] _PyEval_EvalFrameDefault
python(_PyFunction_Vectorcall+0x6c) [0x56015ce3b0cc] _PyFunction_Vectorcall
python(_PyEval_EvalFrameDefault+0x700) [0x56015ce2b680] _PyEval_EvalFrameDefault
python(+0x147764) [0x56015ce46764] method_vectorcall
python(+0x21c8b2) [0x56015cf1b8b2] thread_run
python(+0x21c814) [0x56015cf1b814] pythread_wrapper
/lib64/libc.so.6(+0x897e2) [0x7f27100897e2] start_thread
/lib64/libc.so.6(+0x10e800) [0x7f271010e800] __GI___clone3

