No path specified. Models will be saved in: "AutogluonModels/ag-20250416_154744-001"
No path specified. Models will be saved in: "AutogluonModels/ag-20250416_154744-002"
No path specified. Models will be saved in: "AutogluonModels/ag-20250416_154744-003"
No path specified. Models will be saved in: "AutogluonModels/ag-20250416_154744-004"
No path specified. Models will be saved in: "AutogluonModels/ag-20250416_154744-005"
No path specified. Models will be saved in: "AutogluonModels/ag-20250416_154744-006"
No path specified. Models will be saved in: "AutogluonModels/ag-20250416_154744-007"
No path specified. Models will be saved in: "AutogluonModels/ag-20250416_154744-008"
No path specified. Models will be saved in: "AutogluonModels/ag-20250416_154744-009"
No path specified. Models will be saved in: "AutogluonModels/ag-20250416_154744-010"
No path specified. Models will be saved in: "AutogluonModels/ag-20250416_154744-011"
No path specified. Models will be saved in: "AutogluonModels/ag-20250416_154745"
No path specified. Models will be saved in: "AutogluonModels/ag-20250416_154744-012"
No path specified. Models will be saved in: "AutogluonModels/ag-20250416_154744-013"
No path specified. Models will be saved in: "AutogluonModels/ag-20250416_154744-014"
No path specified. Models will be saved in: "AutogluonModels/ag-20250416_154750"
No path specified. Models will be saved in: "AutogluonModels/ag-20250416_154750-001"
No path specified. Models will be saved in: "AutogluonModels/ag-20250416_154750-002"
No path specified. Models will be saved in: "AutogluonModels/ag-20250416_154750-003"
No path specified. Models will be saved in: "AutogluonModels/ag-20250416_154750-004"
No path specified. Models will be saved in: "AutogluonModels/ag-20250416_154751"
No path specified. Models will be saved in: "AutogluonModels/ag-20250416_154751-001"
No path specified. Models will be saved in: "AutogluonModels/ag-20250416_154751-002"
No path specified. Models will be saved in: "AutogluonModels/ag-20250416_154751-003"
No path specified. Models will be saved in: "AutogluonModels/ag-20250416_154751-004"
No path specified. Models will be saved in: "AutogluonModels/ag-20250416_154751-005"
No path specified. Models will be saved in: "AutogluonModels/ag-20250416_154751-006"
No path specified. Models will be saved in: "AutogluonModels/ag-20250416_154751-007"
No path specified. Models will be saved in: "AutogluonModels/ag-20250416_154751-008"
No path specified. Models will be saved in: "AutogluonModels/ag-20250416_154751-009"
No path specified. Models will be saved in: "AutogluonModels/ag-20250416_154751-010"
/home/baderlab/mzarant/SignatureInference/scripts/EvaluationsRunner.py:106: DtypeWarning: Columns (15) have mixed types. Specify dtype option on import or set low_memory=False.
  run_sample_df = pd.read_csv(
No path specified. Models will be saved in: "AutogluonModels/ag-20250416_154756"
No path specified. Models will be saved in: "AutogluonModels/ag-20250416_154756-001"
No path specified. Models will be saved in: "AutogluonModels/ag-20250416_154757"
No path specified. Models will be saved in: "AutogluonModels/ag-20250416_154757-002"
No path specified. Models will be saved in: "AutogluonModels/ag-20250416_154757-001"
No path specified. Models will be saved in: "AutogluonModels/ag-20250416_154757-003"
No path specified. Models will be saved in: "AutogluonModels/ag-20250416_154757-004"
No path specified. Models will be saved in: "AutogluonModels/ag-20250416_154757-005"
No path specified. Models will be saved in: "AutogluonModels/ag-20250416_154757-006"
No path specified. Models will be saved in: "AutogluonModels/ag-20250416_154757-007"
No path specified. Models will be saved in: "AutogluonModels/ag-20250416_154757-008"
No path specified. Models will be saved in: "AutogluonModels/ag-20250416_154757-009"
No path specified. Models will be saved in: "AutogluonModels/ag-20250416_154757-010"
No path specified. Models will be saved in: "AutogluonModels/ag-20250416_154757-011"
No path specified. Models will be saved in: "AutogluonModels/ag-20250416_154757-012"
No path specified. Models will be saved in: "AutogluonModels/ag-20250416_154757-013"
No path specified. Models will be saved in: "AutogluonModels/ag-20250416_154802"
No path specified. Models will be saved in: "AutogluonModels/ag-20250416_154802-001"
No path specified. Models will be saved in: "AutogluonModels/ag-20250416_154802-002"
No path specified. Models will be saved in: "AutogluonModels/ag-20250416_154802-003"
No path specified. Models will be saved in: "AutogluonModels/ag-20250416_154802-004"
No path specified. Models will be saved in: "AutogluonModels/ag-20250416_154803"
No path specified. Models will be saved in: "AutogluonModels/ag-20250416_154803-001"
No path specified. Models will be saved in: "AutogluonModels/ag-20250416_154803-002"
No path specified. Models will be saved in: "AutogluonModels/ag-20250416_154803-003"
No path specified. Models will be saved in: "AutogluonModels/ag-20250416_154803-004"
No path specified. Models will be saved in: "AutogluonModels/ag-20250416_154803-005"
No path specified. Models will be saved in: "AutogluonModels/ag-20250416_154803-006"
No path specified. Models will be saved in: "AutogluonModels/ag-20250416_154803-007"
No path specified. Models will be saved in: "AutogluonModels/ag-20250416_154803-008"
No path specified. Models will be saved in: "AutogluonModels/ag-20250416_154803-009"
No path specified. Models will be saved in: "AutogluonModels/ag-20250416_154803-010"
No path specified. Models will be saved in: "AutogluonModels/ag-20250416_154808"
No path specified. Models will be saved in: "AutogluonModels/ag-20250416_154809"
No path specified. Models will be saved in: "AutogluonModels/ag-20250416_154809-001"
No path specified. Models will be saved in: "AutogluonModels/ag-20250416_154809-002"
No path specified. Models will be saved in: "AutogluonModels/ag-20250416_154809-003"
No path specified. Models will be saved in: "AutogluonModels/ag-20250416_154809-004"
No path specified. Models will be saved in: "AutogluonModels/ag-20250416_154809-005"
No path specified. Models will be saved in: "AutogluonModels/ag-20250416_154809-006"
No path specified. Models will be saved in: "AutogluonModels/ag-20250416_154810"
No path specified. Models will be saved in: "AutogluonModels/ag-20250416_154809-007"
No path specified. Models will be saved in: "AutogluonModels/ag-20250416_154810-001"
No path specified. Models will be saved in: "AutogluonModels/ag-20250416_154809-008"
No path specified. Models will be saved in: "AutogluonModels/ag-20250416_154810-002"
No path specified. Models will be saved in: "AutogluonModels/ag-20250416_154810-003"
No path specified. Models will be saved in: "AutogluonModels/ag-20250416_154810-004"
No path specified. Models will be saved in: "AutogluonModels/ag-20250416_154810-005"
No path specified. Models will be saved in: "AutogluonModels/ag-20250416_154815"
No path specified. Models will be saved in: "AutogluonModels/ag-20250416_154815-001"
No path specified. Models will be saved in: "AutogluonModels/ag-20250416_154815-002"
No path specified. Models will be saved in: "AutogluonModels/ag-20250416_154815-003"
No path specified. Models will be saved in: "AutogluonModels/ag-20250416_154816"
No path specified. Models will be saved in: "AutogluonModels/ag-20250416_154816-001"
No path specified. Models will be saved in: "AutogluonModels/ag-20250416_154816-002"
No path specified. Models will be saved in: "AutogluonModels/ag-20250416_154816-003"
No path specified. Models will be saved in: "AutogluonModels/ag-20250416_154816-004"
No path specified. Models will be saved in: "AutogluonModels/ag-20250416_154816-005"
No path specified. Models will be saved in: "AutogluonModels/ag-20250416_154816-006"
No path specified. Models will be saved in: "AutogluonModels/ag-20250416_154816-007"
No path specified. Models will be saved in: "AutogluonModels/ag-20250416_154816-008"
No path specified. Models will be saved in: "AutogluonModels/ag-20250416_154816-009"
No path specified. Models will be saved in: "AutogluonModels/ag-20250416_154816-010"
No path specified. Models will be saved in: "AutogluonModels/ag-20250416_154816-011"
No path specified. Models will be saved in: "AutogluonModels/ag-20250416_154821"
No path specified. Models will be saved in: "AutogluonModels/ag-20250416_154821-001"
No path specified. Models will be saved in: "AutogluonModels/ag-20250416_154821-002"
No path specified. Models will be saved in: "AutogluonModels/ag-20250416_154821-003"
No path specified. Models will be saved in: "AutogluonModels/ag-20250416_154822"
No path specified. Models will be saved in: "AutogluonModels/ag-20250416_154822-001"
No path specified. Models will be saved in: "AutogluonModels/ag-20250416_154822-003"
No path specified. Models will be saved in: "AutogluonModels/ag-20250416_154822-002"
No path specified. Models will be saved in: "AutogluonModels/ag-20250416_154822-004"
No path specified. Models will be saved in: "AutogluonModels/ag-20250416_154822-005"
No path specified. Models will be saved in: "AutogluonModels/ag-20250416_154822-006"
No path specified. Models will be saved in: "AutogluonModels/ag-20250416_154822-007"
No path specified. Models will be saved in: "AutogluonModels/ag-20250416_154822-008"
No path specified. Models will be saved in: "AutogluonModels/ag-20250416_154822-009"
No path specified. Models will be saved in: "AutogluonModels/ag-20250416_154822-010"
No path specified. Models will be saved in: "AutogluonModels/ag-20250416_154822-011"
No path specified. Models will be saved in: "AutogluonModels/ag-20250416_154828"
No path specified. Models will be saved in: "AutogluonModels/ag-20250416_154828-001"
No path specified. Models will be saved in: "AutogluonModels/ag-20250416_154828-002"
No path specified. Models will be saved in: "AutogluonModels/ag-20250416_154828-003"
No path specified. Models will be saved in: "AutogluonModels/ag-20250416_154828-004"
No path specified. Models will be saved in: "AutogluonModels/ag-20250416_154828-005"
No path specified. Models will be saved in: "AutogluonModels/ag-20250416_154828-006"
No path specified. Models will be saved in: "AutogluonModels/ag-20250416_154828-007"
No path specified. Models will be saved in: "AutogluonModels/ag-20250416_154828-008"
No path specified. Models will be saved in: "AutogluonModels/ag-20250416_154828-009"
No path specified. Models will be saved in: "AutogluonModels/ag-20250416_154828-010"
No path specified. Models will be saved in: "AutogluonModels/ag-20250416_154828-011"
No path specified. Models will be saved in: "AutogluonModels/ag-20250416_154828-012"
No path specified. Models will be saved in: "AutogluonModels/ag-20250416_154828-013"
No path specified. Models will be saved in: "AutogluonModels/ag-20250416_154828-014"
No path specified. Models will be saved in: "AutogluonModels/ag-20250416_154829"
No path specified. Models will be saved in: "AutogluonModels/ag-20250416_154833"
No path specified. Models will be saved in: "AutogluonModels/ag-20250416_154834"
No path specified. Models will be saved in: "AutogluonModels/ag-20250416_154834-001"
No path specified. Models will be saved in: "AutogluonModels/ag-20250416_154834-002"
No path specified. Models will be saved in: "AutogluonModels/ag-20250416_154834-003"
No path specified. Models will be saved in: "AutogluonModels/ag-20250416_154834-004"
No path specified. Models will be saved in: "AutogluonModels/ag-20250416_154834-005"
No path specified. Models will be saved in: "AutogluonModels/ag-20250416_154834-006"
No path specified. Models will be saved in: "AutogluonModels/ag-20250416_154834-007"
No path specified. Models will be saved in: "AutogluonModels/ag-20250416_154834-008"
No path specified. Models will be saved in: "AutogluonModels/ag-20250416_154834-009"
No path specified. Models will be saved in: "AutogluonModels/ag-20250416_154834-010"
No path specified. Models will be saved in: "AutogluonModels/ag-20250416_154834-011"
No path specified. Models will be saved in: "AutogluonModels/ag-20250416_154835"
No path specified. Models will be saved in: "AutogluonModels/ag-20250416_154835-001"
No path specified. Models will be saved in: "AutogluonModels/ag-20250416_154835-002"
No path specified. Models will be saved in: "AutogluonModels/ag-20250416_154840"
No path specified. Models will be saved in: "AutogluonModels/ag-20250416_154840-001"
No path specified. Models will be saved in: "AutogluonModels/ag-20250416_154840-002"
No path specified. Models will be saved in: "AutogluonModels/ag-20250416_154840-003"
No path specified. Models will be saved in: "AutogluonModels/ag-20250416_154840-004"
No path specified. Models will be saved in: "AutogluonModels/ag-20250416_154840-005"
No path specified. Models will be saved in: "AutogluonModels/ag-20250416_154840-006"
No path specified. Models will be saved in: "AutogluonModels/ag-20250416_154840-007"
No path specified. Models will be saved in: "AutogluonModels/ag-20250416_154841"
No path specified. Models will be saved in: "AutogluonModels/ag-20250416_154841-001"
No path specified. Models will be saved in: "AutogluonModels/ag-20250416_154841-002"
No path specified. Models will be saved in: "AutogluonModels/ag-20250416_154841-003"
No path specified. Models will be saved in: "AutogluonModels/ag-20250416_154841-004"
No path specified. Models will be saved in: "AutogluonModels/ag-20250416_154841-005"
No path specified. Models will be saved in: "AutogluonModels/ag-20250416_154841-006"
No path specified. Models will be saved in: "AutogluonModels/ag-20250416_154841-007"
No path specified. Models will be saved in: "AutogluonModels/ag-20250416_154846"
No path specified. Models will be saved in: "AutogluonModels/ag-20250416_154846-001"
No path specified. Models will be saved in: "AutogluonModels/ag-20250416_154846-002"
No path specified. Models will be saved in: "AutogluonModels/ag-20250416_154846-003"
No path specified. Models will be saved in: "AutogluonModels/ag-20250416_154846-004"
No path specified. Models will be saved in: "AutogluonModels/ag-20250416_154846-005"
No path specified. Models will be saved in: "AutogluonModels/ag-20250416_154846-006"
No path specified. Models will be saved in: "AutogluonModels/ag-20250416_154847"
No path specified. Models will be saved in: "AutogluonModels/ag-20250416_154847-001"
No path specified. Models will be saved in: "AutogluonModels/ag-20250416_154847-002"
No path specified. Models will be saved in: "AutogluonModels/ag-20250416_154847-003"
No path specified. Models will be saved in: "AutogluonModels/ag-20250416_154847-004"
No path specified. Models will be saved in: "AutogluonModels/ag-20250416_154847-005"
No path specified. Models will be saved in: "AutogluonModels/ag-20250416_154847-006"
No path specified. Models will be saved in: "AutogluonModels/ag-20250416_154847-007"
No path specified. Models will be saved in: "AutogluonModels/ag-20250416_154847-008"
No path specified. Models will be saved in: "AutogluonModels/ag-20250416_154852"
No path specified. Models will be saved in: "AutogluonModels/ag-20250416_154853"
No path specified. Models will be saved in: "AutogluonModels/ag-20250416_154853-001"
No path specified. Models will be saved in: "AutogluonModels/ag-20250416_154853-002"
No path specified. Models will be saved in: "AutogluonModels/ag-20250416_154853-003"
No path specified. Models will be saved in: "AutogluonModels/ag-20250416_154853-004"
No path specified. Models will be saved in: "AutogluonModels/ag-20250416_154853-005"
No path specified. Models will be saved in: "AutogluonModels/ag-20250416_154853-006"
No path specified. Models will be saved in: "AutogluonModels/ag-20250416_154853-007"
No path specified. Models will be saved in: "AutogluonModels/ag-20250416_154853-008"
No path specified. Models will be saved in: "AutogluonModels/ag-20250416_154853-009"
No path specified. Models will be saved in: "AutogluonModels/ag-20250416_154853-010"
No path specified. Models will be saved in: "AutogluonModels/ag-20250416_154853-011"
No path specified. Models will be saved in: "AutogluonModels/ag-20250416_154853-012"
No path specified. Models will be saved in: "AutogluonModels/ag-20250416_154854"
No path specified. Models will be saved in: "AutogluonModels/ag-20250416_154853-013"
No path specified. Models will be saved in: "AutogluonModels/ag-20250416_154858"
No path specified. Models will be saved in: "AutogluonModels/ag-20250416_154858-001"
No path specified. Models will be saved in: "AutogluonModels/ag-20250416_154859"
No path specified. Models will be saved in: "AutogluonModels/ag-20250416_154859-001"
No path specified. Models will be saved in: "AutogluonModels/ag-20250416_154859-002"
No path specified. Models will be saved in: "AutogluonModels/ag-20250416_154859-003"
No path specified. Models will be saved in: "AutogluonModels/ag-20250416_154859-004"
No path specified. Models will be saved in: "AutogluonModels/ag-20250416_154859-005"
No path specified. Models will be saved in: "AutogluonModels/ag-20250416_154900"
No path specified. Models will be saved in: "AutogluonModels/ag-20250416_154900-001"
No path specified. Models will be saved in: "AutogluonModels/ag-20250416_154859-006"
No path specified. Models will be saved in: "AutogluonModels/ag-20250416_154900-002"
No path specified. Models will be saved in: "AutogluonModels/ag-20250416_154900-003"
No path specified. Models will be saved in: "AutogluonModels/ag-20250416_154900-004"
No path specified. Models will be saved in: "AutogluonModels/ag-20250416_154900-005"
No path specified. Models will be saved in: "AutogluonModels/ag-20250416_154900-006"
No path specified. Models will be saved in: "AutogluonModels/ag-20250416_154905"
No path specified. Models will be saved in: "AutogluonModels/ag-20250416_154905-001"
No path specified. Models will be saved in: "AutogluonModels/ag-20250416_154905-002"
No path specified. Models will be saved in: "AutogluonModels/ag-20250416_154905-003"
No path specified. Models will be saved in: "AutogluonModels/ag-20250416_154905-004"
No path specified. Models will be saved in: "AutogluonModels/ag-20250416_154905-005"
No path specified. Models will be saved in: "AutogluonModels/ag-20250416_154905-006"
No path specified. Models will be saved in: "AutogluonModels/ag-20250416_154905-007"
No path specified. Models will be saved in: "AutogluonModels/ag-20250416_154906"
No path specified. Models will be saved in: "AutogluonModels/ag-20250416_154906-001"
No path specified. Models will be saved in: "AutogluonModels/ag-20250416_154906-002"
No path specified. Models will be saved in: "AutogluonModels/ag-20250416_154906-003"
No path specified. Models will be saved in: "AutogluonModels/ag-20250416_154906-004"
No path specified. Models will be saved in: "AutogluonModels/ag-20250416_154906-005"
No path specified. Models will be saved in: "AutogluonModels/ag-20250416_154906-006"
No path specified. Models will be saved in: "AutogluonModels/ag-20250416_154906-007"
slurmstepd: error: *** JOB 36902 ON dc01 CANCELLED AT 2025-04-16T11:49:09 ***
