Verbosity: 2 (Standard Logging)
Verbosity: 2 (Standard Logging)
=================== System Info ===================
AutoGluon Version:  1.2
Python Version:     3.10.15
Operating System:   Linux
Platform Machine:   x86_64
Platform Version:   #1 SMP PREEMPT_DYNAMIC Thu Apr 3 12:12:16 UTC 2025
CPU Count:          272
Memory Avail:       198.76 GB / 203.90 GB (97.5%)
Disk Space Avail:   1289.04 GB / 5026.96 GB (25.6%)
===================================================
Verbosity: 2 (Standard Logging)
Presets specified: ['medium_quality']
=================== System Info ===================
AutoGluon Version:  1.2
Python Version:     3.10.15
Operating System:   Linux
Platform Machine:   x86_64
Platform Version:   #1 SMP PREEMPT_DYNAMIC Thu Apr 3 12:12:16 UTC 2025
CPU Count:          272
Memory Avail:       198.74 GB / 203.90 GB (97.5%)
Disk Space Avail:   1289.04 GB / 5026.96 GB (25.6%)
===================================================
Presets specified: ['medium_quality']
=================== System Info ===================
AutoGluon Version:  1.2
Python Version:     3.10.15
Operating System:   Linux
Platform Machine:   x86_64
Platform Version:   #1 SMP PREEMPT_DYNAMIC Thu Apr 3 12:12:16 UTC 2025
CPU Count:          272
Memory Avail:       198.72 GB / 203.90 GB (97.5%)
Disk Space Avail:   1289.04 GB / 5026.96 GB (25.6%)
===================================================
Verbosity: 2 (Standard Logging)
Presets specified: ['medium_quality']
Verbosity: 2 (Standard Logging)
Verbosity: 2 (Standard Logging)
Verbosity: 2 (Standard Logging)
=================== System Info ===================
AutoGluon Version:  1.2
Python Version:     3.10.15
Operating System:   Linux
Platform Machine:   x86_64
Platform Version:   #1 SMP PREEMPT_DYNAMIC Thu Apr 3 12:12:16 UTC 2025
CPU Count:          272
Memory Avail:       198.68 GB / 203.90 GB (97.4%)
Disk Space Avail:   1289.04 GB / 5026.96 GB (25.6%)
===================================================
Presets specified: ['medium_quality']
=================== System Info ===================
AutoGluon Version:  1.2
Python Version:     3.10.15
Operating System:   Linux
Platform Machine:   x86_64
Platform Version:   #1 SMP PREEMPT_DYNAMIC Thu Apr 3 12:12:16 UTC 2025
CPU Count:          272
Memory Avail:       198.65 GB / 203.90 GB (97.4%)
Disk Space Avail:   1289.04 GB / 5026.96 GB (25.6%)
===================================================
Verbosity: 2 (Standard Logging)
=================== System Info ===================
AutoGluon Version:  1.2
Python Version:     3.10.15
Operating System:   Linux
Platform Machine:   x86_64
Platform Version:   #1 SMP PREEMPT_DYNAMIC Thu Apr 3 12:12:16 UTC 2025
CPU Count:          272
Memory Avail:       198.65 GB / 203.90 GB (97.4%)
Disk Space Avail:   1289.04 GB / 5026.96 GB (25.6%)
===================================================
Presets specified: ['medium_quality']
Presets specified: ['medium_quality']
=================== System Info ===================
AutoGluon Version:  1.2
Python Version:     3.10.15
Operating System:   Linux
Platform Machine:   x86_64
Platform Version:   #1 SMP PREEMPT_DYNAMIC Thu Apr 3 12:12:16 UTC 2025
CPU Count:          272
Memory Avail:       198.64 GB / 203.90 GB (97.4%)
Disk Space Avail:   1289.04 GB / 5026.96 GB (25.6%)
===================================================
=================== System Info ===================
AutoGluon Version:  1.2
Python Version:     3.10.15
Operating System:   Linux
Platform Machine:   x86_64
Platform Version:   #1 SMP PREEMPT_DYNAMIC Thu Apr 3 12:12:16 UTC 2025
CPU Count:          272
Memory Avail:       198.63 GB / 203.90 GB (97.4%)
Disk Space Avail:   1289.04 GB / 5026.96 GB (25.6%)
===================================================
Presets specified: ['medium_quality']
Verbosity: 2 (Standard Logging)
Presets specified: ['medium_quality']
Verbosity: 2 (Standard Logging)
=================== System Info ===================
AutoGluon Version:  1.2
Python Version:     3.10.15
Operating System:   Linux
Platform Machine:   x86_64
Platform Version:   #1 SMP PREEMPT_DYNAMIC Thu Apr 3 12:12:16 UTC 2025
CPU Count:          272
Memory Avail:       198.59 GB / 203.90 GB (97.4%)
Disk Space Avail:   1289.04 GB / 5026.96 GB (25.6%)
===================================================
Verbosity: 2 (Standard Logging)
Presets specified: ['medium_quality']
=================== System Info ===================
AutoGluon Version:  1.2
Python Version:     3.10.15
Operating System:   Linux
Platform Machine:   x86_64
Platform Version:   #1 SMP PREEMPT_DYNAMIC Thu Apr 3 12:12:16 UTC 2025
CPU Count:          272
Memory Avail:       198.58 GB / 203.90 GB (97.4%)
Disk Space Avail:   1289.04 GB / 5026.96 GB (25.6%)
===================================================
Presets specified: ['medium_quality']
Verbosity: 2 (Standard Logging)
=================== System Info ===================
AutoGluon Version:  1.2
Python Version:     3.10.15
Operating System:   Linux
Platform Machine:   x86_64
Platform Version:   #1 SMP PREEMPT_DYNAMIC Thu Apr 3 12:12:16 UTC 2025
CPU Count:          272
Memory Avail:       198.57 GB / 203.90 GB (97.4%)
Disk Space Avail:   1289.04 GB / 5026.96 GB (25.6%)
===================================================
Presets specified: ['medium_quality']
=================== System Info ===================
AutoGluon Version:  1.2
Python Version:     3.10.15
Operating System:   Linux
Platform Machine:   x86_64
Platform Version:   #1 SMP PREEMPT_DYNAMIC Thu Apr 3 12:12:16 UTC 2025
CPU Count:          272
Memory Avail:       198.57 GB / 203.90 GB (97.4%)
Disk Space Avail:   1289.04 GB / 5026.96 GB (25.6%)
===================================================
Presets specified: ['medium_quality']
Verbosity: 2 (Standard Logging)
=================== System Info ===================
AutoGluon Version:  1.2
Python Version:     3.10.15
Operating System:   Linux
Platform Machine:   x86_64
Platform Version:   #1 SMP PREEMPT_DYNAMIC Thu Apr 3 12:12:16 UTC 2025
CPU Count:          272
Memory Avail:       198.54 GB / 203.90 GB (97.4%)
Disk Space Avail:   1289.04 GB / 5026.96 GB (25.6%)
===================================================
Presets specified: ['medium_quality']
Verbosity: 2 (Standard Logging)
Verbosity: 2 (Standard Logging)
=================== System Info ===================
AutoGluon Version:  1.2
Python Version:     3.10.15
Operating System:   Linux
Platform Machine:   x86_64
Platform Version:   #1 SMP PREEMPT_DYNAMIC Thu Apr 3 12:12:16 UTC 2025
CPU Count:          272
Memory Avail:       198.51 GB / 203.90 GB (97.4%)
Disk Space Avail:   1289.04 GB / 5026.96 GB (25.6%)
===================================================
Presets specified: ['medium_quality']
=================== System Info ===================
AutoGluon Version:  1.2
Python Version:     3.10.15
Operating System:   Linux
Platform Machine:   x86_64
Platform Version:   #1 SMP PREEMPT_DYNAMIC Thu Apr 3 12:12:16 UTC 2025
CPU Count:          272
Memory Avail:       198.51 GB / 203.90 GB (97.4%)
Disk Space Avail:   1289.04 GB / 5026.96 GB (25.6%)
===================================================
Presets specified: ['medium_quality']
Verbosity: 2 (Standard Logging)
=================== System Info ===================
AutoGluon Version:  1.2
Python Version:     3.10.15
Operating System:   Linux
Platform Machine:   x86_64
Platform Version:   #1 SMP PREEMPT_DYNAMIC Thu Apr 3 12:12:16 UTC 2025
CPU Count:          272
Memory Avail:       198.49 GB / 203.90 GB (97.3%)
Disk Space Avail:   1289.04 GB / 5026.96 GB (25.6%)
===================================================
Presets specified: ['medium_quality']
Beginning AutoGluon training ... Time limit = 320s
AutoGluon will save models to "/home/baderlab/mzarant/SignatureInference/models/default_uncorrelated/Predictior-0.5-2645705/Predictor_S1 (SBS1 - 0.99)"
Train Data Rows:    14495
Train Data Columns: 96
Beginning AutoGluon training ... Time limit = 320s
Label Column:       S1 (SBS1 - 0.99)
Beginning AutoGluon training ... Time limit = 320s
Beginning AutoGluon training ... Time limit = 320s
AutoGluon will save models to "/home/baderlab/mzarant/SignatureInference/models/default_uncorrelated/Predictior-0.2-7500150/Predictor_S1 (SBS1 - 0.99)"
Beginning AutoGluon training ... Time limit = 320s
Beginning AutoGluon training ... Time limit = 320s
Problem Type:       binary
Beginning AutoGluon training ... Time limit = 320s
AutoGluon will save models to "/home/baderlab/mzarant/SignatureInference/models/default_uncorrelated/Predictior-0.1-3339493/Predictor_S1 (SBS1 - 0.99)"
Beginning AutoGluon training ... Time limit = 320s
Beginning AutoGluon training ... Time limit = 320s
Beginning AutoGluon training ... Time limit = 320s
AutoGluon will save models to "/home/baderlab/mzarant/SignatureInference/models/default_uncorrelated/Predictior-0.15-1841747/Predictor_S1 (SBS1 - 0.99)"
Beginning AutoGluon training ... Time limit = 320s
Train Data Rows:    14495
Beginning AutoGluon training ... Time limit = 320s
Beginning AutoGluon training ... Time limit = 320s
Beginning AutoGluon training ... Time limit = 320s
Beginning AutoGluon training ... Time limit = 320s
AutoGluon will save models to "/home/baderlab/mzarant/SignatureInference/models/default_uncorrelated/Predictior-0.7-5437491/Predictor_S1 (SBS1 - 0.99)"
AutoGluon will save models to "/home/baderlab/mzarant/SignatureInference/models/default_uncorrelated/Predictior-0.02-5592827/Predictor_S1 (SBS1 - 0.99)"
Preprocessing data ...
AutoGluon will save models to "/home/baderlab/mzarant/SignatureInference/models/default_uncorrelated/Predictior-0.01-1398276/Predictor_S1 (SBS1 - 0.99)"
Beginning AutoGluon training ... Time limit = 320s
Train Data Rows:    14495
AutoGluon will save models to "/home/baderlab/mzarant/SignatureInference/models/default_uncorrelated/Predictior-0.9-5990119/Predictor_S1 (SBS1 - 0.99)"
AutoGluon will save models to "/home/baderlab/mzarant/SignatureInference/models/default_uncorrelated/Predictior-0.03-7982502/Predictor_S1 (SBS1 - 0.99)"
AutoGluon will save models to "/home/baderlab/mzarant/SignatureInference/models/default_uncorrelated/Predictior-1-7815997/Predictor_S1 (SBS1 - 0.99)"
Train Data Rows:    14495
AutoGluon will save models to "/home/baderlab/mzarant/SignatureInference/models/default_uncorrelated/Predictior-0.04-6006451/Predictor_S1 (SBS1 - 0.99)"
Train Data Columns: 96
AutoGluon will save models to "/home/baderlab/mzarant/SignatureInference/models/default_uncorrelated/Predictior-0.05-1212750/Predictor_S1 (SBS1 - 0.99)"
AutoGluon will save models to "/home/baderlab/mzarant/SignatureInference/models/default_uncorrelated/Predictior-0.6-4989064/Predictor_S1 (SBS1 - 0.99)"
AutoGluon will save models to "/home/baderlab/mzarant/SignatureInference/models/default_uncorrelated/Predictior-0.4-7106341/Predictor_S1 (SBS1 - 0.99)"
AutoGluon will save models to "/home/baderlab/mzarant/SignatureInference/models/default_uncorrelated/Predictior-0.8-9322129/Predictor_S1 (SBS1 - 0.99)"
Train Data Rows:    14495
Train Data Rows:    14495
Train Data Rows:    14495
AutoGluon will save models to "/home/baderlab/mzarant/SignatureInference/models/default_uncorrelated/Predictior-0.3-756071/Predictor_S1 (SBS1 - 0.99)"
Train Data Columns: 96
Train Data Rows:    14495
Train Data Rows:    14495
Train Data Rows:    14495
Train Data Columns: 96
Train Data Rows:    14495
Label Column:       S1 (SBS1 - 0.99)
Train Data Rows:    14495
Train Data Rows:    14495
Train Data Rows:    14495
Train Data Rows:    14495
Train Data Columns: 96
Train Data Columns: 96
Train Data Columns: 96
Train Data Rows:    14495
Label Column:       S1 (SBS1 - 0.99)
Train Data Columns: 96
Train Data Columns: 96
Train Data Columns: 96
Label Column:       S1 (SBS1 - 0.99)
Train Data Columns: 96
Problem Type:       binary
Train Data Columns: 96
Train Data Columns: 96
Train Data Columns: 96
Train Data Columns: 96
Label Column:       S1 (SBS1 - 0.99)
Label Column:       S1 (SBS1 - 0.99)
Label Column:       S1 (SBS1 - 0.99)
Train Data Columns: 96
Problem Type:       binary
Label Column:       S1 (SBS1 - 0.99)
Selected class <--> label mapping:  class 1 = True, class 0 = False
Label Column:       S1 (SBS1 - 0.99)
Label Column:       S1 (SBS1 - 0.99)
Problem Type:       binary
Label Column:       S1 (SBS1 - 0.99)
Preprocessing data ...
Label Column:       S1 (SBS1 - 0.99)
Label Column:       S1 (SBS1 - 0.99)
Label Column:       S1 (SBS1 - 0.99)
Label Column:       S1 (SBS1 - 0.99)
Problem Type:       binary
Problem Type:       binary
Problem Type:       binary
Label Column:       S1 (SBS1 - 0.99)
Preprocessing data ...
Problem Type:       binary
Problem Type:       binary
Problem Type:       binary
Preprocessing data ...
Problem Type:       binary
Using Feature Generators to preprocess the data ...
Problem Type:       binary
Problem Type:       binary
Problem Type:       binary
Problem Type:       binary
Preprocessing data ...
Preprocessing data ...
Preprocessing data ...
Problem Type:       binary
Preprocessing data ...
Preprocessing data ...
Preprocessing data ...
Preprocessing data ...
Fitting AutoMLPipelineFeatureGenerator...
Selected class <--> label mapping:  class 1 = True, class 0 = False
Preprocessing data ...
Selected class <--> label mapping:  class 1 = True, class 0 = False
Preprocessing data ...
Preprocessing data ...
Preprocessing data ...
Preprocessing data ...
Selected class <--> label mapping:  class 1 = True, class 0 = False
Selected class <--> label mapping:  class 1 = True, class 0 = False
Selected class <--> label mapping:  class 1 = True, class 0 = False
Selected class <--> label mapping:  class 1 = True, class 0 = False
Selected class <--> label mapping:  class 1 = True, class 0 = False
Selected class <--> label mapping:  class 1 = True, class 0 = False
Using Feature Generators to preprocess the data ...
Selected class <--> label mapping:  class 1 = True, class 0 = False
Selected class <--> label mapping:  class 1 = True, class 0 = False
Using Feature Generators to preprocess the data ...
	Available Memory:                    203114.54 MB
Selected class <--> label mapping:  class 1 = True, class 0 = False
Using Feature Generators to preprocess the data ...
Using Feature Generators to preprocess the data ...
Using Feature Generators to preprocess the data ...
Using Feature Generators to preprocess the data ...
Selected class <--> label mapping:  class 1 = True, class 0 = False
Fitting AutoMLPipelineFeatureGenerator...
Using Feature Generators to preprocess the data ...
Using Feature Generators to preprocess the data ...
Selected class <--> label mapping:  class 1 = True, class 0 = False
Using Feature Generators to preprocess the data ...
Selected class <--> label mapping:  class 1 = True, class 0 = False
Fitting AutoMLPipelineFeatureGenerator...
Selected class <--> label mapping:  class 1 = True, class 0 = False
	Train Data (Original)  Memory Usage: 10.62 MB (0.0% of available memory)
Using Feature Generators to preprocess the data ...
Fitting AutoMLPipelineFeatureGenerator...
Fitting AutoMLPipelineFeatureGenerator...
Using Feature Generators to preprocess the data ...
Fitting AutoMLPipelineFeatureGenerator...
Fitting AutoMLPipelineFeatureGenerator...
Using Feature Generators to preprocess the data ...
Fitting AutoMLPipelineFeatureGenerator...
Fitting AutoMLPipelineFeatureGenerator...
Fitting AutoMLPipelineFeatureGenerator...
Using Feature Generators to preprocess the data ...
Using Feature Generators to preprocess the data ...
	Available Memory:                    203119.79 MB
	Inferring data type of each feature based on column values. Set feature_metadata_in to manually specify special dtypes of the features.
Using Feature Generators to preprocess the data ...
Fitting AutoMLPipelineFeatureGenerator...
	Available Memory:                    203118.14 MB
Fitting AutoMLPipelineFeatureGenerator...
Fitting AutoMLPipelineFeatureGenerator...
	Available Memory:                    203114.03 MB
	Available Memory:                    203114.03 MB
	Available Memory:                    203090.41 MB
	Available Memory:                    203090.41 MB
Fitting AutoMLPipelineFeatureGenerator...
Fitting AutoMLPipelineFeatureGenerator...
	Train Data (Original)  Memory Usage: 10.62 MB (0.0% of available memory)
	Available Memory:                    203090.41 MB
Fitting AutoMLPipelineFeatureGenerator...
	Train Data (Original)  Memory Usage: 10.62 MB (0.0% of available memory)
	Available Memory:                    203058.54 MB
	Available Memory:                    203066.41 MB
	Available Memory:                    203046.73 MB
	Train Data (Original)  Memory Usage: 10.62 MB (0.0% of available memory)
	Train Data (Original)  Memory Usage: 10.62 MB (0.0% of available memory)
	Available Memory:                    203046.73 MB
	Train Data (Original)  Memory Usage: 10.62 MB (0.0% of available memory)
	Train Data (Original)  Memory Usage: 10.62 MB (0.0% of available memory)
	Available Memory:                    203046.73 MB
	Inferring data type of each feature based on column values. Set feature_metadata_in to manually specify special dtypes of the features.
	Train Data (Original)  Memory Usage: 10.62 MB (0.0% of available memory)
	Available Memory:                    203030.98 MB
	Available Memory:                    203030.98 MB
	Train Data (Original)  Memory Usage: 10.62 MB (0.0% of available memory)
	Inferring data type of each feature based on column values. Set feature_metadata_in to manually specify special dtypes of the features.
	Train Data (Original)  Memory Usage: 10.62 MB (0.0% of available memory)
	Train Data (Original)  Memory Usage: 10.62 MB (0.0% of available memory)
	Inferring data type of each feature based on column values. Set feature_metadata_in to manually specify special dtypes of the features.
	Train Data (Original)  Memory Usage: 10.62 MB (0.0% of available memory)
	Available Memory:                    203030.98 MB
	Inferring data type of each feature based on column values. Set feature_metadata_in to manually specify special dtypes of the features.
	Inferring data type of each feature based on column values. Set feature_metadata_in to manually specify special dtypes of the features.
	Train Data (Original)  Memory Usage: 10.62 MB (0.0% of available memory)
	Inferring data type of each feature based on column values. Set feature_metadata_in to manually specify special dtypes of the features.
	Inferring data type of each feature based on column values. Set feature_metadata_in to manually specify special dtypes of the features.
	Train Data (Original)  Memory Usage: 10.62 MB (0.0% of available memory)
	Train Data (Original)  Memory Usage: 10.62 MB (0.0% of available memory)
	Inferring data type of each feature based on column values. Set feature_metadata_in to manually specify special dtypes of the features.
	Inferring data type of each feature based on column values. Set feature_metadata_in to manually specify special dtypes of the features.
	Inferring data type of each feature based on column values. Set feature_metadata_in to manually specify special dtypes of the features.
	Inferring data type of each feature based on column values. Set feature_metadata_in to manually specify special dtypes of the features.
	Train Data (Original)  Memory Usage: 10.62 MB (0.0% of available memory)
	Inferring data type of each feature based on column values. Set feature_metadata_in to manually specify special dtypes of the features.
	Inferring data type of each feature based on column values. Set feature_metadata_in to manually specify special dtypes of the features.
	Inferring data type of each feature based on column values. Set feature_metadata_in to manually specify special dtypes of the features.
	Inferring data type of each feature based on column values. Set feature_metadata_in to manually specify special dtypes of the features.
	Stage 1 Generators:
	Stage 1 Generators:
		Fitting AsTypeFeatureGenerator...
		Fitting AsTypeFeatureGenerator...
	Stage 1 Generators:
		Fitting AsTypeFeatureGenerator...
	Stage 1 Generators:
		Fitting AsTypeFeatureGenerator...
	Stage 1 Generators:
		Fitting AsTypeFeatureGenerator...
	Stage 1 Generators:
	Stage 1 Generators:
		Fitting AsTypeFeatureGenerator...
		Fitting AsTypeFeatureGenerator...
	Stage 1 Generators:
		Fitting AsTypeFeatureGenerator...
	Stage 2 Generators:
		Fitting FillNaFeatureGenerator...
	Stage 3 Generators:
		Fitting IdentityFeatureGenerator...
	Stage 1 Generators:
		Fitting AsTypeFeatureGenerator...
	Stage 2 Generators:
		Fitting FillNaFeatureGenerator...
	Stage 4 Generators:
	Stage 2 Generators:
		Fitting DropUniqueFeatureGenerator...
	Stage 3 Generators:
		Fitting FillNaFeatureGenerator...
	Stage 2 Generators:
	Stage 1 Generators:
	Stage 1 Generators:
		Fitting IdentityFeatureGenerator...
		Fitting FillNaFeatureGenerator...
		Fitting AsTypeFeatureGenerator...
	Stage 2 Generators:
		Fitting AsTypeFeatureGenerator...
	Stage 2 Generators:
	Stage 3 Generators:
		Fitting FillNaFeatureGenerator...
	Stage 2 Generators:
	Stage 4 Generators:
	Stage 3 Generators:
	Stage 2 Generators:
		Fitting FillNaFeatureGenerator...
		Fitting IdentityFeatureGenerator...
		Fitting FillNaFeatureGenerator...
		Fitting DropUniqueFeatureGenerator...
		Fitting IdentityFeatureGenerator...
	Stage 3 Generators:
		Fitting FillNaFeatureGenerator...
	Stage 1 Generators:
	Stage 2 Generators:
	Stage 4 Generators:
		Fitting IdentityFeatureGenerator...
	Stage 1 Generators:
		Fitting AsTypeFeatureGenerator...
	Stage 3 Generators:
	Stage 3 Generators:
	Stage 3 Generators:
	Stage 1 Generators:
	Stage 4 Generators:
	Stage 1 Generators:
		Fitting FillNaFeatureGenerator...
		Fitting DropUniqueFeatureGenerator...
		Fitting AsTypeFeatureGenerator...
		Fitting IdentityFeatureGenerator...
	Stage 1 Generators:
	Stage 2 Generators:
		Fitting IdentityFeatureGenerator...
		Fitting IdentityFeatureGenerator...
	Stage 4 Generators:
		Fitting AsTypeFeatureGenerator...
		Fitting DropUniqueFeatureGenerator...
		Fitting AsTypeFeatureGenerator...
	Stage 2 Generators:
	Stage 3 Generators:
		Fitting AsTypeFeatureGenerator...
		Fitting FillNaFeatureGenerator...
	Stage 4 Generators:
		Fitting DropUniqueFeatureGenerator...
		Fitting FillNaFeatureGenerator...
	Stage 4 Generators:
		Fitting IdentityFeatureGenerator...
		Fitting DropUniqueFeatureGenerator...
	Stage 4 Generators:
		Fitting DropUniqueFeatureGenerator...
	Stage 3 Generators:
	Stage 3 Generators:
	Stage 5 Generators:
		Fitting DropUniqueFeatureGenerator...
		Fitting IdentityFeatureGenerator...
		Fitting IdentityFeatureGenerator...
	Stage 4 Generators:
	Stage 2 Generators:
		Fitting DropDuplicatesFeatureGenerator...
		Fitting DropUniqueFeatureGenerator...
		Fitting FillNaFeatureGenerator...
	Stage 4 Generators:
	Stage 4 Generators:
	Stage 2 Generators:
	Stage 2 Generators:
		Fitting DropUniqueFeatureGenerator...
		Fitting DropUniqueFeatureGenerator...
		Fitting FillNaFeatureGenerator...
	Stage 3 Generators:
		Fitting FillNaFeatureGenerator...
	Stage 2 Generators:
	Stage 2 Generators:
		Fitting IdentityFeatureGenerator...
		Fitting FillNaFeatureGenerator...
	Stage 3 Generators:
		Fitting FillNaFeatureGenerator...
	Stage 3 Generators:
		Fitting IdentityFeatureGenerator...
	Stage 4 Generators:
		Fitting IdentityFeatureGenerator...
	Stage 3 Generators:
		Fitting DropUniqueFeatureGenerator...
	Stage 3 Generators:
		Fitting IdentityFeatureGenerator...
	Stage 4 Generators:
		Fitting IdentityFeatureGenerator...
	Stage 4 Generators:
		Fitting DropUniqueFeatureGenerator...
		Fitting DropUniqueFeatureGenerator...
	Stage 4 Generators:
		Fitting DropUniqueFeatureGenerator...
	Stage 4 Generators:
		Fitting DropUniqueFeatureGenerator...
	Stage 5 Generators:
		Fitting DropDuplicatesFeatureGenerator...
	Stage 5 Generators:
		Fitting DropDuplicatesFeatureGenerator...
	Stage 5 Generators:
		Fitting DropDuplicatesFeatureGenerator...
	Stage 5 Generators:
		Fitting DropDuplicatesFeatureGenerator...
	Stage 5 Generators:
		Fitting DropDuplicatesFeatureGenerator...
	Types of features in original data (raw dtype, special dtypes):
		('int', []) : 96 | ['A[C>A]A', 'A[C>A]C', 'A[C>A]G', 'A[C>A]T', 'A[C>G]A', ...]
	Types of features in processed data (raw dtype, special dtypes):
		('int', []) : 96 | ['A[C>A]A', 'A[C>A]C', 'A[C>A]G', 'A[C>A]T', 'A[C>G]A', ...]
	13.5s = Fit runtime
	96 features in original data used to generate 96 features in processed data.
	Types of features in original data (raw dtype, special dtypes):
		('int', []) : 96 | ['A[C>A]A', 'A[C>A]C', 'A[C>A]G', 'A[C>A]T', 'A[C>G]A', ...]
	Types of features in processed data (raw dtype, special dtypes):
		('int', []) : 96 | ['A[C>A]A', 'A[C>A]C', 'A[C>A]G', 'A[C>A]T', 'A[C>G]A', ...]
	13.5s = Fit runtime
	96 features in original data used to generate 96 features in processed data.
	Types of features in original data (raw dtype, special dtypes):
		('int', []) : 96 | ['A[C>A]A', 'A[C>A]C', 'A[C>A]G', 'A[C>A]T', 'A[C>G]A', ...]
	Types of features in processed data (raw dtype, special dtypes):
		('int', []) : 96 | ['A[C>A]A', 'A[C>A]C', 'A[C>A]G', 'A[C>A]T', 'A[C>G]A', ...]
	14.3s = Fit runtime
	Train Data (Processed) Memory Usage: 10.62 MB (0.0% of available memory)
	96 features in original data used to generate 96 features in processed data.
	Train Data (Processed) Memory Usage: 10.62 MB (0.0% of available memory)
Data preprocessing and feature engineering runtime = 14.81s ...
AutoGluon will gauge predictive performance using evaluation metric: 'accuracy'
Data preprocessing and feature engineering runtime = 14.87s ...
	To change this, specify the eval_metric parameter of Predictor()
	Stage 5 Generators:
AutoGluon will gauge predictive performance using evaluation metric: 'accuracy'
		Fitting DropDuplicatesFeatureGenerator...
	To change this, specify the eval_metric parameter of Predictor()
	Stage 5 Generators:
	Train Data (Processed) Memory Usage: 10.62 MB (0.0% of available memory)
		Fitting DropDuplicatesFeatureGenerator...
Data preprocessing and feature engineering runtime = 15.68s ...
AutoGluon will gauge predictive performance using evaluation metric: 'accuracy'
	To change this, specify the eval_metric parameter of Predictor()
	Stage 5 Generators:
	Stage 5 Generators:
		Fitting DropDuplicatesFeatureGenerator...
		Fitting DropDuplicatesFeatureGenerator...
Automatically generating train/validation split with holdout_frac=0.1, Train Rows: 13045, Val Rows: 1450
	Types of features in original data (raw dtype, special dtypes):
Automatically generating train/validation split with holdout_frac=0.1, Train Rows: 13045, Val Rows: 1450
User-specified model hyperparameters to be fit:
{
	'NN_TORCH': [{}],
	'GBM': [{'extra_trees': True, 'ag_args': {'name_suffix': 'XT'}}, {}, {'learning_rate': 0.03, 'num_leaves': 128, 'feature_fraction': 0.9, 'min_data_in_leaf': 3, 'ag_args': {'name_suffix': 'Large', 'priority': 0, 'hyperparameter_tune_kwargs': None}}],
	'CAT': [{}],
	'XGB': [{}],
	'FASTAI': [{}],
	'RF': [{'criterion': 'gini', 'ag_args': {'name_suffix': 'Gini', 'problem_types': ['binary', 'multiclass']}}, {'criterion': 'entropy', 'ag_args': {'name_suffix': 'Entr', 'problem_types': ['binary', 'multiclass']}}, {'criterion': 'squared_error', 'ag_args': {'name_suffix': 'MSE', 'problem_types': ['regression', 'quantile']}}],
	'XT': [{'criterion': 'gini', 'ag_args': {'name_suffix': 'Gini', 'problem_types': ['binary', 'multiclass']}}, {'criterion': 'entropy', 'ag_args': {'name_suffix': 'Entr', 'problem_types': ['binary', 'multiclass']}}, {'criterion': 'squared_error', 'ag_args': {'name_suffix': 'MSE', 'problem_types': ['regression', 'quantile']}}],
	'KNN': [{'weights': 'uniform', 'ag_args': {'name_suffix': 'Unif'}}, {'weights': 'distance', 'ag_args': {'name_suffix': 'Dist'}}],
}
		('int', []) : 96 | ['A[C>A]A', 'A[C>A]C', 'A[C>A]G', 'A[C>A]T', 'A[C>G]A', ...]
	Types of features in original data (raw dtype, special dtypes):
User-specified model hyperparameters to be fit:
{
	'NN_TORCH': [{}],
	'GBM': [{'extra_trees': True, 'ag_args': {'name_suffix': 'XT'}}, {}, {'learning_rate': 0.03, 'num_leaves': 128, 'feature_fraction': 0.9, 'min_data_in_leaf': 3, 'ag_args': {'name_suffix': 'Large', 'priority': 0, 'hyperparameter_tune_kwargs': None}}],
	'CAT': [{}],
	'XGB': [{}],
	'FASTAI': [{}],
	'RF': [{'criterion': 'gini', 'ag_args': {'name_suffix': 'Gini', 'problem_types': ['binary', 'multiclass']}}, {'criterion': 'entropy', 'ag_args': {'name_suffix': 'Entr', 'problem_types': ['binary', 'multiclass']}}, {'criterion': 'squared_error', 'ag_args': {'name_suffix': 'MSE', 'problem_types': ['regression', 'quantile']}}],
	'XT': [{'criterion': 'gini', 'ag_args': {'name_suffix': 'Gini', 'problem_types': ['binary', 'multiclass']}}, {'criterion': 'entropy', 'ag_args': {'name_suffix': 'Entr', 'problem_types': ['binary', 'multiclass']}}, {'criterion': 'squared_error', 'ag_args': {'name_suffix': 'MSE', 'problem_types': ['regression', 'quantile']}}],
	'KNN': [{'weights': 'uniform', 'ag_args': {'name_suffix': 'Unif'}}, {'weights': 'distance', 'ag_args': {'name_suffix': 'Dist'}}],
}
	Stage 5 Generators:
Automatically generating train/validation split with holdout_frac=0.1, Train Rows: 13045, Val Rows: 1450
	Types of features in processed data (raw dtype, special dtypes):
		('int', []) : 96 | ['A[C>A]A', 'A[C>A]C', 'A[C>A]G', 'A[C>A]T', 'A[C>G]A', ...]
	Types of features in original data (raw dtype, special dtypes):
		Fitting DropDuplicatesFeatureGenerator...
User-specified model hyperparameters to be fit:
{
	'NN_TORCH': [{}],
	'GBM': [{'extra_trees': True, 'ag_args': {'name_suffix': 'XT'}}, {}, {'learning_rate': 0.03, 'num_leaves': 128, 'feature_fraction': 0.9, 'min_data_in_leaf': 3, 'ag_args': {'name_suffix': 'Large', 'priority': 0, 'hyperparameter_tune_kwargs': None}}],
	'CAT': [{}],
	'XGB': [{}],
	'FASTAI': [{}],
	'RF': [{'criterion': 'gini', 'ag_args': {'name_suffix': 'Gini', 'problem_types': ['binary', 'multiclass']}}, {'criterion': 'entropy', 'ag_args': {'name_suffix': 'Entr', 'problem_types': ['binary', 'multiclass']}}, {'criterion': 'squared_error', 'ag_args': {'name_suffix': 'MSE', 'problem_types': ['regression', 'quantile']}}],
	'XT': [{'criterion': 'gini', 'ag_args': {'name_suffix': 'Gini', 'problem_types': ['binary', 'multiclass']}}, {'criterion': 'entropy', 'ag_args': {'name_suffix': 'Entr', 'problem_types': ['binary', 'multiclass']}}, {'criterion': 'squared_error', 'ag_args': {'name_suffix': 'MSE', 'problem_types': ['regression', 'quantile']}}],
	'KNN': [{'weights': 'uniform', 'ag_args': {'name_suffix': 'Unif'}}, {'weights': 'distance', 'ag_args': {'name_suffix': 'Dist'}}],
}
		('int', []) : 96 | ['A[C>A]A', 'A[C>A]C', 'A[C>A]G', 'A[C>A]T', 'A[C>G]A', ...]
	Types of features in processed data (raw dtype, special dtypes):
	Stage 5 Generators:
		('int', []) : 96 | ['A[C>A]A', 'A[C>A]C', 'A[C>A]G', 'A[C>A]T', 'A[C>G]A', ...]
	16.2s = Fit runtime
		('int', []) : 96 | ['A[C>A]A', 'A[C>A]C', 'A[C>A]G', 'A[C>A]T', 'A[C>G]A', ...]
	Stage 5 Generators:
		Fitting DropDuplicatesFeatureGenerator...
	Types of features in original data (raw dtype, special dtypes):
	Types of features in processed data (raw dtype, special dtypes):
	96 features in original data used to generate 96 features in processed data.
	16.4s = Fit runtime
		Fitting DropDuplicatesFeatureGenerator...
	Stage 5 Generators:
Fitting 13 L1 models, fit_strategy="sequential" ...
Fitting 13 L1 models, fit_strategy="sequential" ...
		('int', []) : 96 | ['A[C>A]A', 'A[C>A]C', 'A[C>A]G', 'A[C>A]T', 'A[C>G]A', ...]
	Stage 5 Generators:
		('int', []) : 96 | ['A[C>A]A', 'A[C>A]C', 'A[C>A]G', 'A[C>A]T', 'A[C>G]A', ...]
	96 features in original data used to generate 96 features in processed data.
		Fitting DropDuplicatesFeatureGenerator...
Fitting model: KNeighborsUnif ... Training model for up to 305.19s of the 304.65s of remaining time.
Fitting model: KNeighborsUnif ... Training model for up to 305.12s of the 304.56s of remaining time.
	Train Data (Processed) Memory Usage: 10.62 MB (0.0% of available memory)
	Types of features in processed data (raw dtype, special dtypes):
	Types of features in original data (raw dtype, special dtypes):
		Fitting DropDuplicatesFeatureGenerator...
	16.8s = Fit runtime
	Stage 5 Generators:
Fitting 13 L1 models, fit_strategy="sequential" ...
Data preprocessing and feature engineering runtime = 19.75s ...
		('int', []) : 96 | ['A[C>A]A', 'A[C>A]C', 'A[C>A]G', 'A[C>A]T', 'A[C>G]A', ...]
	Types of features in original data (raw dtype, special dtypes):
		('int', []) : 96 | ['A[C>A]A', 'A[C>A]C', 'A[C>A]G', 'A[C>A]T', 'A[C>G]A', ...]
	Types of features in original data (raw dtype, special dtypes):
	Train Data (Processed) Memory Usage: 10.62 MB (0.0% of available memory)
	96 features in original data used to generate 96 features in processed data.
		Fitting DropDuplicatesFeatureGenerator...
Fitting model: KNeighborsUnif ... Training model for up to 304.32s of the 303.55s of remaining time.
AutoGluon will gauge predictive performance using evaluation metric: 'accuracy'
	17.4s = Fit runtime
		('int', []) : 96 | ['A[C>A]A', 'A[C>A]C', 'A[C>A]G', 'A[C>A]T', 'A[C>G]A', ...]
	Types of features in original data (raw dtype, special dtypes):
	Types of features in processed data (raw dtype, special dtypes):
	Types of features in original data (raw dtype, special dtypes):
		('int', []) : 96 | ['A[C>A]A', 'A[C>A]C', 'A[C>A]G', 'A[C>A]T', 'A[C>G]A', ...]
Data preprocessing and feature engineering runtime = 20.58s ...
	To change this, specify the eval_metric parameter of Predictor()
	96 features in original data used to generate 96 features in processed data.
	Types of features in processed data (raw dtype, special dtypes):
		('int', []) : 96 | ['A[C>A]A', 'A[C>A]C', 'A[C>A]G', 'A[C>A]T', 'A[C>G]A', ...]
	Types of features in original data (raw dtype, special dtypes):
		('int', []) : 96 | ['A[C>A]A', 'A[C>A]C', 'A[C>A]G', 'A[C>A]T', 'A[C>G]A', ...]
	Train Data (Processed) Memory Usage: 10.62 MB (0.0% of available memory)
		('int', []) : 96 | ['A[C>A]A', 'A[C>A]C', 'A[C>A]G', 'A[C>A]T', 'A[C>G]A', ...]
	Types of features in processed data (raw dtype, special dtypes):
AutoGluon will gauge predictive performance using evaluation metric: 'accuracy'
	Types of features in original data (raw dtype, special dtypes):
		('int', []) : 96 | ['A[C>A]A', 'A[C>A]C', 'A[C>A]G', 'A[C>A]T', 'A[C>G]A', ...]
	Types of features in processed data (raw dtype, special dtypes):
	Types of features in original data (raw dtype, special dtypes):
		('int', []) : 96 | ['A[C>A]A', 'A[C>A]C', 'A[C>A]G', 'A[C>A]T', 'A[C>G]A', ...]
	18.4s = Fit runtime
	Train Data (Processed) Memory Usage: 10.62 MB (0.0% of available memory)
	Types of features in processed data (raw dtype, special dtypes):
Data preprocessing and feature engineering runtime = 21.29s ...
		('int', []) : 96 | ['A[C>A]A', 'A[C>A]C', 'A[C>A]G', 'A[C>A]T', 'A[C>G]A', ...]
	To change this, specify the eval_metric parameter of Predictor()
		('int', []) : 96 | ['A[C>A]A', 'A[C>A]C', 'A[C>A]G', 'A[C>A]T', 'A[C>G]A', ...]
	19.0s = Fit runtime
		('int', []) : 96 | ['A[C>A]A', 'A[C>A]C', 'A[C>A]G', 'A[C>A]T', 'A[C>G]A', ...]
		('int', []) : 96 | ['A[C>A]A', 'A[C>A]C', 'A[C>A]G', 'A[C>A]T', 'A[C>G]A', ...]
	Types of features in processed data (raw dtype, special dtypes):
	96 features in original data used to generate 96 features in processed data.
Data preprocessing and feature engineering runtime = 21.6s ...
		('int', []) : 96 | ['A[C>A]A', 'A[C>A]C', 'A[C>A]G', 'A[C>A]T', 'A[C>G]A', ...]
AutoGluon will gauge predictive performance using evaluation metric: 'accuracy'
Automatically generating train/validation split with holdout_frac=0.1, Train Rows: 13045, Val Rows: 1450
	19.3s = Fit runtime
	Types of features in original data (raw dtype, special dtypes):
	Types of features in processed data (raw dtype, special dtypes):
	96 features in original data used to generate 96 features in processed data.
	19.9s = Fit runtime
	Types of features in processed data (raw dtype, special dtypes):
		('int', []) : 96 | ['A[C>A]A', 'A[C>A]C', 'A[C>A]G', 'A[C>A]T', 'A[C>G]A', ...]
AutoGluon will gauge predictive performance using evaluation metric: 'accuracy'
	19.3s = Fit runtime
	To change this, specify the eval_metric parameter of Predictor()
User-specified model hyperparameters to be fit:
{
	'NN_TORCH': [{}],
	'GBM': [{'extra_trees': True, 'ag_args': {'name_suffix': 'XT'}}, {}, {'learning_rate': 0.03, 'num_leaves': 128, 'feature_fraction': 0.9, 'min_data_in_leaf': 3, 'ag_args': {'name_suffix': 'Large', 'priority': 0, 'hyperparameter_tune_kwargs': None}}],
	'CAT': [{}],
	'XGB': [{}],
	'FASTAI': [{}],
	'RF': [{'criterion': 'gini', 'ag_args': {'name_suffix': 'Gini', 'problem_types': ['binary', 'multiclass']}}, {'criterion': 'entropy', 'ag_args': {'name_suffix': 'Entr', 'problem_types': ['binary', 'multiclass']}}, {'criterion': 'squared_error', 'ag_args': {'name_suffix': 'MSE', 'problem_types': ['regression', 'quantile']}}],
	'XT': [{'criterion': 'gini', 'ag_args': {'name_suffix': 'Gini', 'problem_types': ['binary', 'multiclass']}}, {'criterion': 'entropy', 'ag_args': {'name_suffix': 'Entr', 'problem_types': ['binary', 'multiclass']}}, {'criterion': 'squared_error', 'ag_args': {'name_suffix': 'MSE', 'problem_types': ['regression', 'quantile']}}],
	'KNN': [{'weights': 'uniform', 'ag_args': {'name_suffix': 'Unif'}}, {'weights': 'distance', 'ag_args': {'name_suffix': 'Dist'}}],
}
	96 features in original data used to generate 96 features in processed data.
		('int', []) : 96 | ['A[C>A]A', 'A[C>A]C', 'A[C>A]G', 'A[C>A]T', 'A[C>G]A', ...]
		('int', []) : 96 | ['A[C>A]A', 'A[C>A]C', 'A[C>A]G', 'A[C>A]T', 'A[C>G]A', ...]
	Train Data (Processed) Memory Usage: 10.62 MB (0.0% of available memory)
	96 features in original data used to generate 96 features in processed data.
		('int', []) : 96 | ['A[C>A]A', 'A[C>A]C', 'A[C>A]G', 'A[C>A]T', 'A[C>G]A', ...]
	20.0s = Fit runtime
	To change this, specify the eval_metric parameter of Predictor()
	96 features in original data used to generate 96 features in processed data.
Automatically generating train/validation split with holdout_frac=0.1, Train Rows: 13045, Val Rows: 1450
	Train Data (Processed) Memory Usage: 10.62 MB (0.0% of available memory)
	Types of features in processed data (raw dtype, special dtypes):
	20.5s = Fit runtime
Data preprocessing and feature engineering runtime = 22.03s ...
	20.1s = Fit runtime
	96 features in original data used to generate 96 features in processed data.
	Train Data (Processed) Memory Usage: 10.62 MB (0.0% of available memory)
User-specified model hyperparameters to be fit:
{
	'NN_TORCH': [{}],
	'GBM': [{'extra_trees': True, 'ag_args': {'name_suffix': 'XT'}}, {}, {'learning_rate': 0.03, 'num_leaves': 128, 'feature_fraction': 0.9, 'min_data_in_leaf': 3, 'ag_args': {'name_suffix': 'Large', 'priority': 0, 'hyperparameter_tune_kwargs': None}}],
	'CAT': [{}],
	'XGB': [{}],
	'FASTAI': [{}],
	'RF': [{'criterion': 'gini', 'ag_args': {'name_suffix': 'Gini', 'problem_types': ['binary', 'multiclass']}}, {'criterion': 'entropy', 'ag_args': {'name_suffix': 'Entr', 'problem_types': ['binary', 'multiclass']}}, {'criterion': 'squared_error', 'ag_args': {'name_suffix': 'MSE', 'problem_types': ['regression', 'quantile']}}],
	'XT': [{'criterion': 'gini', 'ag_args': {'name_suffix': 'Gini', 'problem_types': ['binary', 'multiclass']}}, {'criterion': 'entropy', 'ag_args': {'name_suffix': 'Entr', 'problem_types': ['binary', 'multiclass']}}, {'criterion': 'squared_error', 'ag_args': {'name_suffix': 'MSE', 'problem_types': ['regression', 'quantile']}}],
	'KNN': [{'weights': 'uniform', 'ag_args': {'name_suffix': 'Unif'}}, {'weights': 'distance', 'ag_args': {'name_suffix': 'Dist'}}],
}
	Train Data (Processed) Memory Usage: 10.62 MB (0.0% of available memory)
		('int', []) : 96 | ['A[C>A]A', 'A[C>A]C', 'A[C>A]G', 'A[C>A]T', 'A[C>G]A', ...]
Data preprocessing and feature engineering runtime = 22.26s ...
	96 features in original data used to generate 96 features in processed data.
AutoGluon will gauge predictive performance using evaluation metric: 'accuracy'
	96 features in original data used to generate 96 features in processed data.
Data preprocessing and feature engineering runtime = 22.32s ...
	Train Data (Processed) Memory Usage: 10.62 MB (0.0% of available memory)
Automatically generating train/validation split with holdout_frac=0.1, Train Rows: 13045, Val Rows: 1450
Data preprocessing and feature engineering runtime = 22.39s ...
	20.6s = Fit runtime
AutoGluon will gauge predictive performance using evaluation metric: 'accuracy'
Fitting 13 L1 models, fit_strategy="sequential" ...
	Train Data (Processed) Memory Usage: 10.62 MB (0.0% of available memory)
	To change this, specify the eval_metric parameter of Predictor()
AutoGluon will gauge predictive performance using evaluation metric: 'accuracy'
Automatically generating train/validation split with holdout_frac=0.1, Train Rows: 13045, Val Rows: 1450
User-specified model hyperparameters to be fit:
{
	'NN_TORCH': [{}],
	'GBM': [{'extra_trees': True, 'ag_args': {'name_suffix': 'XT'}}, {}, {'learning_rate': 0.03, 'num_leaves': 128, 'feature_fraction': 0.9, 'min_data_in_leaf': 3, 'ag_args': {'name_suffix': 'Large', 'priority': 0, 'hyperparameter_tune_kwargs': None}}],
	'CAT': [{}],
	'XGB': [{}],
	'FASTAI': [{}],
	'RF': [{'criterion': 'gini', 'ag_args': {'name_suffix': 'Gini', 'problem_types': ['binary', 'multiclass']}}, {'criterion': 'entropy', 'ag_args': {'name_suffix': 'Entr', 'problem_types': ['binary', 'multiclass']}}, {'criterion': 'squared_error', 'ag_args': {'name_suffix': 'MSE', 'problem_types': ['regression', 'quantile']}}],
	'XT': [{'criterion': 'gini', 'ag_args': {'name_suffix': 'Gini', 'problem_types': ['binary', 'multiclass']}}, {'criterion': 'entropy', 'ag_args': {'name_suffix': 'Entr', 'problem_types': ['binary', 'multiclass']}}, {'criterion': 'squared_error', 'ag_args': {'name_suffix': 'MSE', 'problem_types': ['regression', 'quantile']}}],
	'KNN': [{'weights': 'uniform', 'ag_args': {'name_suffix': 'Unif'}}, {'weights': 'distance', 'ag_args': {'name_suffix': 'Dist'}}],
}
Data preprocessing and feature engineering runtime = 22.56s ...
	Train Data (Processed) Memory Usage: 10.62 MB (0.0% of available memory)
AutoGluon will gauge predictive performance using evaluation metric: 'accuracy'
	96 features in original data used to generate 96 features in processed data.
	To change this, specify the eval_metric parameter of Predictor()
Fitting model: KNeighborsUnif ... Training model for up to 300.25s of the 300.09s of remaining time.
	Train Data (Processed) Memory Usage: 10.62 MB (0.0% of available memory)
Data preprocessing and feature engineering runtime = 22.61s ...
	To change this, specify the eval_metric parameter of Predictor()
User-specified model hyperparameters to be fit:
{
	'NN_TORCH': [{}],
	'GBM': [{'extra_trees': True, 'ag_args': {'name_suffix': 'XT'}}, {}, {'learning_rate': 0.03, 'num_leaves': 128, 'feature_fraction': 0.9, 'min_data_in_leaf': 3, 'ag_args': {'name_suffix': 'Large', 'priority': 0, 'hyperparameter_tune_kwargs': None}}],
	'CAT': [{}],
	'XGB': [{}],
	'FASTAI': [{}],
	'RF': [{'criterion': 'gini', 'ag_args': {'name_suffix': 'Gini', 'problem_types': ['binary', 'multiclass']}}, {'criterion': 'entropy', 'ag_args': {'name_suffix': 'Entr', 'problem_types': ['binary', 'multiclass']}}, {'criterion': 'squared_error', 'ag_args': {'name_suffix': 'MSE', 'problem_types': ['regression', 'quantile']}}],
	'XT': [{'criterion': 'gini', 'ag_args': {'name_suffix': 'Gini', 'problem_types': ['binary', 'multiclass']}}, {'criterion': 'entropy', 'ag_args': {'name_suffix': 'Entr', 'problem_types': ['binary', 'multiclass']}}, {'criterion': 'squared_error', 'ag_args': {'name_suffix': 'MSE', 'problem_types': ['regression', 'quantile']}}],
	'KNN': [{'weights': 'uniform', 'ag_args': {'name_suffix': 'Unif'}}, {'weights': 'distance', 'ag_args': {'name_suffix': 'Dist'}}],
}
AutoGluon will gauge predictive performance using evaluation metric: 'accuracy'
	To change this, specify the eval_metric parameter of Predictor()
Data preprocessing and feature engineering runtime = 22.68s ...
AutoGluon will gauge predictive performance using evaluation metric: 'accuracy'
Data preprocessing and feature engineering runtime = 22.76s ...
	Train Data (Processed) Memory Usage: 10.62 MB (0.0% of available memory)
	To change this, specify the eval_metric parameter of Predictor()
AutoGluon will gauge predictive performance using evaluation metric: 'accuracy'
	To change this, specify the eval_metric parameter of Predictor()
AutoGluon will gauge predictive performance using evaluation metric: 'accuracy'
Fitting 13 L1 models, fit_strategy="sequential" ...
Data preprocessing and feature engineering runtime = 22.86s ...
	To change this, specify the eval_metric parameter of Predictor()
Automatically generating train/validation split with holdout_frac=0.1, Train Rows: 13045, Val Rows: 1450
	To change this, specify the eval_metric parameter of Predictor()
Fitting model: KNeighborsUnif ... Training model for up to 299.42s of the 299.29s of remaining time.
AutoGluon will gauge predictive performance using evaluation metric: 'accuracy'
User-specified model hyperparameters to be fit:
{
	'NN_TORCH': [{}],
	'GBM': [{'extra_trees': True, 'ag_args': {'name_suffix': 'XT'}}, {}, {'learning_rate': 0.03, 'num_leaves': 128, 'feature_fraction': 0.9, 'min_data_in_leaf': 3, 'ag_args': {'name_suffix': 'Large', 'priority': 0, 'hyperparameter_tune_kwargs': None}}],
	'CAT': [{}],
	'XGB': [{}],
	'FASTAI': [{}],
	'RF': [{'criterion': 'gini', 'ag_args': {'name_suffix': 'Gini', 'problem_types': ['binary', 'multiclass']}}, {'criterion': 'entropy', 'ag_args': {'name_suffix': 'Entr', 'problem_types': ['binary', 'multiclass']}}, {'criterion': 'squared_error', 'ag_args': {'name_suffix': 'MSE', 'problem_types': ['regression', 'quantile']}}],
	'XT': [{'criterion': 'gini', 'ag_args': {'name_suffix': 'Gini', 'problem_types': ['binary', 'multiclass']}}, {'criterion': 'entropy', 'ag_args': {'name_suffix': 'Entr', 'problem_types': ['binary', 'multiclass']}}, {'criterion': 'squared_error', 'ag_args': {'name_suffix': 'MSE', 'problem_types': ['regression', 'quantile']}}],
	'KNN': [{'weights': 'uniform', 'ag_args': {'name_suffix': 'Unif'}}, {'weights': 'distance', 'ag_args': {'name_suffix': 'Dist'}}],
}
	To change this, specify the eval_metric parameter of Predictor()
Automatically generating train/validation split with holdout_frac=0.1, Train Rows: 13045, Val Rows: 1450
Fitting 13 L1 models, fit_strategy="sequential" ...
User-specified model hyperparameters to be fit:
{
	'NN_TORCH': [{}],
	'GBM': [{'extra_trees': True, 'ag_args': {'name_suffix': 'XT'}}, {}, {'learning_rate': 0.03, 'num_leaves': 128, 'feature_fraction': 0.9, 'min_data_in_leaf': 3, 'ag_args': {'name_suffix': 'Large', 'priority': 0, 'hyperparameter_tune_kwargs': None}}],
	'CAT': [{}],
	'XGB': [{}],
	'FASTAI': [{}],
	'RF': [{'criterion': 'gini', 'ag_args': {'name_suffix': 'Gini', 'problem_types': ['binary', 'multiclass']}}, {'criterion': 'entropy', 'ag_args': {'name_suffix': 'Entr', 'problem_types': ['binary', 'multiclass']}}, {'criterion': 'squared_error', 'ag_args': {'name_suffix': 'MSE', 'problem_types': ['regression', 'quantile']}}],
	'XT': [{'criterion': 'gini', 'ag_args': {'name_suffix': 'Gini', 'problem_types': ['binary', 'multiclass']}}, {'criterion': 'entropy', 'ag_args': {'name_suffix': 'Entr', 'problem_types': ['binary', 'multiclass']}}, {'criterion': 'squared_error', 'ag_args': {'name_suffix': 'MSE', 'problem_types': ['regression', 'quantile']}}],
	'KNN': [{'weights': 'uniform', 'ag_args': {'name_suffix': 'Unif'}}, {'weights': 'distance', 'ag_args': {'name_suffix': 'Dist'}}],
}
Fitting model: KNeighborsUnif ... Training model for up to 298.71s of the 298.65s of remaining time.
Automatically generating train/validation split with holdout_frac=0.1, Train Rows: 13045, Val Rows: 1450
Automatically generating train/validation split with holdout_frac=0.1, Train Rows: 13045, Val Rows: 1450
User-specified model hyperparameters to be fit:
{
	'NN_TORCH': [{}],
	'GBM': [{'extra_trees': True, 'ag_args': {'name_suffix': 'XT'}}, {}, {'learning_rate': 0.03, 'num_leaves': 128, 'feature_fraction': 0.9, 'min_data_in_leaf': 3, 'ag_args': {'name_suffix': 'Large', 'priority': 0, 'hyperparameter_tune_kwargs': None}}],
	'CAT': [{}],
	'XGB': [{}],
	'FASTAI': [{}],
	'RF': [{'criterion': 'gini', 'ag_args': {'name_suffix': 'Gini', 'problem_types': ['binary', 'multiclass']}}, {'criterion': 'entropy', 'ag_args': {'name_suffix': 'Entr', 'problem_types': ['binary', 'multiclass']}}, {'criterion': 'squared_error', 'ag_args': {'name_suffix': 'MSE', 'problem_types': ['regression', 'quantile']}}],
	'XT': [{'criterion': 'gini', 'ag_args': {'name_suffix': 'Gini', 'problem_types': ['binary', 'multiclass']}}, {'criterion': 'entropy', 'ag_args': {'name_suffix': 'Entr', 'problem_types': ['binary', 'multiclass']}}, {'criterion': 'squared_error', 'ag_args': {'name_suffix': 'MSE', 'problem_types': ['regression', 'quantile']}}],
	'KNN': [{'weights': 'uniform', 'ag_args': {'name_suffix': 'Unif'}}, {'weights': 'distance', 'ag_args': {'name_suffix': 'Dist'}}],
}
User-specified model hyperparameters to be fit:
{
	'NN_TORCH': [{}],
	'GBM': [{'extra_trees': True, 'ag_args': {'name_suffix': 'XT'}}, {}, {'learning_rate': 0.03, 'num_leaves': 128, 'feature_fraction': 0.9, 'min_data_in_leaf': 3, 'ag_args': {'name_suffix': 'Large', 'priority': 0, 'hyperparameter_tune_kwargs': None}}],
	'CAT': [{}],
	'XGB': [{}],
	'FASTAI': [{}],
	'RF': [{'criterion': 'gini', 'ag_args': {'name_suffix': 'Gini', 'problem_types': ['binary', 'multiclass']}}, {'criterion': 'entropy', 'ag_args': {'name_suffix': 'Entr', 'problem_types': ['binary', 'multiclass']}}, {'criterion': 'squared_error', 'ag_args': {'name_suffix': 'MSE', 'problem_types': ['regression', 'quantile']}}],
	'XT': [{'criterion': 'gini', 'ag_args': {'name_suffix': 'Gini', 'problem_types': ['binary', 'multiclass']}}, {'criterion': 'entropy', 'ag_args': {'name_suffix': 'Entr', 'problem_types': ['binary', 'multiclass']}}, {'criterion': 'squared_error', 'ag_args': {'name_suffix': 'MSE', 'problem_types': ['regression', 'quantile']}}],
	'KNN': [{'weights': 'uniform', 'ag_args': {'name_suffix': 'Unif'}}, {'weights': 'distance', 'ag_args': {'name_suffix': 'Dist'}}],
}
Fitting 13 L1 models, fit_strategy="sequential" ...
Fitting model: KNeighborsUnif ... Training model for up to 298.40s of the 298.39s of remaining time.
Automatically generating train/validation split with holdout_frac=0.1, Train Rows: 13045, Val Rows: 1450
User-specified model hyperparameters to be fit:
{
	'NN_TORCH': [{}],
	'GBM': [{'extra_trees': True, 'ag_args': {'name_suffix': 'XT'}}, {}, {'learning_rate': 0.03, 'num_leaves': 128, 'feature_fraction': 0.9, 'min_data_in_leaf': 3, 'ag_args': {'name_suffix': 'Large', 'priority': 0, 'hyperparameter_tune_kwargs': None}}],
	'CAT': [{}],
	'XGB': [{}],
	'FASTAI': [{}],
	'RF': [{'criterion': 'gini', 'ag_args': {'name_suffix': 'Gini', 'problem_types': ['binary', 'multiclass']}}, {'criterion': 'entropy', 'ag_args': {'name_suffix': 'Entr', 'problem_types': ['binary', 'multiclass']}}, {'criterion': 'squared_error', 'ag_args': {'name_suffix': 'MSE', 'problem_types': ['regression', 'quantile']}}],
	'XT': [{'criterion': 'gini', 'ag_args': {'name_suffix': 'Gini', 'problem_types': ['binary', 'multiclass']}}, {'criterion': 'entropy', 'ag_args': {'name_suffix': 'Entr', 'problem_types': ['binary', 'multiclass']}}, {'criterion': 'squared_error', 'ag_args': {'name_suffix': 'MSE', 'problem_types': ['regression', 'quantile']}}],
	'KNN': [{'weights': 'uniform', 'ag_args': {'name_suffix': 'Unif'}}, {'weights': 'distance', 'ag_args': {'name_suffix': 'Dist'}}],
}
Automatically generating train/validation split with holdout_frac=0.1, Train Rows: 13045, Val Rows: 1450
User-specified model hyperparameters to be fit:
{
	'NN_TORCH': [{}],
	'GBM': [{'extra_trees': True, 'ag_args': {'name_suffix': 'XT'}}, {}, {'learning_rate': 0.03, 'num_leaves': 128, 'feature_fraction': 0.9, 'min_data_in_leaf': 3, 'ag_args': {'name_suffix': 'Large', 'priority': 0, 'hyperparameter_tune_kwargs': None}}],
	'CAT': [{}],
	'XGB': [{}],
	'FASTAI': [{}],
	'RF': [{'criterion': 'gini', 'ag_args': {'name_suffix': 'Gini', 'problem_types': ['binary', 'multiclass']}}, {'criterion': 'entropy', 'ag_args': {'name_suffix': 'Entr', 'problem_types': ['binary', 'multiclass']}}, {'criterion': 'squared_error', 'ag_args': {'name_suffix': 'MSE', 'problem_types': ['regression', 'quantile']}}],
	'XT': [{'criterion': 'gini', 'ag_args': {'name_suffix': 'Gini', 'problem_types': ['binary', 'multiclass']}}, {'criterion': 'entropy', 'ag_args': {'name_suffix': 'Entr', 'problem_types': ['binary', 'multiclass']}}, {'criterion': 'squared_error', 'ag_args': {'name_suffix': 'MSE', 'problem_types': ['regression', 'quantile']}}],
	'KNN': [{'weights': 'uniform', 'ag_args': {'name_suffix': 'Unif'}}, {'weights': 'distance', 'ag_args': {'name_suffix': 'Dist'}}],
}
Automatically generating train/validation split with holdout_frac=0.1, Train Rows: 13045, Val Rows: 1450
Automatically generating train/validation split with holdout_frac=0.1, Train Rows: 13045, Val Rows: 1450
User-specified model hyperparameters to be fit:
{
	'NN_TORCH': [{}],
	'GBM': [{'extra_trees': True, 'ag_args': {'name_suffix': 'XT'}}, {}, {'learning_rate': 0.03, 'num_leaves': 128, 'feature_fraction': 0.9, 'min_data_in_leaf': 3, 'ag_args': {'name_suffix': 'Large', 'priority': 0, 'hyperparameter_tune_kwargs': None}}],
	'CAT': [{}],
	'XGB': [{}],
	'FASTAI': [{}],
	'RF': [{'criterion': 'gini', 'ag_args': {'name_suffix': 'Gini', 'problem_types': ['binary', 'multiclass']}}, {'criterion': 'entropy', 'ag_args': {'name_suffix': 'Entr', 'problem_types': ['binary', 'multiclass']}}, {'criterion': 'squared_error', 'ag_args': {'name_suffix': 'MSE', 'problem_types': ['regression', 'quantile']}}],
	'XT': [{'criterion': 'gini', 'ag_args': {'name_suffix': 'Gini', 'problem_types': ['binary', 'multiclass']}}, {'criterion': 'entropy', 'ag_args': {'name_suffix': 'Entr', 'problem_types': ['binary', 'multiclass']}}, {'criterion': 'squared_error', 'ag_args': {'name_suffix': 'MSE', 'problem_types': ['regression', 'quantile']}}],
	'KNN': [{'weights': 'uniform', 'ag_args': {'name_suffix': 'Unif'}}, {'weights': 'distance', 'ag_args': {'name_suffix': 'Dist'}}],
}
Automatically generating train/validation split with holdout_frac=0.1, Train Rows: 13045, Val Rows: 1450
User-specified model hyperparameters to be fit:
{
	'NN_TORCH': [{}],
	'GBM': [{'extra_trees': True, 'ag_args': {'name_suffix': 'XT'}}, {}, {'learning_rate': 0.03, 'num_leaves': 128, 'feature_fraction': 0.9, 'min_data_in_leaf': 3, 'ag_args': {'name_suffix': 'Large', 'priority': 0, 'hyperparameter_tune_kwargs': None}}],
	'CAT': [{}],
	'XGB': [{}],
	'FASTAI': [{}],
	'RF': [{'criterion': 'gini', 'ag_args': {'name_suffix': 'Gini', 'problem_types': ['binary', 'multiclass']}}, {'criterion': 'entropy', 'ag_args': {'name_suffix': 'Entr', 'problem_types': ['binary', 'multiclass']}}, {'criterion': 'squared_error', 'ag_args': {'name_suffix': 'MSE', 'problem_types': ['regression', 'quantile']}}],
	'XT': [{'criterion': 'gini', 'ag_args': {'name_suffix': 'Gini', 'problem_types': ['binary', 'multiclass']}}, {'criterion': 'entropy', 'ag_args': {'name_suffix': 'Entr', 'problem_types': ['binary', 'multiclass']}}, {'criterion': 'squared_error', 'ag_args': {'name_suffix': 'MSE', 'problem_types': ['regression', 'quantile']}}],
	'KNN': [{'weights': 'uniform', 'ag_args': {'name_suffix': 'Unif'}}, {'weights': 'distance', 'ag_args': {'name_suffix': 'Dist'}}],
}
User-specified model hyperparameters to be fit:
{
	'NN_TORCH': [{}],
	'GBM': [{'extra_trees': True, 'ag_args': {'name_suffix': 'XT'}}, {}, {'learning_rate': 0.03, 'num_leaves': 128, 'feature_fraction': 0.9, 'min_data_in_leaf': 3, 'ag_args': {'name_suffix': 'Large', 'priority': 0, 'hyperparameter_tune_kwargs': None}}],
	'CAT': [{}],
	'XGB': [{}],
	'FASTAI': [{}],
	'RF': [{'criterion': 'gini', 'ag_args': {'name_suffix': 'Gini', 'problem_types': ['binary', 'multiclass']}}, {'criterion': 'entropy', 'ag_args': {'name_suffix': 'Entr', 'problem_types': ['binary', 'multiclass']}}, {'criterion': 'squared_error', 'ag_args': {'name_suffix': 'MSE', 'problem_types': ['regression', 'quantile']}}],
	'XT': [{'criterion': 'gini', 'ag_args': {'name_suffix': 'Gini', 'problem_types': ['binary', 'multiclass']}}, {'criterion': 'entropy', 'ag_args': {'name_suffix': 'Entr', 'problem_types': ['binary', 'multiclass']}}, {'criterion': 'squared_error', 'ag_args': {'name_suffix': 'MSE', 'problem_types': ['regression', 'quantile']}}],
	'KNN': [{'weights': 'uniform', 'ag_args': {'name_suffix': 'Unif'}}, {'weights': 'distance', 'ag_args': {'name_suffix': 'Dist'}}],
}
Fitting 13 L1 models, fit_strategy="sequential" ...
Fitting model: KNeighborsUnif ... Training model for up to 297.97s of the 297.96s of remaining time.
Fitting 13 L1 models, fit_strategy="sequential" ...
Fitting model: KNeighborsUnif ... Training model for up to 297.74s of the 297.73s of remaining time.
Fitting 13 L1 models, fit_strategy="sequential" ...
Fitting model: KNeighborsUnif ... Training model for up to 297.67s of the 297.66s of remaining time.
Fitting 13 L1 models, fit_strategy="sequential" ...
Fitting model: KNeighborsUnif ... Training model for up to 297.60s of the 297.59s of remaining time.
Fitting 13 L1 models, fit_strategy="sequential" ...
Fitting model: KNeighborsUnif ... Training model for up to 297.13s of the 297.12s of remaining time.
Fitting 13 L1 models, fit_strategy="sequential" ...
Fitting 13 L1 models, fit_strategy="sequential" ...
Fitting model: KNeighborsUnif ... Training model for up to 297.39s of the 297.33s of remaining time.
Fitting 13 L1 models, fit_strategy="sequential" ...
Fitting 13 L1 models, fit_strategy="sequential" ...
Fitting model: KNeighborsUnif ... Training model for up to 297.44s of the 297.39s of remaining time.
Fitting model: KNeighborsUnif ... Training model for up to 297.32s of the 297.29s of remaining time.
Fitting model: KNeighborsUnif ... Training model for up to 297.24s of the 297.19s of remaining time.
OpenBLAS warning: precompiled NUM_THREADS exceeded, adding auxiliary array for thread metadata.
corrupted double-linked list
/var/spool/slurm/d/job37005/slurm_script: line 10: 3044420 Aborted                 (core dumped) python /home/baderlab/mzarant/SignatureInference/scripts/main.py "$@"
