Presets specified: ['medium_quality']
Beginning AutoGluon training ...
AutoGluon will save models to "AutogluonModels/ag-20250416_021119/Predictor_S1 (SBS1 - 0.99)"
=================== System Info ===================
AutoGluon Version:  1.1.0
Python Version:     3.10.15
Operating System:   Linux
Platform Machine:   x86_64
Platform Version:   #1 SMP PREEMPT_DYNAMIC Thu Apr 3 12:12:16 UTC 2025
CPU Count:          272
Memory Avail:       199.96 GB / 203.90 GB (98.1%)
Disk Space Avail:   1360.60 GB / 5120.00 GB (26.6%)
===================================================
Train Data Rows:    14495
Train Data Columns: 96
Label Column:       S1 (SBS1 - 0.99)
AutoGluon infers your prediction problem is: 'binary' (because only two unique label-values observed).
	2 unique label values:  [True, False]
	If 'binary' is not the correct problem_type, please manually specify the problem_type parameter during predictor init (You may specify problem_type as one of: ['binary', 'multiclass', 'regression'])
Problem Type:       binary
Preprocessing data ...
Selected class <--> label mapping:  class 1 = True, class 0 = False
Using Feature Generators to preprocess the data ...
Fitting AutoMLPipelineFeatureGenerator...
	Available Memory:                    204749.94 MB
	Train Data (Original)  Memory Usage: 10.62 MB (0.0% of available memory)
	Inferring data type of each feature based on column values. Set feature_metadata_in to manually specify special dtypes of the features.
	Stage 1 Generators:
		Fitting AsTypeFeatureGenerator...
	Stage 2 Generators:
		Fitting FillNaFeatureGenerator...
	Stage 3 Generators:
		Fitting IdentityFeatureGenerator...
	Stage 4 Generators:
		Fitting DropUniqueFeatureGenerator...
	Stage 5 Generators:
		Fitting DropDuplicatesFeatureGenerator...
	Types of features in original data (raw dtype, special dtypes):
		('int', []) : 96 | ['A[C>A]A', 'A[C>A]C', 'A[C>A]G', 'A[C>A]T', 'A[C>G]A', ...]
	Types of features in processed data (raw dtype, special dtypes):
		('int', []) : 96 | ['A[C>A]A', 'A[C>A]C', 'A[C>A]G', 'A[C>A]T', 'A[C>G]A', ...]
	1.9s = Fit runtime
	96 features in original data used to generate 96 features in processed data.
	Train Data (Processed) Memory Usage: 10.62 MB (0.0% of available memory)
Data preprocessing and feature engineering runtime = 2.02s ...
AutoGluon will gauge predictive performance using evaluation metric: 'accuracy'
	To change this, specify the eval_metric parameter of Predictor()
Automatically generating train/validation split with holdout_frac=0.1, Train Rows: 13045, Val Rows: 1450
User-specified model hyperparameters to be fit:
{
	'GBM': [{'extra_trees': True, 'ag_args': {'name_suffix': 'XT'}}, {}, 'GBMLarge'],
	'CAT': {},
	'XGB': {},
	'RF': [{'criterion': 'gini', 'ag_args': {'name_suffix': 'Gini', 'problem_types': ['binary', 'multiclass']}}, {'criterion': 'entropy', 'ag_args': {'name_suffix': 'Entr', 'problem_types': ['binary', 'multiclass']}}, {'criterion': 'squared_error', 'ag_args': {'name_suffix': 'MSE', 'problem_types': ['regression']}}],
	'XT': [{'criterion': 'gini', 'ag_args': {'name_suffix': 'Gini', 'problem_types': ['binary', 'multiclass']}}, {'criterion': 'entropy', 'ag_args': {'name_suffix': 'Entr', 'problem_types': ['binary', 'multiclass']}}, {'criterion': 'squared_error', 'ag_args': {'name_suffix': 'MSE', 'problem_types': ['regression']}}],
	'KNN': [{'weights': 'uniform', 'ag_args': {'name_suffix': 'Unif'}, 'n_jobs': 4}, {'weights': 'distance', 'ag_args': {'name_suffix': 'Dist'}, 'n_jobs': 4}],
}
Fitting 11 L1 models ...
Fitting model: KNeighborsUnif ...
	0.9766	 = Validation score   (accuracy)
	16.6s	 = Training   runtime
	1.36s	 = Validation runtime
Fitting model: KNeighborsDist ...
	0.9766	 = Validation score   (accuracy)
	0.16s	 = Training   runtime
	1.14s	 = Validation runtime
Fitting model: LightGBMXT ...
	0.9786	 = Validation score   (accuracy)
	97.54s	 = Training   runtime
	0.16s	 = Validation runtime
Fitting model: LightGBM ...
	0.9786	 = Validation score   (accuracy)
	70.36s	 = Training   runtime
	0.1s	 = Validation runtime
Fitting model: RandomForestGini ...
	0.9759	 = Validation score   (accuracy)
	11.41s	 = Training   runtime
	0.61s	 = Validation runtime
Fitting model: RandomForestEntr ...
	0.9766	 = Validation score   (accuracy)
	8.83s	 = Training   runtime
	0.58s	 = Validation runtime
Fitting model: CatBoost ...
TBB Warning: The number of workers is currently limited to 15. The request for 271 workers is ignored. Further requests for more workers will be silently ignored until the limit changes.

	0.9766	 = Validation score   (accuracy)
	12.68s	 = Training   runtime
	0.07s	 = Validation runtime
Fitting model: ExtraTreesGini ...
	0.9759	 = Validation score   (accuracy)
	8.01s	 = Training   runtime
	0.57s	 = Validation runtime
Fitting model: ExtraTreesEntr ...
	0.9759	 = Validation score   (accuracy)
	7.47s	 = Training   runtime
	0.6s	 = Validation runtime
Fitting model: XGBoost ...
	0.9793	 = Validation score   (accuracy)
	23.87s	 = Training   runtime
	0.06s	 = Validation runtime
Fitting model: LightGBMLarge ...
	0.9772	 = Validation score   (accuracy)
	266.66s	 = Training   runtime
	0.12s	 = Validation runtime
Fitting model: WeightedEnsemble_L2 ...
	Ensemble Weights: {'XGBoost': 0.8, 'LightGBM': 0.2}
	0.98	 = Validation score   (accuracy)
	1.28s	 = Training   runtime
	0.01s	 = Validation runtime
AutoGluon training complete, total runtime = 534.95s ... Best model: "WeightedEnsemble_L2"
TabularPredictor saved. To load, use: predictor = TabularPredictor.load("AutogluonModels/ag-20250416_021119/Predictor_S1 (SBS1 - 0.99)")
Presets specified: ['medium_quality']
Beginning AutoGluon training ...
AutoGluon will save models to "AutogluonModels/ag-20250416_021119/Predictor_S2 (SBS2 - 0.99)"
=================== System Info ===================
AutoGluon Version:  1.1.0
Python Version:     3.10.15
Operating System:   Linux
Platform Machine:   x86_64
Platform Version:   #1 SMP PREEMPT_DYNAMIC Thu Apr 3 12:12:16 UTC 2025
CPU Count:          272
Memory Avail:       199.29 GB / 203.90 GB (97.7%)
Disk Space Avail:   1360.52 GB / 5120.00 GB (26.6%)
===================================================
Train Data Rows:    14495
Train Data Columns: 97
Label Column:       S2 (SBS2 - 0.99)
AutoGluon infers your prediction problem is: 'binary' (because only two unique label-values observed).
	2 unique label values:  [False, True]
	If 'binary' is not the correct problem_type, please manually specify the problem_type parameter during predictor init (You may specify problem_type as one of: ['binary', 'multiclass', 'regression'])
Problem Type:       binary
Preprocessing data ...
Selected class <--> label mapping:  class 1 = True, class 0 = False
Using Feature Generators to preprocess the data ...
Fitting AutoMLPipelineFeatureGenerator...
	Available Memory:                    204088.09 MB
	Train Data (Original)  Memory Usage: 10.63 MB (0.0% of available memory)
	Inferring data type of each feature based on column values. Set feature_metadata_in to manually specify special dtypes of the features.
	Stage 1 Generators:
		Fitting AsTypeFeatureGenerator...
			Note: Converting 1 features to boolean dtype as they only contain 2 unique values.
	Stage 2 Generators:
		Fitting FillNaFeatureGenerator...
	Stage 3 Generators:
		Fitting IdentityFeatureGenerator...
	Stage 4 Generators:
		Fitting DropUniqueFeatureGenerator...
	Stage 5 Generators:
		Fitting DropDuplicatesFeatureGenerator...
	Types of features in original data (raw dtype, special dtypes):
		('bool', []) :  1 | ['S1 (SBS1 - 0.99)']
		('int', [])  : 96 | ['A[C>A]A', 'A[C>A]C', 'A[C>A]G', 'A[C>A]T', 'A[C>G]A', ...]
	Types of features in processed data (raw dtype, special dtypes):
		('int', [])       : 96 | ['A[C>A]A', 'A[C>A]C', 'A[C>A]G', 'A[C>A]T', 'A[C>G]A', ...]
		('int', ['bool']) :  1 | ['S1 (SBS1 - 0.99)']
	1.7s = Fit runtime
	97 features in original data used to generate 97 features in processed data.
	Train Data (Processed) Memory Usage: 10.63 MB (0.0% of available memory)
Data preprocessing and feature engineering runtime = 1.86s ...
AutoGluon will gauge predictive performance using evaluation metric: 'accuracy'
	To change this, specify the eval_metric parameter of Predictor()
Automatically generating train/validation split with holdout_frac=0.1, Train Rows: 13045, Val Rows: 1450
User-specified model hyperparameters to be fit:
{
	'GBM': [{'extra_trees': True, 'ag_args': {'name_suffix': 'XT'}}, {}, 'GBMLarge'],
	'CAT': {},
	'XGB': {},
	'RF': [{'criterion': 'gini', 'ag_args': {'name_suffix': 'Gini', 'problem_types': ['binary', 'multiclass']}}, {'criterion': 'entropy', 'ag_args': {'name_suffix': 'Entr', 'problem_types': ['binary', 'multiclass']}}, {'criterion': 'squared_error', 'ag_args': {'name_suffix': 'MSE', 'problem_types': ['regression']}}],
	'XT': [{'criterion': 'gini', 'ag_args': {'name_suffix': 'Gini', 'problem_types': ['binary', 'multiclass']}}, {'criterion': 'entropy', 'ag_args': {'name_suffix': 'Entr', 'problem_types': ['binary', 'multiclass']}}, {'criterion': 'squared_error', 'ag_args': {'name_suffix': 'MSE', 'problem_types': ['regression']}}],
	'KNN': [{'weights': 'uniform', 'ag_args': {'name_suffix': 'Unif'}, 'n_jobs': 4}, {'weights': 'distance', 'ag_args': {'name_suffix': 'Dist'}, 'n_jobs': 4}],
}
Fitting 11 L1 models ...
Fitting model: KNeighborsUnif ...
	0.8545	 = Validation score   (accuracy)
	0.2s	 = Training   runtime
	1.15s	 = Validation runtime
Fitting model: KNeighborsDist ...
	0.8545	 = Validation score   (accuracy)
	0.16s	 = Training   runtime
	1.16s	 = Validation runtime
Fitting model: LightGBMXT ...
	0.88	 = Validation score   (accuracy)
	74.37s	 = Training   runtime
	0.1s	 = Validation runtime
Fitting model: LightGBM ...
	0.8814	 = Validation score   (accuracy)
	108.31s	 = Training   runtime
	0.21s	 = Validation runtime
Fitting model: RandomForestGini ...
	0.8766	 = Validation score   (accuracy)
	11.85s	 = Training   runtime
	0.62s	 = Validation runtime
Fitting model: RandomForestEntr ...
	0.8793	 = Validation score   (accuracy)
	11.96s	 = Training   runtime
	0.6s	 = Validation runtime
Fitting model: CatBoost ...
	0.8869	 = Validation score   (accuracy)
	22.49s	 = Training   runtime
	0.07s	 = Validation runtime
Fitting model: ExtraTreesGini ...
	0.8786	 = Validation score   (accuracy)
	9.52s	 = Training   runtime
	0.63s	 = Validation runtime
Fitting model: ExtraTreesEntr ...
	0.8793	 = Validation score   (accuracy)
	9.69s	 = Training   runtime
	0.65s	 = Validation runtime
Fitting model: XGBoost ...
	0.8821	 = Validation score   (accuracy)
	28.34s	 = Training   runtime
	0.08s	 = Validation runtime
Fitting model: LightGBMLarge ...
	0.8814	 = Validation score   (accuracy)
	269.82s	 = Training   runtime
	0.08s	 = Validation runtime
Fitting model: WeightedEnsemble_L2 ...
	Ensemble Weights: {'CatBoost': 1.0}
	0.8869	 = Validation score   (accuracy)
	1.27s	 = Training   runtime
	0.01s	 = Validation runtime
AutoGluon training complete, total runtime = 561.78s ... Best model: "WeightedEnsemble_L2"
TabularPredictor saved. To load, use: predictor = TabularPredictor.load("AutogluonModels/ag-20250416_021119/Predictor_S2 (SBS2 - 0.99)")
Presets specified: ['medium_quality']
Beginning AutoGluon training ...
AutoGluon will save models to "AutogluonModels/ag-20250416_021119/Predictor_S3 (SBS3 - 0.97)"
=================== System Info ===================
AutoGluon Version:  1.1.0
Python Version:     3.10.15
Operating System:   Linux
Platform Machine:   x86_64
Platform Version:   #1 SMP PREEMPT_DYNAMIC Thu Apr 3 12:12:16 UTC 2025
CPU Count:          272
Memory Avail:       199.05 GB / 203.90 GB (97.6%)
Disk Space Avail:   1360.21 GB / 5120.00 GB (26.6%)
===================================================
Train Data Rows:    14495
Train Data Columns: 98
Label Column:       S3 (SBS3 - 0.97)
AutoGluon infers your prediction problem is: 'binary' (because only two unique label-values observed).
	2 unique label values:  [False, True]
	If 'binary' is not the correct problem_type, please manually specify the problem_type parameter during predictor init (You may specify problem_type as one of: ['binary', 'multiclass', 'regression'])
Problem Type:       binary
Preprocessing data ...
Selected class <--> label mapping:  class 1 = True, class 0 = False
Using Feature Generators to preprocess the data ...
Fitting AutoMLPipelineFeatureGenerator...
	Available Memory:                    203828.67 MB
	Train Data (Original)  Memory Usage: 10.64 MB (0.0% of available memory)
	Inferring data type of each feature based on column values. Set feature_metadata_in to manually specify special dtypes of the features.
	Stage 1 Generators:
		Fitting AsTypeFeatureGenerator...
			Note: Converting 2 features to boolean dtype as they only contain 2 unique values.
	Stage 2 Generators:
		Fitting FillNaFeatureGenerator...
	Stage 3 Generators:
		Fitting IdentityFeatureGenerator...
	Stage 4 Generators:
		Fitting DropUniqueFeatureGenerator...
	Stage 5 Generators:
		Fitting DropDuplicatesFeatureGenerator...
	Types of features in original data (raw dtype, special dtypes):
		('bool', []) :  2 | ['S1 (SBS1 - 0.99)', 'S2 (SBS2 - 0.99)']
		('int', [])  : 96 | ['A[C>A]A', 'A[C>A]C', 'A[C>A]G', 'A[C>A]T', 'A[C>G]A', ...]
	Types of features in processed data (raw dtype, special dtypes):
		('int', [])       : 96 | ['A[C>A]A', 'A[C>A]C', 'A[C>A]G', 'A[C>A]T', 'A[C>G]A', ...]
		('int', ['bool']) :  2 | ['S1 (SBS1 - 0.99)', 'S2 (SBS2 - 0.99)']
	1.7s = Fit runtime
	98 features in original data used to generate 98 features in processed data.
	Train Data (Processed) Memory Usage: 10.64 MB (0.0% of available memory)
Data preprocessing and feature engineering runtime = 1.87s ...
AutoGluon will gauge predictive performance using evaluation metric: 'accuracy'
	To change this, specify the eval_metric parameter of Predictor()
Automatically generating train/validation split with holdout_frac=0.1, Train Rows: 13045, Val Rows: 1450
User-specified model hyperparameters to be fit:
{
	'GBM': [{'extra_trees': True, 'ag_args': {'name_suffix': 'XT'}}, {}, 'GBMLarge'],
	'CAT': {},
	'XGB': {},
	'RF': [{'criterion': 'gini', 'ag_args': {'name_suffix': 'Gini', 'problem_types': ['binary', 'multiclass']}}, {'criterion': 'entropy', 'ag_args': {'name_suffix': 'Entr', 'problem_types': ['binary', 'multiclass']}}, {'criterion': 'squared_error', 'ag_args': {'name_suffix': 'MSE', 'problem_types': ['regression']}}],
	'XT': [{'criterion': 'gini', 'ag_args': {'name_suffix': 'Gini', 'problem_types': ['binary', 'multiclass']}}, {'criterion': 'entropy', 'ag_args': {'name_suffix': 'Entr', 'problem_types': ['binary', 'multiclass']}}, {'criterion': 'squared_error', 'ag_args': {'name_suffix': 'MSE', 'problem_types': ['regression']}}],
	'KNN': [{'weights': 'uniform', 'ag_args': {'name_suffix': 'Unif'}, 'n_jobs': 4}, {'weights': 'distance', 'ag_args': {'name_suffix': 'Dist'}, 'n_jobs': 4}],
}
Fitting 11 L1 models ...
Fitting model: KNeighborsUnif ...
	0.6524	 = Validation score   (accuracy)
	0.2s	 = Training   runtime
	1.15s	 = Validation runtime
Fitting model: KNeighborsDist ...
	0.6524	 = Validation score   (accuracy)
	0.17s	 = Training   runtime
	1.14s	 = Validation runtime
Fitting model: LightGBMXT ...
	0.7648	 = Validation score   (accuracy)
	270.06s	 = Training   runtime
	1.59s	 = Validation runtime
Fitting model: LightGBM ...
	0.7641	 = Validation score   (accuracy)
	102.09s	 = Training   runtime
	0.19s	 = Validation runtime
Fitting model: RandomForestGini ...
	0.7297	 = Validation score   (accuracy)
	13.37s	 = Training   runtime
	0.61s	 = Validation runtime
Fitting model: RandomForestEntr ...
	0.7297	 = Validation score   (accuracy)
	14.31s	 = Training   runtime
	0.61s	 = Validation runtime
Fitting model: CatBoost ...
	0.7614	 = Validation score   (accuracy)
	45.82s	 = Training   runtime
	0.07s	 = Validation runtime
Fitting model: ExtraTreesGini ...
	0.6986	 = Validation score   (accuracy)
	10.57s	 = Training   runtime
	0.7s	 = Validation runtime
Fitting model: ExtraTreesEntr ...
	0.7124	 = Validation score   (accuracy)
	11.31s	 = Training   runtime
	0.64s	 = Validation runtime
Fitting model: XGBoost ...
	0.7614	 = Validation score   (accuracy)
	44.69s	 = Training   runtime
	0.15s	 = Validation runtime
Fitting model: LightGBMLarge ...
	0.7703	 = Validation score   (accuracy)
	584.24s	 = Training   runtime
	1.1s	 = Validation runtime
Fitting model: WeightedEnsemble_L2 ...
	Ensemble Weights: {'LightGBMLarge': 0.778, 'LightGBM': 0.111, 'XGBoost': 0.111}
	0.7731	 = Validation score   (accuracy)
	1.27s	 = Training   runtime
	0.01s	 = Validation runtime
AutoGluon training complete, total runtime = 1119.58s ... Best model: "WeightedEnsemble_L2"
TabularPredictor saved. To load, use: predictor = TabularPredictor.load("AutogluonModels/ag-20250416_021119/Predictor_S3 (SBS3 - 0.97)")
Presets specified: ['medium_quality']
Beginning AutoGluon training ...
AutoGluon will save models to "AutogluonModels/ag-20250416_021119/Predictor_S4 (SBS4 - 0.98)"
=================== System Info ===================
AutoGluon Version:  1.1.0
Python Version:     3.10.15
Operating System:   Linux
Platform Machine:   x86_64
Platform Version:   #1 SMP PREEMPT_DYNAMIC Thu Apr 3 12:12:16 UTC 2025
CPU Count:          272
Memory Avail:       198.71 GB / 203.90 GB (97.5%)
Disk Space Avail:   1359.71 GB / 5120.00 GB (26.6%)
===================================================
Train Data Rows:    14495
Train Data Columns: 99
Label Column:       S4 (SBS4 - 0.98)
AutoGluon infers your prediction problem is: 'binary' (because only two unique label-values observed).
	2 unique label values:  [False, True]
	If 'binary' is not the correct problem_type, please manually specify the problem_type parameter during predictor init (You may specify problem_type as one of: ['binary', 'multiclass', 'regression'])
Problem Type:       binary
Preprocessing data ...
Selected class <--> label mapping:  class 1 = True, class 0 = False
Using Feature Generators to preprocess the data ...
Fitting AutoMLPipelineFeatureGenerator...
	Available Memory:                    203490.47 MB
	Train Data (Original)  Memory Usage: 10.66 MB (0.0% of available memory)
	Inferring data type of each feature based on column values. Set feature_metadata_in to manually specify special dtypes of the features.
	Stage 1 Generators:
		Fitting AsTypeFeatureGenerator...
			Note: Converting 3 features to boolean dtype as they only contain 2 unique values.
	Stage 2 Generators:
		Fitting FillNaFeatureGenerator...
	Stage 3 Generators:
		Fitting IdentityFeatureGenerator...
	Stage 4 Generators:
		Fitting DropUniqueFeatureGenerator...
	Stage 5 Generators:
		Fitting DropDuplicatesFeatureGenerator...
	Types of features in original data (raw dtype, special dtypes):
		('bool', []) :  3 | ['S1 (SBS1 - 0.99)', 'S2 (SBS2 - 0.99)', 'S3 (SBS3 - 0.97)']
		('int', [])  : 96 | ['A[C>A]A', 'A[C>A]C', 'A[C>A]G', 'A[C>A]T', 'A[C>G]A', ...]
	Types of features in processed data (raw dtype, special dtypes):
		('int', [])       : 96 | ['A[C>A]A', 'A[C>A]C', 'A[C>A]G', 'A[C>A]T', 'A[C>G]A', ...]
		('int', ['bool']) :  3 | ['S1 (SBS1 - 0.99)', 'S2 (SBS2 - 0.99)', 'S3 (SBS3 - 0.97)']
	1.7s = Fit runtime
	99 features in original data used to generate 99 features in processed data.
	Train Data (Processed) Memory Usage: 10.66 MB (0.0% of available memory)
Data preprocessing and feature engineering runtime = 1.84s ...
AutoGluon will gauge predictive performance using evaluation metric: 'accuracy'
	To change this, specify the eval_metric parameter of Predictor()
Automatically generating train/validation split with holdout_frac=0.1, Train Rows: 13045, Val Rows: 1450
User-specified model hyperparameters to be fit:
{
	'GBM': [{'extra_trees': True, 'ag_args': {'name_suffix': 'XT'}}, {}, 'GBMLarge'],
	'CAT': {},
	'XGB': {},
	'RF': [{'criterion': 'gini', 'ag_args': {'name_suffix': 'Gini', 'problem_types': ['binary', 'multiclass']}}, {'criterion': 'entropy', 'ag_args': {'name_suffix': 'Entr', 'problem_types': ['binary', 'multiclass']}}, {'criterion': 'squared_error', 'ag_args': {'name_suffix': 'MSE', 'problem_types': ['regression']}}],
	'XT': [{'criterion': 'gini', 'ag_args': {'name_suffix': 'Gini', 'problem_types': ['binary', 'multiclass']}}, {'criterion': 'entropy', 'ag_args': {'name_suffix': 'Entr', 'problem_types': ['binary', 'multiclass']}}, {'criterion': 'squared_error', 'ag_args': {'name_suffix': 'MSE', 'problem_types': ['regression']}}],
	'KNN': [{'weights': 'uniform', 'ag_args': {'name_suffix': 'Unif'}, 'n_jobs': 4}, {'weights': 'distance', 'ag_args': {'name_suffix': 'Dist'}, 'n_jobs': 4}],
}
Fitting 11 L1 models ...
Fitting model: KNeighborsUnif ...
	0.6276	 = Validation score   (accuracy)
	0.17s	 = Training   runtime
	1.14s	 = Validation runtime
Fitting model: KNeighborsDist ...
	0.6276	 = Validation score   (accuracy)
	0.16s	 = Training   runtime
	1.14s	 = Validation runtime
Fitting model: LightGBMXT ...
	0.6986	 = Validation score   (accuracy)
	137.26s	 = Training   runtime
	0.68s	 = Validation runtime
Fitting model: LightGBM ...
	0.7097	 = Validation score   (accuracy)
	128.02s	 = Training   runtime
	0.45s	 = Validation runtime
Fitting model: RandomForestGini ...
	0.6903	 = Validation score   (accuracy)
	12.96s	 = Training   runtime
	0.62s	 = Validation runtime
Fitting model: RandomForestEntr ...
	0.689	 = Validation score   (accuracy)
	14.21s	 = Training   runtime
	0.62s	 = Validation runtime
Fitting model: CatBoost ...
	0.7097	 = Validation score   (accuracy)
	39.89s	 = Training   runtime
	0.07s	 = Validation runtime
Fitting model: ExtraTreesGini ...
	0.6697	 = Validation score   (accuracy)
	10.76s	 = Training   runtime
	0.67s	 = Validation runtime
Fitting model: ExtraTreesEntr ...
	0.6772	 = Validation score   (accuracy)
	11.34s	 = Training   runtime
	0.65s	 = Validation runtime
Fitting model: XGBoost ...
	0.6972	 = Validation score   (accuracy)
	30.18s	 = Training   runtime
	0.08s	 = Validation runtime
Fitting model: LightGBMLarge ...
	0.7124	 = Validation score   (accuracy)
	440.45s	 = Training   runtime
	0.69s	 = Validation runtime
Fitting model: WeightedEnsemble_L2 ...
	Ensemble Weights: {'LightGBMLarge': 0.917, 'RandomForestEntr': 0.083}
	0.7131	 = Validation score   (accuracy)
	1.27s	 = Training   runtime
	0.01s	 = Validation runtime
AutoGluon training complete, total runtime = 846.74s ... Best model: "WeightedEnsemble_L2"
TabularPredictor saved. To load, use: predictor = TabularPredictor.load("AutogluonModels/ag-20250416_021119/Predictor_S4 (SBS4 - 0.98)")
Presets specified: ['medium_quality']
Beginning AutoGluon training ...
AutoGluon will save models to "AutogluonModels/ag-20250416_021119/Predictor_S5 (SBS5 - 0.98)"
=================== System Info ===================
AutoGluon Version:  1.1.0
Python Version:     3.10.15
Operating System:   Linux
Platform Machine:   x86_64
Platform Version:   #1 SMP PREEMPT_DYNAMIC Thu Apr 3 12:12:16 UTC 2025
CPU Count:          272
Memory Avail:       198.53 GB / 203.90 GB (97.4%)
Disk Space Avail:   1359.16 GB / 5120.00 GB (26.5%)
===================================================
Train Data Rows:    14495
Train Data Columns: 100
Label Column:       S5 (SBS5 - 0.98)
AutoGluon infers your prediction problem is: 'binary' (because only two unique label-values observed).
	2 unique label values:  [True, False]
	If 'binary' is not the correct problem_type, please manually specify the problem_type parameter during predictor init (You may specify problem_type as one of: ['binary', 'multiclass', 'regression'])
Problem Type:       binary
Preprocessing data ...
Selected class <--> label mapping:  class 1 = True, class 0 = False
Using Feature Generators to preprocess the data ...
Fitting AutoMLPipelineFeatureGenerator...
	Available Memory:                    203305.48 MB
	Train Data (Original)  Memory Usage: 10.67 MB (0.0% of available memory)
	Inferring data type of each feature based on column values. Set feature_metadata_in to manually specify special dtypes of the features.
	Stage 1 Generators:
		Fitting AsTypeFeatureGenerator...
			Note: Converting 4 features to boolean dtype as they only contain 2 unique values.
	Stage 2 Generators:
		Fitting FillNaFeatureGenerator...
	Stage 3 Generators:
		Fitting IdentityFeatureGenerator...
	Stage 4 Generators:
		Fitting DropUniqueFeatureGenerator...
	Stage 5 Generators:
		Fitting DropDuplicatesFeatureGenerator...
	Types of features in original data (raw dtype, special dtypes):
		('bool', []) :  4 | ['S1 (SBS1 - 0.99)', 'S2 (SBS2 - 0.99)', 'S3 (SBS3 - 0.97)', 'S4 (SBS4 - 0.98)']
		('int', [])  : 96 | ['A[C>A]A', 'A[C>A]C', 'A[C>A]G', 'A[C>A]T', 'A[C>G]A', ...]
	Types of features in processed data (raw dtype, special dtypes):
		('int', [])       : 96 | ['A[C>A]A', 'A[C>A]C', 'A[C>A]G', 'A[C>A]T', 'A[C>G]A', ...]
		('int', ['bool']) :  4 | ['S1 (SBS1 - 0.99)', 'S2 (SBS2 - 0.99)', 'S3 (SBS3 - 0.97)', 'S4 (SBS4 - 0.98)']
	1.7s = Fit runtime
	100 features in original data used to generate 100 features in processed data.
	Train Data (Processed) Memory Usage: 10.67 MB (0.0% of available memory)
Data preprocessing and feature engineering runtime = 1.85s ...
AutoGluon will gauge predictive performance using evaluation metric: 'accuracy'
	To change this, specify the eval_metric parameter of Predictor()
Automatically generating train/validation split with holdout_frac=0.1, Train Rows: 13045, Val Rows: 1450
User-specified model hyperparameters to be fit:
{
	'GBM': [{'extra_trees': True, 'ag_args': {'name_suffix': 'XT'}}, {}, 'GBMLarge'],
	'CAT': {},
	'XGB': {},
	'RF': [{'criterion': 'gini', 'ag_args': {'name_suffix': 'Gini', 'problem_types': ['binary', 'multiclass']}}, {'criterion': 'entropy', 'ag_args': {'name_suffix': 'Entr', 'problem_types': ['binary', 'multiclass']}}, {'criterion': 'squared_error', 'ag_args': {'name_suffix': 'MSE', 'problem_types': ['regression']}}],
	'XT': [{'criterion': 'gini', 'ag_args': {'name_suffix': 'Gini', 'problem_types': ['binary', 'multiclass']}}, {'criterion': 'entropy', 'ag_args': {'name_suffix': 'Entr', 'problem_types': ['binary', 'multiclass']}}, {'criterion': 'squared_error', 'ag_args': {'name_suffix': 'MSE', 'problem_types': ['regression']}}],
	'KNN': [{'weights': 'uniform', 'ag_args': {'name_suffix': 'Unif'}, 'n_jobs': 4}, {'weights': 'distance', 'ag_args': {'name_suffix': 'Dist'}, 'n_jobs': 4}],
}
Fitting 11 L1 models ...
Fitting model: KNeighborsUnif ...
	0.8372	 = Validation score   (accuracy)
	0.19s	 = Training   runtime
	1.15s	 = Validation runtime
Fitting model: KNeighborsDist ...
	0.8372	 = Validation score   (accuracy)
	0.16s	 = Training   runtime
	1.15s	 = Validation runtime
Fitting model: LightGBMXT ...
	0.8628	 = Validation score   (accuracy)
	152.15s	 = Training   runtime
	0.87s	 = Validation runtime
Fitting model: LightGBM ...
	0.8634	 = Validation score   (accuracy)
	96.24s	 = Training   runtime
	0.19s	 = Validation runtime
Fitting model: RandomForestGini ...
	0.8531	 = Validation score   (accuracy)
	12.84s	 = Training   runtime
	0.6s	 = Validation runtime
Fitting model: RandomForestEntr ...
	0.8593	 = Validation score   (accuracy)
	13.12s	 = Training   runtime
	0.59s	 = Validation runtime
Fitting model: CatBoost ...
	0.8634	 = Validation score   (accuracy)
	36.98s	 = Training   runtime
	0.1s	 = Validation runtime
Fitting model: ExtraTreesGini ...
	0.8559	 = Validation score   (accuracy)
	10.3s	 = Training   runtime
	0.64s	 = Validation runtime
Fitting model: ExtraTreesEntr ...
	0.8538	 = Validation score   (accuracy)
	10.69s	 = Training   runtime
	0.65s	 = Validation runtime
Fitting model: XGBoost ...
	0.8634	 = Validation score   (accuracy)
	28.85s	 = Training   runtime
	0.08s	 = Validation runtime
Fitting model: LightGBMLarge ...
	0.8628	 = Validation score   (accuracy)
	307.32s	 = Training   runtime
	0.17s	 = Validation runtime
Fitting model: WeightedEnsemble_L2 ...
	Ensemble Weights: {'LightGBM': 0.474, 'RandomForestGini': 0.263, 'ExtraTreesGini': 0.158, 'LightGBMXT': 0.053, 'LightGBMLarge': 0.053}
	0.8683	 = Validation score   (accuracy)
	1.26s	 = Training   runtime
	0.01s	 = Validation runtime
AutoGluon training complete, total runtime = 685.76s ... Best model: "WeightedEnsemble_L2"
TabularPredictor saved. To load, use: predictor = TabularPredictor.load("AutogluonModels/ag-20250416_021119/Predictor_S5 (SBS5 - 0.98)")
Presets specified: ['medium_quality']
Beginning AutoGluon training ...
AutoGluon will save models to "AutogluonModels/ag-20250416_021119/Predictor_S6 (SBS7a - 1.00)"
=================== System Info ===================
AutoGluon Version:  1.1.0
Python Version:     3.10.15
Operating System:   Linux
Platform Machine:   x86_64
Platform Version:   #1 SMP PREEMPT_DYNAMIC Thu Apr 3 12:12:16 UTC 2025
CPU Count:          272
Memory Avail:       198.33 GB / 203.90 GB (97.3%)
Disk Space Avail:   1358.80 GB / 5120.00 GB (26.5%)
===================================================
Train Data Rows:    14495
Train Data Columns: 101
Label Column:       S6 (SBS7a - 1.00)
AutoGluon infers your prediction problem is: 'binary' (because only two unique label-values observed).
	2 unique label values:  [False, True]
	If 'binary' is not the correct problem_type, please manually specify the problem_type parameter during predictor init (You may specify problem_type as one of: ['binary', 'multiclass', 'regression'])
Problem Type:       binary
Preprocessing data ...
Selected class <--> label mapping:  class 1 = True, class 0 = False
Using Feature Generators to preprocess the data ...
Fitting AutoMLPipelineFeatureGenerator...
	Available Memory:                    203105.12 MB
	Train Data (Original)  Memory Usage: 10.69 MB (0.0% of available memory)
	Inferring data type of each feature based on column values. Set feature_metadata_in to manually specify special dtypes of the features.
	Stage 1 Generators:
		Fitting AsTypeFeatureGenerator...
			Note: Converting 5 features to boolean dtype as they only contain 2 unique values.
	Stage 2 Generators:
		Fitting FillNaFeatureGenerator...
	Stage 3 Generators:
		Fitting IdentityFeatureGenerator...
	Stage 4 Generators:
		Fitting DropUniqueFeatureGenerator...
	Stage 5 Generators:
		Fitting DropDuplicatesFeatureGenerator...
	Types of features in original data (raw dtype, special dtypes):
		('bool', []) :  5 | ['S1 (SBS1 - 0.99)', 'S2 (SBS2 - 0.99)', 'S3 (SBS3 - 0.97)', 'S4 (SBS4 - 0.98)', 'S5 (SBS5 - 0.98)']
		('int', [])  : 96 | ['A[C>A]A', 'A[C>A]C', 'A[C>A]G', 'A[C>A]T', 'A[C>G]A', ...]
	Types of features in processed data (raw dtype, special dtypes):
		('int', [])       : 96 | ['A[C>A]A', 'A[C>A]C', 'A[C>A]G', 'A[C>A]T', 'A[C>G]A', ...]
		('int', ['bool']) :  5 | ['S1 (SBS1 - 0.99)', 'S2 (SBS2 - 0.99)', 'S3 (SBS3 - 0.97)', 'S4 (SBS4 - 0.98)', 'S5 (SBS5 - 0.98)']
	2.1s = Fit runtime
	101 features in original data used to generate 101 features in processed data.
	Train Data (Processed) Memory Usage: 10.69 MB (0.0% of available memory)
Data preprocessing and feature engineering runtime = 2.2s ...
AutoGluon will gauge predictive performance using evaluation metric: 'accuracy'
	To change this, specify the eval_metric parameter of Predictor()
Automatically generating train/validation split with holdout_frac=0.1, Train Rows: 13045, Val Rows: 1450
User-specified model hyperparameters to be fit:
{
	'GBM': [{'extra_trees': True, 'ag_args': {'name_suffix': 'XT'}}, {}, 'GBMLarge'],
	'CAT': {},
	'XGB': {},
	'RF': [{'criterion': 'gini', 'ag_args': {'name_suffix': 'Gini', 'problem_types': ['binary', 'multiclass']}}, {'criterion': 'entropy', 'ag_args': {'name_suffix': 'Entr', 'problem_types': ['binary', 'multiclass']}}, {'criterion': 'squared_error', 'ag_args': {'name_suffix': 'MSE', 'problem_types': ['regression']}}],
	'XT': [{'criterion': 'gini', 'ag_args': {'name_suffix': 'Gini', 'problem_types': ['binary', 'multiclass']}}, {'criterion': 'entropy', 'ag_args': {'name_suffix': 'Entr', 'problem_types': ['binary', 'multiclass']}}, {'criterion': 'squared_error', 'ag_args': {'name_suffix': 'MSE', 'problem_types': ['regression']}}],
	'KNN': [{'weights': 'uniform', 'ag_args': {'name_suffix': 'Unif'}, 'n_jobs': 4}, {'weights': 'distance', 'ag_args': {'name_suffix': 'Dist'}, 'n_jobs': 4}],
}
Fitting 11 L1 models ...
Fitting model: KNeighborsUnif ...
	0.7883	 = Validation score   (accuracy)
	0.17s	 = Training   runtime
	1.14s	 = Validation runtime
Fitting model: KNeighborsDist ...
	0.7876	 = Validation score   (accuracy)
	0.16s	 = Training   runtime
	1.14s	 = Validation runtime
Fitting model: LightGBMXT ...
	0.8448	 = Validation score   (accuracy)
	176.69s	 = Training   runtime
	1.1s	 = Validation runtime
Fitting model: LightGBM ...
	0.8476	 = Validation score   (accuracy)
	109.74s	 = Training   runtime
	0.26s	 = Validation runtime
Fitting model: RandomForestGini ...
	0.8338	 = Validation score   (accuracy)
	13.85s	 = Training   runtime
	0.6s	 = Validation runtime
Fitting model: RandomForestEntr ...
	0.8338	 = Validation score   (accuracy)
	13.82s	 = Training   runtime
	0.61s	 = Validation runtime
Fitting model: CatBoost ...
	0.8386	 = Validation score   (accuracy)
	32.52s	 = Training   runtime
	0.07s	 = Validation runtime
Fitting model: ExtraTreesGini ...
	0.8283	 = Validation score   (accuracy)
	10.31s	 = Training   runtime
	0.64s	 = Validation runtime
Fitting model: ExtraTreesEntr ...
	0.8276	 = Validation score   (accuracy)
	10.89s	 = Training   runtime
	0.62s	 = Validation runtime
Fitting model: XGBoost ...
	0.8428	 = Validation score   (accuracy)
	39.79s	 = Training   runtime
	0.13s	 = Validation runtime
Fitting model: LightGBMLarge ...
	0.8407	 = Validation score   (accuracy)
	289.87s	 = Training   runtime
	0.13s	 = Validation runtime
Fitting model: WeightedEnsemble_L2 ...
	Ensemble Weights: {'LightGBM': 0.818, 'LightGBMXT': 0.091, 'XGBoost': 0.091}
	0.849	 = Validation score   (accuracy)
	1.26s	 = Training   runtime
	0.01s	 = Validation runtime
AutoGluon training complete, total runtime = 715.8s ... Best model: "WeightedEnsemble_L2"
TabularPredictor saved. To load, use: predictor = TabularPredictor.load("AutogluonModels/ag-20250416_021119/Predictor_S6 (SBS7a - 1.00)")
Presets specified: ['medium_quality']
Beginning AutoGluon training ...
AutoGluon will save models to "AutogluonModels/ag-20250416_021119/Predictor_S7 (SBS7b - 0.96)"
=================== System Info ===================
AutoGluon Version:  1.1.0
Python Version:     3.10.15
Operating System:   Linux
Platform Machine:   x86_64
Platform Version:   #1 SMP PREEMPT_DYNAMIC Thu Apr 3 12:12:16 UTC 2025
CPU Count:          272
Memory Avail:       198.23 GB / 203.90 GB (97.2%)
Disk Space Avail:   1358.42 GB / 5120.00 GB (26.5%)
===================================================
Train Data Rows:    14495
Train Data Columns: 102
Label Column:       S7 (SBS7b - 0.96)
AutoGluon infers your prediction problem is: 'binary' (because only two unique label-values observed).
	2 unique label values:  [False, True]
	If 'binary' is not the correct problem_type, please manually specify the problem_type parameter during predictor init (You may specify problem_type as one of: ['binary', 'multiclass', 'regression'])
Problem Type:       binary
Preprocessing data ...
Selected class <--> label mapping:  class 1 = True, class 0 = False
Using Feature Generators to preprocess the data ...
Fitting AutoMLPipelineFeatureGenerator...
	Available Memory:                    202997.50 MB
	Train Data (Original)  Memory Usage: 10.70 MB (0.0% of available memory)
	Inferring data type of each feature based on column values. Set feature_metadata_in to manually specify special dtypes of the features.
	Stage 1 Generators:
		Fitting AsTypeFeatureGenerator...
			Note: Converting 6 features to boolean dtype as they only contain 2 unique values.
	Stage 2 Generators:
		Fitting FillNaFeatureGenerator...
	Stage 3 Generators:
		Fitting IdentityFeatureGenerator...
	Stage 4 Generators:
		Fitting DropUniqueFeatureGenerator...
	Stage 5 Generators:
		Fitting DropDuplicatesFeatureGenerator...
	Types of features in original data (raw dtype, special dtypes):
		('bool', []) :  6 | ['S1 (SBS1 - 0.99)', 'S2 (SBS2 - 0.99)', 'S3 (SBS3 - 0.97)', 'S4 (SBS4 - 0.98)', 'S5 (SBS5 - 0.98)', ...]
		('int', [])  : 96 | ['A[C>A]A', 'A[C>A]C', 'A[C>A]G', 'A[C>A]T', 'A[C>G]A', ...]
	Types of features in processed data (raw dtype, special dtypes):
		('int', [])       : 96 | ['A[C>A]A', 'A[C>A]C', 'A[C>A]G', 'A[C>A]T', 'A[C>G]A', ...]
		('int', ['bool']) :  6 | ['S1 (SBS1 - 0.99)', 'S2 (SBS2 - 0.99)', 'S3 (SBS3 - 0.97)', 'S4 (SBS4 - 0.98)', 'S5 (SBS5 - 0.98)', ...]
	2.1s = Fit runtime
	102 features in original data used to generate 102 features in processed data.
	Train Data (Processed) Memory Usage: 10.70 MB (0.0% of available memory)
Data preprocessing and feature engineering runtime = 2.24s ...
AutoGluon will gauge predictive performance using evaluation metric: 'accuracy'
	To change this, specify the eval_metric parameter of Predictor()
Automatically generating train/validation split with holdout_frac=0.1, Train Rows: 13045, Val Rows: 1450
User-specified model hyperparameters to be fit:
{
	'GBM': [{'extra_trees': True, 'ag_args': {'name_suffix': 'XT'}}, {}, 'GBMLarge'],
	'CAT': {},
	'XGB': {},
	'RF': [{'criterion': 'gini', 'ag_args': {'name_suffix': 'Gini', 'problem_types': ['binary', 'multiclass']}}, {'criterion': 'entropy', 'ag_args': {'name_suffix': 'Entr', 'problem_types': ['binary', 'multiclass']}}, {'criterion': 'squared_error', 'ag_args': {'name_suffix': 'MSE', 'problem_types': ['regression']}}],
	'XT': [{'criterion': 'gini', 'ag_args': {'name_suffix': 'Gini', 'problem_types': ['binary', 'multiclass']}}, {'criterion': 'entropy', 'ag_args': {'name_suffix': 'Entr', 'problem_types': ['binary', 'multiclass']}}, {'criterion': 'squared_error', 'ag_args': {'name_suffix': 'MSE', 'problem_types': ['regression']}}],
	'KNN': [{'weights': 'uniform', 'ag_args': {'name_suffix': 'Unif'}, 'n_jobs': 4}, {'weights': 'distance', 'ag_args': {'name_suffix': 'Dist'}, 'n_jobs': 4}],
}
Fitting 11 L1 models ...
Fitting model: KNeighborsUnif ...
	0.7076	 = Validation score   (accuracy)
	0.17s	 = Training   runtime
	1.14s	 = Validation runtime
Fitting model: KNeighborsDist ...
	0.7076	 = Validation score   (accuracy)
	0.16s	 = Training   runtime
	1.14s	 = Validation runtime
Fitting model: LightGBMXT ...
	0.7683	 = Validation score   (accuracy)
	131.83s	 = Training   runtime
	0.58s	 = Validation runtime
Fitting model: LightGBM ...
	0.7621	 = Validation score   (accuracy)
	67.48s	 = Training   runtime
	0.1s	 = Validation runtime
Fitting model: RandomForestGini ...
	0.7552	 = Validation score   (accuracy)
	13.48s	 = Training   runtime
	0.62s	 = Validation runtime
Fitting model: RandomForestEntr ...
	0.7559	 = Validation score   (accuracy)
	13.94s	 = Training   runtime
	0.61s	 = Validation runtime
Fitting model: CatBoost ...
	0.7662	 = Validation score   (accuracy)
	25.13s	 = Training   runtime
	0.07s	 = Validation runtime
Fitting model: ExtraTreesGini ...
	0.7428	 = Validation score   (accuracy)
	10.67s	 = Training   runtime
	0.63s	 = Validation runtime
Fitting model: ExtraTreesEntr ...
	0.7476	 = Validation score   (accuracy)
	11.22s	 = Training   runtime
	0.65s	 = Validation runtime
Fitting model: XGBoost ...
	0.7593	 = Validation score   (accuracy)
	34.72s	 = Training   runtime
	0.1s	 = Validation runtime
Fitting model: LightGBMLarge ...
	0.76	 = Validation score   (accuracy)
	330.55s	 = Training   runtime
	0.21s	 = Validation runtime
Fitting model: WeightedEnsemble_L2 ...
	Ensemble Weights: {'LightGBMXT': 0.385, 'LightGBM': 0.231, 'XGBoost': 0.231, 'CatBoost': 0.154}
	0.7759	 = Validation score   (accuracy)
	1.27s	 = Training   runtime
	0.01s	 = Validation runtime
AutoGluon training complete, total runtime = 658.07s ... Best model: "WeightedEnsemble_L2"
TabularPredictor saved. To load, use: predictor = TabularPredictor.load("AutogluonModels/ag-20250416_021119/Predictor_S7 (SBS7b - 0.96)")
Presets specified: ['medium_quality']
Beginning AutoGluon training ...
AutoGluon will save models to "AutogluonModels/ag-20250416_021119/Predictor_S8 (SBS8 - 0.92)"
=================== System Info ===================
AutoGluon Version:  1.1.0
Python Version:     3.10.15
Operating System:   Linux
Platform Machine:   x86_64
Platform Version:   #1 SMP PREEMPT_DYNAMIC Thu Apr 3 12:12:16 UTC 2025
CPU Count:          272
Memory Avail:       198.08 GB / 203.90 GB (97.1%)
Disk Space Avail:   1357.95 GB / 5120.00 GB (26.5%)
===================================================
Train Data Rows:    14495
Train Data Columns: 103
Label Column:       S8 (SBS8 - 0.92)
AutoGluon infers your prediction problem is: 'binary' (because only two unique label-values observed).
	2 unique label values:  [False, True]
	If 'binary' is not the correct problem_type, please manually specify the problem_type parameter during predictor init (You may specify problem_type as one of: ['binary', 'multiclass', 'regression'])
Problem Type:       binary
Preprocessing data ...
Selected class <--> label mapping:  class 1 = True, class 0 = False
Using Feature Generators to preprocess the data ...
Fitting AutoMLPipelineFeatureGenerator...
	Available Memory:                    202844.27 MB
	Train Data (Original)  Memory Usage: 10.71 MB (0.0% of available memory)
	Inferring data type of each feature based on column values. Set feature_metadata_in to manually specify special dtypes of the features.
	Stage 1 Generators:
		Fitting AsTypeFeatureGenerator...
			Note: Converting 7 features to boolean dtype as they only contain 2 unique values.
	Stage 2 Generators:
		Fitting FillNaFeatureGenerator...
	Stage 3 Generators:
		Fitting IdentityFeatureGenerator...
	Stage 4 Generators:
		Fitting DropUniqueFeatureGenerator...
	Stage 5 Generators:
		Fitting DropDuplicatesFeatureGenerator...
	Types of features in original data (raw dtype, special dtypes):
		('bool', []) :  7 | ['S1 (SBS1 - 0.99)', 'S2 (SBS2 - 0.99)', 'S3 (SBS3 - 0.97)', 'S4 (SBS4 - 0.98)', 'S5 (SBS5 - 0.98)', ...]
		('int', [])  : 96 | ['A[C>A]A', 'A[C>A]C', 'A[C>A]G', 'A[C>A]T', 'A[C>G]A', ...]
	Types of features in processed data (raw dtype, special dtypes):
		('int', [])       : 96 | ['A[C>A]A', 'A[C>A]C', 'A[C>A]G', 'A[C>A]T', 'A[C>G]A', ...]
		('int', ['bool']) :  7 | ['S1 (SBS1 - 0.99)', 'S2 (SBS2 - 0.99)', 'S3 (SBS3 - 0.97)', 'S4 (SBS4 - 0.98)', 'S5 (SBS5 - 0.98)', ...]
	2.1s = Fit runtime
	103 features in original data used to generate 103 features in processed data.
	Train Data (Processed) Memory Usage: 10.71 MB (0.0% of available memory)
Data preprocessing and feature engineering runtime = 2.24s ...
AutoGluon will gauge predictive performance using evaluation metric: 'accuracy'
	To change this, specify the eval_metric parameter of Predictor()
Automatically generating train/validation split with holdout_frac=0.1, Train Rows: 13045, Val Rows: 1450
User-specified model hyperparameters to be fit:
{
	'GBM': [{'extra_trees': True, 'ag_args': {'name_suffix': 'XT'}}, {}, 'GBMLarge'],
	'CAT': {},
	'XGB': {},
	'RF': [{'criterion': 'gini', 'ag_args': {'name_suffix': 'Gini', 'problem_types': ['binary', 'multiclass']}}, {'criterion': 'entropy', 'ag_args': {'name_suffix': 'Entr', 'problem_types': ['binary', 'multiclass']}}, {'criterion': 'squared_error', 'ag_args': {'name_suffix': 'MSE', 'problem_types': ['regression']}}],
	'XT': [{'criterion': 'gini', 'ag_args': {'name_suffix': 'Gini', 'problem_types': ['binary', 'multiclass']}}, {'criterion': 'entropy', 'ag_args': {'name_suffix': 'Entr', 'problem_types': ['binary', 'multiclass']}}, {'criterion': 'squared_error', 'ag_args': {'name_suffix': 'MSE', 'problem_types': ['regression']}}],
	'KNN': [{'weights': 'uniform', 'ag_args': {'name_suffix': 'Unif'}, 'n_jobs': 4}, {'weights': 'distance', 'ag_args': {'name_suffix': 'Dist'}, 'n_jobs': 4}],
}
Fitting 11 L1 models ...
Fitting model: KNeighborsUnif ...
	0.6517	 = Validation score   (accuracy)
	0.18s	 = Training   runtime
	1.14s	 = Validation runtime
Fitting model: KNeighborsDist ...
	0.6517	 = Validation score   (accuracy)
	0.16s	 = Training   runtime
	1.14s	 = Validation runtime
Fitting model: LightGBMXT ...
slurmstepd: error: *** JOB 36898 ON dc01 CANCELLED AT 2025-04-15T23:37:16 ***
