Verbosity: 2 (Standard Logging)
=================== System Info ===================
AutoGluon Version:  1.2
Python Version:     3.10.15
Operating System:   Linux
Platform Machine:   x86_64
Platform Version:   #1 SMP PREEMPT_DYNAMIC Thu Apr 3 12:12:16 UTC 2025
CPU Count:          272
Memory Avail:       189.34 GB / 203.90 GB (92.9%)
Disk Space Avail:   1288.82 GB / 5026.92 GB (25.6%)
===================================================
Presets specified: ['medium_quality']
Verbosity: 2 (Standard Logging)
=================== System Info ===================
AutoGluon Version:  1.2
Python Version:     3.10.15
Operating System:   Linux
Platform Machine:   x86_64
Platform Version:   #1 SMP PREEMPT_DYNAMIC Thu Apr 3 12:12:16 UTC 2025
CPU Count:          272
Memory Avail:       189.34 GB / 203.90 GB (92.9%)
Disk Space Avail:   1288.82 GB / 5026.92 GB (25.6%)
===================================================
Presets specified: ['medium_quality']
Verbosity: 2 (Standard Logging)
=================== System Info ===================
AutoGluon Version:  1.2
Python Version:     3.10.15
Operating System:   Linux
Platform Machine:   x86_64
Platform Version:   #1 SMP PREEMPT_DYNAMIC Thu Apr 3 12:12:16 UTC 2025
CPU Count:          272
Memory Avail:       189.31 GB / 203.90 GB (92.8%)
Disk Space Avail:   1288.82 GB / 5026.92 GB (25.6%)
===================================================
Presets specified: ['medium_quality']
Verbosity: 2 (Standard Logging)
Verbosity: 2 (Standard Logging)
Verbosity: 2 (Standard Logging)
=================== System Info ===================
AutoGluon Version:  1.2
Python Version:     3.10.15
Operating System:   Linux
Platform Machine:   x86_64
Platform Version:   #1 SMP PREEMPT_DYNAMIC Thu Apr 3 12:12:16 UTC 2025
CPU Count:          272
Memory Avail:       189.26 GB / 203.90 GB (92.8%)
Disk Space Avail:   1288.82 GB / 5026.92 GB (25.6%)
===================================================
Presets specified: ['medium_quality']
=================== System Info ===================
AutoGluon Version:  1.2
Python Version:     3.10.15
Operating System:   Linux
Platform Machine:   x86_64
Platform Version:   #1 SMP PREEMPT_DYNAMIC Thu Apr 3 12:12:16 UTC 2025
CPU Count:          272
Memory Avail:       189.26 GB / 203.90 GB (92.8%)
Disk Space Avail:   1288.82 GB / 5026.92 GB (25.6%)
===================================================
Presets specified: ['medium_quality']
=================== System Info ===================
AutoGluon Version:  1.2
Python Version:     3.10.15
Operating System:   Linux
Platform Machine:   x86_64
Platform Version:   #1 SMP PREEMPT_DYNAMIC Thu Apr 3 12:12:16 UTC 2025
CPU Count:          272
Memory Avail:       189.26 GB / 203.90 GB (92.8%)
Disk Space Avail:   1288.82 GB / 5026.92 GB (25.6%)
===================================================
Presets specified: ['medium_quality']
Verbosity: 2 (Standard Logging)
Verbosity: 2 (Standard Logging)
Verbosity: 2 (Standard Logging)
=================== System Info ===================
AutoGluon Version:  1.2
Python Version:     3.10.15
Operating System:   Linux
Platform Machine:   x86_64
Platform Version:   #1 SMP PREEMPT_DYNAMIC Thu Apr 3 12:12:16 UTC 2025
CPU Count:          272
Memory Avail:       189.20 GB / 203.90 GB (92.8%)
Disk Space Avail:   1288.82 GB / 5026.92 GB (25.6%)
===================================================
Presets specified: ['medium_quality']
=================== System Info ===================
AutoGluon Version:  1.2
Python Version:     3.10.15
Operating System:   Linux
Platform Machine:   x86_64
Platform Version:   #1 SMP PREEMPT_DYNAMIC Thu Apr 3 12:12:16 UTC 2025
CPU Count:          272
Memory Avail:       189.20 GB / 203.90 GB (92.8%)
Disk Space Avail:   1288.82 GB / 5026.92 GB (25.6%)
===================================================
Presets specified: ['medium_quality']
=================== System Info ===================
AutoGluon Version:  1.2
Python Version:     3.10.15
Operating System:   Linux
Platform Machine:   x86_64
Platform Version:   #1 SMP PREEMPT_DYNAMIC Thu Apr 3 12:12:16 UTC 2025
CPU Count:          272
Memory Avail:       189.20 GB / 203.90 GB (92.8%)
Disk Space Avail:   1288.82 GB / 5026.92 GB (25.6%)
===================================================
Presets specified: ['medium_quality']
Verbosity: 2 (Standard Logging)
Verbosity: 2 (Standard Logging)
Verbosity: 2 (Standard Logging)
Verbosity: 2 (Standard Logging)
=================== System Info ===================
AutoGluon Version:  1.2
Python Version:     3.10.15
Operating System:   Linux
Platform Machine:   x86_64
Platform Version:   #1 SMP PREEMPT_DYNAMIC Thu Apr 3 12:12:16 UTC 2025
CPU Count:          272
Memory Avail:       189.13 GB / 203.90 GB (92.8%)
Disk Space Avail:   1288.82 GB / 5026.92 GB (25.6%)
===================================================
Presets specified: ['medium_quality']
=================== System Info ===================
AutoGluon Version:  1.2
Python Version:     3.10.15
Operating System:   Linux
Platform Machine:   x86_64
Platform Version:   #1 SMP PREEMPT_DYNAMIC Thu Apr 3 12:12:16 UTC 2025
CPU Count:          272
Memory Avail:       189.12 GB / 203.90 GB (92.8%)
Disk Space Avail:   1288.82 GB / 5026.92 GB (25.6%)
===================================================
Presets specified: ['medium_quality']
=================== System Info ===================
AutoGluon Version:  1.2
Python Version:     3.10.15
Operating System:   Linux
Platform Machine:   x86_64
Platform Version:   #1 SMP PREEMPT_DYNAMIC Thu Apr 3 12:12:16 UTC 2025
CPU Count:          272
Memory Avail:       189.12 GB / 203.90 GB (92.8%)
Disk Space Avail:   1288.82 GB / 5026.92 GB (25.6%)
===================================================
Presets specified: ['medium_quality']
=================== System Info ===================
AutoGluon Version:  1.2
Python Version:     3.10.15
Operating System:   Linux
Platform Machine:   x86_64
Platform Version:   #1 SMP PREEMPT_DYNAMIC Thu Apr 3 12:12:16 UTC 2025
CPU Count:          272
Memory Avail:       189.12 GB / 203.90 GB (92.8%)
Disk Space Avail:   1288.82 GB / 5026.92 GB (25.6%)
===================================================
Presets specified: ['medium_quality']
Verbosity: 2 (Standard Logging)
=================== System Info ===================
AutoGluon Version:  1.2
Python Version:     3.10.15
Operating System:   Linux
Platform Machine:   x86_64
Platform Version:   #1 SMP PREEMPT_DYNAMIC Thu Apr 3 12:12:16 UTC 2025
CPU Count:          272
Memory Avail:       189.10 GB / 203.90 GB (92.7%)
Disk Space Avail:   1288.82 GB / 5026.92 GB (25.6%)
===================================================
Verbosity: 2 (Standard Logging)
Presets specified: ['medium_quality']
=================== System Info ===================
AutoGluon Version:  1.2
Python Version:     3.10.15
Operating System:   Linux
Platform Machine:   x86_64
Platform Version:   #1 SMP PREEMPT_DYNAMIC Thu Apr 3 12:12:16 UTC 2025
CPU Count:          272
Memory Avail:       189.09 GB / 203.90 GB (92.7%)
Disk Space Avail:   1288.82 GB / 5026.92 GB (25.6%)
===================================================
Presets specified: ['medium_quality']
Verbosity: 2 (Standard Logging)
=================== System Info ===================
AutoGluon Version:  1.2
Python Version:     3.10.15
Operating System:   Linux
Platform Machine:   x86_64
Platform Version:   #1 SMP PREEMPT_DYNAMIC Thu Apr 3 12:12:16 UTC 2025
CPU Count:          272
Memory Avail:       189.07 GB / 203.90 GB (92.7%)
Disk Space Avail:   1288.82 GB / 5026.92 GB (25.6%)
===================================================
Presets specified: ['medium_quality']
Beginning AutoGluon training ... Time limit = 320s
AutoGluon will save models to "/home/baderlab/mzarant/SignatureInference/models/default_light/Predictior-0.03-2533609/Predictor_S1 (SBS1 - 0.99)"
Train Data Rows:    14495
Train Data Columns: 96
Label Column:       S1 (SBS1 - 0.99)
Problem Type:       binary
Preprocessing data ...
Beginning AutoGluon training ... Time limit = 320s
AutoGluon will save models to "/home/baderlab/mzarant/SignatureInference/models/default_light/Predictior-0.01-1419091/Predictor_S1 (SBS1 - 0.99)"
Train Data Rows:    14495
Train Data Columns: 96
Label Column:       S1 (SBS1 - 0.99)
Problem Type:       binary
Preprocessing data ...
Beginning AutoGluon training ... Time limit = 320s
AutoGluon will save models to "/home/baderlab/mzarant/SignatureInference/models/default_light/Predictior-0.1-1650685/Predictor_S1 (SBS1 - 0.99)"
Train Data Rows:    14495
Train Data Columns: 96
Label Column:       S1 (SBS1 - 0.99)
Problem Type:       binary
Preprocessing data ...
Selected class <--> label mapping:  class 1 = True, class 0 = False
Beginning AutoGluon training ... Time limit = 320s
AutoGluon will save models to "/home/baderlab/mzarant/SignatureInference/models/default_light/Predictior-0.15-2318533/Predictor_S1 (SBS1 - 0.99)"
Train Data Rows:    14495
Train Data Columns: 96
Label Column:       S1 (SBS1 - 0.99)
Problem Type:       binary
Preprocessing data ...
Beginning AutoGluon training ... Time limit = 320s
AutoGluon will save models to "/home/baderlab/mzarant/SignatureInference/models/default_light/Predictior-0.4-4237358/Predictor_S1 (SBS1 - 0.99)"
Train Data Rows:    14495
Train Data Columns: 96
Label Column:       S1 (SBS1 - 0.99)
Problem Type:       binary
Preprocessing data ...
Selected class <--> label mapping:  class 1 = True, class 0 = False
Beginning AutoGluon training ... Time limit = 320s
Beginning AutoGluon training ... Time limit = 320s
Beginning AutoGluon training ... Time limit = 320s
Using Feature Generators to preprocess the data ...
AutoGluon will save models to "/home/baderlab/mzarant/SignatureInference/models/default_light/Predictior-0.5-6435960/Predictor_S1 (SBS1 - 0.99)"
AutoGluon will save models to "/home/baderlab/mzarant/SignatureInference/models/default_light/Predictior-0.02-1746109/Predictor_S1 (SBS1 - 0.99)"
Using Feature Generators to preprocess the data ...
Beginning AutoGluon training ... Time limit = 320s
Selected class <--> label mapping:  class 1 = True, class 0 = False
AutoGluon will save models to "/home/baderlab/mzarant/SignatureInference/models/default_light/Predictior-0.8-6647852/Predictor_S1 (SBS1 - 0.99)"
Selected class <--> label mapping:  class 1 = True, class 0 = False
Beginning AutoGluon training ... Time limit = 320s
Beginning AutoGluon training ... Time limit = 320s
Fitting AutoMLPipelineFeatureGenerator...
Beginning AutoGluon training ... Time limit = 320s
Train Data Rows:    14495
Selected class <--> label mapping:  class 1 = True, class 0 = False
Beginning AutoGluon training ... Time limit = 320s
Train Data Rows:    14495
Fitting AutoMLPipelineFeatureGenerator...
Beginning AutoGluon training ... Time limit = 320s
Beginning AutoGluon training ... Time limit = 320s
AutoGluon will save models to "/home/baderlab/mzarant/SignatureInference/models/default_light/Predictior-0.04-956161/Predictor_S1 (SBS1 - 0.99)"
Beginning AutoGluon training ... Time limit = 320s
Train Data Rows:    14495
Using Feature Generators to preprocess the data ...
AutoGluon will save models to "/home/baderlab/mzarant/SignatureInference/models/default_light/Predictior-0.05-4420133/Predictor_S1 (SBS1 - 0.99)"
AutoGluon will save models to "/home/baderlab/mzarant/SignatureInference/models/default_light/Predictior-0.6-1322901/Predictor_S1 (SBS1 - 0.99)"
Using Feature Generators to preprocess the data ...
AutoGluon will save models to "/home/baderlab/mzarant/SignatureInference/models/default_light/Predictior-0.2-6638547/Predictor_S1 (SBS1 - 0.99)"
Train Data Columns: 96
AutoGluon will save models to "/home/baderlab/mzarant/SignatureInference/models/default_light/Predictior-0.9-6074460/Predictor_S1 (SBS1 - 0.99)"
Using Feature Generators to preprocess the data ...
Train Data Columns: 96
AutoGluon will save models to "/home/baderlab/mzarant/SignatureInference/models/default_light/Predictior-0.7-1175717/Predictor_S1 (SBS1 - 0.99)"
	Available Memory:                    193510.35 MB
AutoGluon will save models to "/home/baderlab/mzarant/SignatureInference/models/default_light/Predictior-0.3-7650799/Predictor_S1 (SBS1 - 0.99)"
Train Data Rows:    14495
AutoGluon will save models to "/home/baderlab/mzarant/SignatureInference/models/default_light/Predictior-1-1555403/Predictor_S1 (SBS1 - 0.99)"
Train Data Columns: 96
Fitting AutoMLPipelineFeatureGenerator...
Train Data Rows:    14495
	Available Memory:                    193510.35 MB
Train Data Rows:    14495
Fitting AutoMLPipelineFeatureGenerator...
Train Data Rows:    14495
Label Column:       S1 (SBS1 - 0.99)
Train Data Rows:    14495
Fitting AutoMLPipelineFeatureGenerator...
Label Column:       S1 (SBS1 - 0.99)
Train Data Rows:    14495
	Train Data (Original)  Memory Usage: 10.62 MB (0.0% of available memory)
Train Data Rows:    14495
Train Data Columns: 96
Train Data Rows:    14495
Label Column:       S1 (SBS1 - 0.99)
Train Data Columns: 96
	Train Data (Original)  Memory Usage: 10.62 MB (0.0% of available memory)
Train Data Columns: 96
Train Data Columns: 96
Problem Type:       binary
	Available Memory:                    193510.35 MB
Train Data Columns: 96
Problem Type:       binary
Train Data Columns: 96
	Inferring data type of each feature based on column values. Set feature_metadata_in to manually specify special dtypes of the features.
Train Data Columns: 96
Label Column:       S1 (SBS1 - 0.99)
	Available Memory:                    193510.35 MB
Train Data Columns: 96
	Available Memory:                    193510.35 MB
Problem Type:       binary
Label Column:       S1 (SBS1 - 0.99)
Label Column:       S1 (SBS1 - 0.99)
Label Column:       S1 (SBS1 - 0.99)
Preprocessing data ...
	Inferring data type of each feature based on column values. Set feature_metadata_in to manually specify special dtypes of the features.
	Train Data (Original)  Memory Usage: 10.62 MB (0.0% of available memory)
Label Column:       S1 (SBS1 - 0.99)
Preprocessing data ...
Label Column:       S1 (SBS1 - 0.99)
Label Column:       S1 (SBS1 - 0.99)
Problem Type:       binary
	Train Data (Original)  Memory Usage: 10.62 MB (0.0% of available memory)
Label Column:       S1 (SBS1 - 0.99)
	Train Data (Original)  Memory Usage: 10.62 MB (0.0% of available memory)
Preprocessing data ...
Problem Type:       binary
Problem Type:       binary
Problem Type:       binary
Problem Type:       binary
	Inferring data type of each feature based on column values. Set feature_metadata_in to manually specify special dtypes of the features.
Selected class <--> label mapping:  class 1 = True, class 0 = False
Problem Type:       binary
Problem Type:       binary
Preprocessing data ...
Selected class <--> label mapping:  class 1 = True, class 0 = False
	Inferring data type of each feature based on column values. Set feature_metadata_in to manually specify special dtypes of the features.
Problem Type:       binary
	Inferring data type of each feature based on column values. Set feature_metadata_in to manually specify special dtypes of the features.
Preprocessing data ...
Preprocessing data ...
Preprocessing data ...
Preprocessing data ...
Selected class <--> label mapping:  class 1 = True, class 0 = False
Preprocessing data ...
Using Feature Generators to preprocess the data ...
Preprocessing data ...
Preprocessing data ...
Using Feature Generators to preprocess the data ...
Selected class <--> label mapping:  class 1 = True, class 0 = False
Selected class <--> label mapping:  class 1 = True, class 0 = False
Fitting AutoMLPipelineFeatureGenerator...
Selected class <--> label mapping:  class 1 = True, class 0 = False
Using Feature Generators to preprocess the data ...
Selected class <--> label mapping:  class 1 = True, class 0 = False
Selected class <--> label mapping:  class 1 = True, class 0 = False
Fitting AutoMLPipelineFeatureGenerator...
Selected class <--> label mapping:  class 1 = True, class 0 = False
Selected class <--> label mapping:  class 1 = True, class 0 = False
Using Feature Generators to preprocess the data ...
Using Feature Generators to preprocess the data ...
Fitting AutoMLPipelineFeatureGenerator...
Using Feature Generators to preprocess the data ...
Selected class <--> label mapping:  class 1 = True, class 0 = False
Using Feature Generators to preprocess the data ...
Using Feature Generators to preprocess the data ...
Using Feature Generators to preprocess the data ...
	Available Memory:                    193251.78 MB
Using Feature Generators to preprocess the data ...
Fitting AutoMLPipelineFeatureGenerator...
Fitting AutoMLPipelineFeatureGenerator...
	Available Memory:                    193252.11 MB
Fitting AutoMLPipelineFeatureGenerator...
Fitting AutoMLPipelineFeatureGenerator...
Using Feature Generators to preprocess the data ...
Fitting AutoMLPipelineFeatureGenerator...
Fitting AutoMLPipelineFeatureGenerator...
	Train Data (Original)  Memory Usage: 10.62 MB (0.0% of available memory)
Fitting AutoMLPipelineFeatureGenerator...
	Train Data (Original)  Memory Usage: 10.62 MB (0.0% of available memory)
	Available Memory:                    193252.12 MB
Fitting AutoMLPipelineFeatureGenerator...
	Available Memory:                    193252.12 MB
	Available Memory:                    193252.12 MB
	Available Memory:                    193252.12 MB
	Available Memory:                    193252.12 MB
	Inferring data type of each feature based on column values. Set feature_metadata_in to manually specify special dtypes of the features.
	Available Memory:                    193252.12 MB
	Train Data (Original)  Memory Usage: 10.62 MB (0.0% of available memory)
	Inferring data type of each feature based on column values. Set feature_metadata_in to manually specify special dtypes of the features.
	Train Data (Original)  Memory Usage: 10.62 MB (0.0% of available memory)
	Train Data (Original)  Memory Usage: 10.62 MB (0.0% of available memory)
	Train Data (Original)  Memory Usage: 10.62 MB (0.0% of available memory)
	Available Memory:                    193252.12 MB
	Train Data (Original)  Memory Usage: 10.62 MB (0.0% of available memory)
	Train Data (Original)  Memory Usage: 10.62 MB (0.0% of available memory)
	Available Memory:                    193252.12 MB
	Inferring data type of each feature based on column values. Set feature_metadata_in to manually specify special dtypes of the features.
	Inferring data type of each feature based on column values. Set feature_metadata_in to manually specify special dtypes of the features.
	Inferring data type of each feature based on column values. Set feature_metadata_in to manually specify special dtypes of the features.
	Available Memory:                    193244.43 MB
	Train Data (Original)  Memory Usage: 10.62 MB (0.0% of available memory)
	Inferring data type of each feature based on column values. Set feature_metadata_in to manually specify special dtypes of the features.
	Inferring data type of each feature based on column values. Set feature_metadata_in to manually specify special dtypes of the features.
	Train Data (Original)  Memory Usage: 10.62 MB (0.0% of available memory)
	Inferring data type of each feature based on column values. Set feature_metadata_in to manually specify special dtypes of the features.
	Train Data (Original)  Memory Usage: 10.62 MB (0.0% of available memory)
	Inferring data type of each feature based on column values. Set feature_metadata_in to manually specify special dtypes of the features.
	Stage 1 Generators:
	Inferring data type of each feature based on column values. Set feature_metadata_in to manually specify special dtypes of the features.
	Stage 1 Generators:
	Inferring data type of each feature based on column values. Set feature_metadata_in to manually specify special dtypes of the features.
		Fitting AsTypeFeatureGenerator...
		Fitting AsTypeFeatureGenerator...
	Stage 2 Generators:
	Stage 2 Generators:
		Fitting FillNaFeatureGenerator...
		Fitting FillNaFeatureGenerator...
	Stage 3 Generators:
		Fitting IdentityFeatureGenerator...
	Stage 3 Generators:
		Fitting IdentityFeatureGenerator...
	Stage 4 Generators:
		Fitting DropUniqueFeatureGenerator...
	Stage 1 Generators:
		Fitting AsTypeFeatureGenerator...
	Stage 4 Generators:
		Fitting DropUniqueFeatureGenerator...
	Stage 1 Generators:
		Fitting AsTypeFeatureGenerator...
	Stage 1 Generators:
		Fitting AsTypeFeatureGenerator...
	Stage 2 Generators:
		Fitting FillNaFeatureGenerator...
	Stage 3 Generators:
		Fitting IdentityFeatureGenerator...
	Stage 4 Generators:
		Fitting DropUniqueFeatureGenerator...
	Stage 2 Generators:
		Fitting FillNaFeatureGenerator...
	Stage 3 Generators:
		Fitting IdentityFeatureGenerator...
	Stage 1 Generators:
		Fitting AsTypeFeatureGenerator...
	Stage 4 Generators:
		Fitting DropUniqueFeatureGenerator...
	Stage 2 Generators:
		Fitting FillNaFeatureGenerator...
	Stage 3 Generators:
		Fitting IdentityFeatureGenerator...
	Stage 4 Generators:
		Fitting DropUniqueFeatureGenerator...
	Stage 1 Generators:
		Fitting AsTypeFeatureGenerator...
	Stage 2 Generators:
		Fitting FillNaFeatureGenerator...
	Stage 1 Generators:
		Fitting AsTypeFeatureGenerator...
	Stage 3 Generators:
		Fitting IdentityFeatureGenerator...
	Stage 1 Generators:
		Fitting AsTypeFeatureGenerator...
	Stage 4 Generators:
		Fitting DropUniqueFeatureGenerator...
	Stage 2 Generators:
		Fitting FillNaFeatureGenerator...
	Stage 5 Generators:
		Fitting DropDuplicatesFeatureGenerator...
	Stage 2 Generators:
		Fitting FillNaFeatureGenerator...
	Stage 3 Generators:
		Fitting IdentityFeatureGenerator...
	Stage 2 Generators:
	Stage 5 Generators:
		Fitting FillNaFeatureGenerator...
		Fitting DropDuplicatesFeatureGenerator...
	Stage 4 Generators:
		Fitting DropUniqueFeatureGenerator...
	Stage 3 Generators:
		Fitting IdentityFeatureGenerator...
	Stage 1 Generators:
		Fitting AsTypeFeatureGenerator...
	Stage 1 Generators:
		Fitting AsTypeFeatureGenerator...
	Stage 3 Generators:
		Fitting IdentityFeatureGenerator...
	Stage 4 Generators:
		Fitting DropUniqueFeatureGenerator...
	Stage 1 Generators:
		Fitting AsTypeFeatureGenerator...
	Stage 4 Generators:
		Fitting DropUniqueFeatureGenerator...
	Stage 1 Generators:
		Fitting AsTypeFeatureGenerator...
	Stage 1 Generators:
		Fitting AsTypeFeatureGenerator...
	Stage 2 Generators:
		Fitting FillNaFeatureGenerator...
	Stage 1 Generators:
		Fitting AsTypeFeatureGenerator...
	Stage 2 Generators:
		Fitting FillNaFeatureGenerator...
	Stage 2 Generators:
		Fitting FillNaFeatureGenerator...
	Stage 3 Generators:
		Fitting IdentityFeatureGenerator...
	Stage 1 Generators:
		Fitting AsTypeFeatureGenerator...
	Stage 2 Generators:
		Fitting FillNaFeatureGenerator...
	Stage 3 Generators:
		Fitting IdentityFeatureGenerator...
	Stage 3 Generators:
		Fitting IdentityFeatureGenerator...
	Stage 4 Generators:
		Fitting DropUniqueFeatureGenerator...
	Stage 3 Generators:
		Fitting IdentityFeatureGenerator...
	Stage 4 Generators:
		Fitting DropUniqueFeatureGenerator...
	Stage 4 Generators:
		Fitting DropUniqueFeatureGenerator...
	Stage 4 Generators:
		Fitting DropUniqueFeatureGenerator...
	Stage 5 Generators:
		Fitting DropDuplicatesFeatureGenerator...
	Stage 2 Generators:
		Fitting FillNaFeatureGenerator...
	Stage 3 Generators:
		Fitting IdentityFeatureGenerator...
	Stage 2 Generators:
		Fitting FillNaFeatureGenerator...
	Stage 4 Generators:
		Fitting DropUniqueFeatureGenerator...
	Stage 5 Generators:
		Fitting DropDuplicatesFeatureGenerator...
	Stage 2 Generators:
		Fitting FillNaFeatureGenerator...
	Stage 3 Generators:
		Fitting IdentityFeatureGenerator...
	Stage 5 Generators:
	Types of features in original data (raw dtype, special dtypes):
	Types of features in original data (raw dtype, special dtypes):
	Stage 3 Generators:
		Fitting DropDuplicatesFeatureGenerator...
	Stage 4 Generators:
		('int', []) : 96 | ['A[C>A]A', 'A[C>A]C', 'A[C>A]G', 'A[C>A]T', 'A[C>G]A', ...]
		('int', []) : 96 | ['A[C>A]A', 'A[C>A]C', 'A[C>A]G', 'A[C>A]T', 'A[C>G]A', ...]
		Fitting IdentityFeatureGenerator...
		Fitting DropUniqueFeatureGenerator...
	Types of features in processed data (raw dtype, special dtypes):
	Types of features in processed data (raw dtype, special dtypes):
	Types of features in original data (raw dtype, special dtypes):
		('int', []) : 96 | ['A[C>A]A', 'A[C>A]C', 'A[C>A]G', 'A[C>A]T', 'A[C>G]A', ...]
		('int', []) : 96 | ['A[C>A]A', 'A[C>A]C', 'A[C>A]G', 'A[C>A]T', 'A[C>G]A', ...]
		('int', []) : 96 | ['A[C>A]A', 'A[C>A]C', 'A[C>A]G', 'A[C>A]T', 'A[C>G]A', ...]
	11.6s = Fit runtime
	11.5s = Fit runtime
	Types of features in processed data (raw dtype, special dtypes):
	Stage 4 Generators:
	96 features in original data used to generate 96 features in processed data.
	96 features in original data used to generate 96 features in processed data.
	Types of features in original data (raw dtype, special dtypes):
		('int', []) : 96 | ['A[C>A]A', 'A[C>A]C', 'A[C>A]G', 'A[C>A]T', 'A[C>G]A', ...]
		Fitting DropUniqueFeatureGenerator...
	Stage 5 Generators:
		('int', []) : 96 | ['A[C>A]A', 'A[C>A]C', 'A[C>A]G', 'A[C>A]T', 'A[C>G]A', ...]
	12.0s = Fit runtime
	Train Data (Processed) Memory Usage: 10.62 MB (0.0% of available memory)
		Fitting DropDuplicatesFeatureGenerator...
	Types of features in processed data (raw dtype, special dtypes):
	96 features in original data used to generate 96 features in processed data.
	Stage 5 Generators:
	Train Data (Processed) Memory Usage: 10.62 MB (0.0% of available memory)
Data preprocessing and feature engineering runtime = 12.84s ...
		('int', []) : 96 | ['A[C>A]A', 'A[C>A]C', 'A[C>A]G', 'A[C>A]T', 'A[C>G]A', ...]
		Fitting DropDuplicatesFeatureGenerator...
AutoGluon will gauge predictive performance using evaluation metric: 'accuracy'
Data preprocessing and feature engineering runtime = 13.03s ...
	Train Data (Processed) Memory Usage: 10.62 MB (0.0% of available memory)
	12.1s = Fit runtime
	Stage 5 Generators:
	To change this, specify the eval_metric parameter of Predictor()
AutoGluon will gauge predictive performance using evaluation metric: 'accuracy'
	96 features in original data used to generate 96 features in processed data.
		Fitting DropDuplicatesFeatureGenerator...
Data preprocessing and feature engineering runtime = 13.25s ...
	To change this, specify the eval_metric parameter of Predictor()
AutoGluon will gauge predictive performance using evaluation metric: 'accuracy'
	To change this, specify the eval_metric parameter of Predictor()
	Types of features in original data (raw dtype, special dtypes):
		('int', []) : 96 | ['A[C>A]A', 'A[C>A]C', 'A[C>A]G', 'A[C>A]T', 'A[C>G]A', ...]
	Types of features in processed data (raw dtype, special dtypes):
		('int', []) : 96 | ['A[C>A]A', 'A[C>A]C', 'A[C>A]G', 'A[C>A]T', 'A[C>G]A', ...]
	13.7s = Fit runtime
	96 features in original data used to generate 96 features in processed data.
	Train Data (Processed) Memory Usage: 10.62 MB (0.0% of available memory)
	Stage 5 Generators:
Data preprocessing and feature engineering runtime = 14.2s ...
		Fitting DropDuplicatesFeatureGenerator...
AutoGluon will gauge predictive performance using evaluation metric: 'accuracy'
Automatically generating train/validation split with holdout_frac=0.1, Train Rows: 13045, Val Rows: 1450
Automatically generating train/validation split with holdout_frac=0.1, Train Rows: 13045, Val Rows: 1450
Automatically generating train/validation split with holdout_frac=0.1, Train Rows: 13045, Val Rows: 1450
	Types of features in original data (raw dtype, special dtypes):
	To change this, specify the eval_metric parameter of Predictor()
	Train Data (Processed) Memory Usage: 10.62 MB (0.0% of available memory)
User-specified model hyperparameters to be fit:
{
	'GBM': [{'extra_trees': True, 'ag_args': {'name_suffix': 'XT'}}],
}
User-specified model hyperparameters to be fit:
{
	'GBM': [{'extra_trees': True, 'ag_args': {'name_suffix': 'XT'}}],
}
User-specified model hyperparameters to be fit:
{
	'GBM': [{'extra_trees': True, 'ag_args': {'name_suffix': 'XT'}}],
}
		('int', []) : 96 | ['A[C>A]A', 'A[C>A]C', 'A[C>A]G', 'A[C>A]T', 'A[C>G]A', ...]
Data preprocessing and feature engineering runtime = 14.6s ...
	Types of features in processed data (raw dtype, special dtypes):
AutoGluon will gauge predictive performance using evaluation metric: 'accuracy'
		('int', []) : 96 | ['A[C>A]A', 'A[C>A]C', 'A[C>A]G', 'A[C>A]T', 'A[C>G]A', ...]
	To change this, specify the eval_metric parameter of Predictor()
	12.7s = Fit runtime
	96 features in original data used to generate 96 features in processed data.
	Types of features in original data (raw dtype, special dtypes):
		('int', []) : 96 | ['A[C>A]A', 'A[C>A]C', 'A[C>A]G', 'A[C>A]T', 'A[C>G]A', ...]
	Types of features in processed data (raw dtype, special dtypes):
		('int', []) : 96 | ['A[C>A]A', 'A[C>A]C', 'A[C>A]G', 'A[C>A]T', 'A[C>G]A', ...]
	13.9s = Fit runtime
	96 features in original data used to generate 96 features in processed data.
	Train Data (Processed) Memory Usage: 10.62 MB (0.0% of available memory)
Automatically generating train/validation split with holdout_frac=0.1, Train Rows: 13045, Val Rows: 1450
User-specified model hyperparameters to be fit:
{
	'GBM': [{'extra_trees': True, 'ag_args': {'name_suffix': 'XT'}}],
}
Data preprocessing and feature engineering runtime = 14.8s ...
AutoGluon will gauge predictive performance using evaluation metric: 'accuracy'
	To change this, specify the eval_metric parameter of Predictor()
Fitting 1 L1 models, fit_strategy="sequential" ...
Fitting model: LightGBMXT ... Training model for up to 306.75s of the 306.68s of remaining time.
	Stage 5 Generators:
		Fitting DropDuplicatesFeatureGenerator...
	Stage 5 Generators:
		Fitting DropDuplicatesFeatureGenerator...
	Train Data (Processed) Memory Usage: 10.62 MB (0.0% of available memory)
Data preprocessing and feature engineering runtime = 15.39s ...
AutoGluon will gauge predictive performance using evaluation metric: 'accuracy'
	To change this, specify the eval_metric parameter of Predictor()
Fitting 1 L1 models, fit_strategy="sequential" ...
Fitting model: LightGBMXT ... Training model for up to 307.16s of the 307.14s of remaining time.
Fitting 1 L1 models, fit_strategy="sequential" ...
Fitting model: LightGBMXT ... Training model for up to 306.97s of the 306.97s of remaining time.
	Stage 5 Generators:
		Fitting DropDuplicatesFeatureGenerator...
Automatically generating train/validation split with holdout_frac=0.1, Train Rows: 13045, Val Rows: 1450
User-specified model hyperparameters to be fit:
{
	'GBM': [{'extra_trees': True, 'ag_args': {'name_suffix': 'XT'}}],
}
Automatically generating train/validation split with holdout_frac=0.1, Train Rows: 13045, Val Rows: 1450
User-specified model hyperparameters to be fit:
{
	'GBM': [{'extra_trees': True, 'ag_args': {'name_suffix': 'XT'}}],
}
Automatically generating train/validation split with holdout_frac=0.1, Train Rows: 13045, Val Rows: 1450
User-specified model hyperparameters to be fit:
{
	'GBM': [{'extra_trees': True, 'ag_args': {'name_suffix': 'XT'}}],
}
Fitting 1 L1 models, fit_strategy="sequential" ...
Fitting model: LightGBMXT ... Training model for up to 305.80s of the 305.79s of remaining time.
	Types of features in original data (raw dtype, special dtypes):
		('int', []) : 96 | ['A[C>A]A', 'A[C>A]C', 'A[C>A]G', 'A[C>A]T', 'A[C>G]A', ...]
	Types of features in original data (raw dtype, special dtypes):
		('int', []) : 96 | ['A[C>A]A', 'A[C>A]C', 'A[C>A]G', 'A[C>A]T', 'A[C>G]A', ...]
	Types of features in processed data (raw dtype, special dtypes):
		('int', []) : 96 | ['A[C>A]A', 'A[C>A]C', 'A[C>A]G', 'A[C>A]T', 'A[C>G]A', ...]
	15.0s = Fit runtime
	96 features in original data used to generate 96 features in processed data.
	Types of features in processed data (raw dtype, special dtypes):
		('int', []) : 96 | ['A[C>A]A', 'A[C>A]C', 'A[C>A]G', 'A[C>A]T', 'A[C>G]A', ...]
	14.9s = Fit runtime
	96 features in original data used to generate 96 features in processed data.
	Stage 5 Generators:
		Fitting DropDuplicatesFeatureGenerator...
	Train Data (Processed) Memory Usage: 10.62 MB (0.0% of available memory)
Data preprocessing and feature engineering runtime = 16.44s ...
AutoGluon will gauge predictive performance using evaluation metric: 'accuracy'
	To change this, specify the eval_metric parameter of Predictor()
	Types of features in original data (raw dtype, special dtypes):
		('int', []) : 96 | ['A[C>A]A', 'A[C>A]C', 'A[C>A]G', 'A[C>A]T', 'A[C>G]A', ...]
	Types of features in processed data (raw dtype, special dtypes):
		('int', []) : 96 | ['A[C>A]A', 'A[C>A]C', 'A[C>A]G', 'A[C>A]T', 'A[C>G]A', ...]
	15.3s = Fit runtime
	96 features in original data used to generate 96 features in processed data.
	Stage 5 Generators:
		Fitting DropDuplicatesFeatureGenerator...
	Train Data (Processed) Memory Usage: 10.62 MB (0.0% of available memory)
Data preprocessing and feature engineering runtime = 16.58s ...
AutoGluon will gauge predictive performance using evaluation metric: 'accuracy'
	To change this, specify the eval_metric parameter of Predictor()
Fitting 1 L1 models, fit_strategy="sequential" ...
Fitting model: LightGBMXT ... Training model for up to 305.40s of the 305.40s of remaining time.
Fitting 1 L1 models, fit_strategy="sequential" ...
Fitting model: LightGBMXT ... Training model for up to 304.61s of the 304.60s of remaining time.
	Train Data (Processed) Memory Usage: 10.62 MB (0.0% of available memory)
Data preprocessing and feature engineering runtime = 16.82s ...
AutoGluon will gauge predictive performance using evaluation metric: 'accuracy'
	To change this, specify the eval_metric parameter of Predictor()
Fitting 1 L1 models, fit_strategy="sequential" ...
Fitting model: LightGBMXT ... Training model for up to 305.20s of the 305.20s of remaining time.
Automatically generating train/validation split with holdout_frac=0.1, Train Rows: 13045, Val Rows: 1450
User-specified model hyperparameters to be fit:
{
	'GBM': [{'extra_trees': True, 'ag_args': {'name_suffix': 'XT'}}],
}
	Types of features in original data (raw dtype, special dtypes):
		('int', []) : 96 | ['A[C>A]A', 'A[C>A]C', 'A[C>A]G', 'A[C>A]T', 'A[C>G]A', ...]
	Types of features in processed data (raw dtype, special dtypes):
		('int', []) : 96 | ['A[C>A]A', 'A[C>A]C', 'A[C>A]G', 'A[C>A]T', 'A[C>G]A', ...]
	Types of features in original data (raw dtype, special dtypes):
	16.3s = Fit runtime
		('int', []) : 96 | ['A[C>A]A', 'A[C>A]C', 'A[C>A]G', 'A[C>A]T', 'A[C>G]A', ...]
	96 features in original data used to generate 96 features in processed data.
	Types of features in processed data (raw dtype, special dtypes):
Automatically generating train/validation split with holdout_frac=0.1, Train Rows: 13045, Val Rows: 1450
		('int', []) : 96 | ['A[C>A]A', 'A[C>A]C', 'A[C>A]G', 'A[C>A]T', 'A[C>G]A', ...]
	Stage 5 Generators:
Automatically generating train/validation split with holdout_frac=0.1, Train Rows: 13045, Val Rows: 1450
User-specified model hyperparameters to be fit:
{
	'GBM': [{'extra_trees': True, 'ag_args': {'name_suffix': 'XT'}}],
}
	16.4s = Fit runtime
		Fitting DropDuplicatesFeatureGenerator...
User-specified model hyperparameters to be fit:
{
	'GBM': [{'extra_trees': True, 'ag_args': {'name_suffix': 'XT'}}],
}
	96 features in original data used to generate 96 features in processed data.
	Train Data (Processed) Memory Usage: 10.62 MB (0.0% of available memory)
Data preprocessing and feature engineering runtime = 17.9s ...
AutoGluon will gauge predictive performance using evaluation metric: 'accuracy'
	To change this, specify the eval_metric parameter of Predictor()
	Stage 5 Generators:
		Fitting DropDuplicatesFeatureGenerator...
	Types of features in original data (raw dtype, special dtypes):
		('int', []) : 96 | ['A[C>A]A', 'A[C>A]C', 'A[C>A]G', 'A[C>A]T', 'A[C>G]A', ...]
	Types of features in processed data (raw dtype, special dtypes):
		('int', []) : 96 | ['A[C>A]A', 'A[C>A]C', 'A[C>A]G', 'A[C>A]T', 'A[C>G]A', ...]
	17.2s = Fit runtime
	96 features in original data used to generate 96 features in processed data.
	Train Data (Processed) Memory Usage: 10.62 MB (0.0% of available memory)
Data preprocessing and feature engineering runtime = 18.29s ...
AutoGluon will gauge predictive performance using evaluation metric: 'accuracy'
	To change this, specify the eval_metric parameter of Predictor()
	Train Data (Processed) Memory Usage: 10.62 MB (0.0% of available memory)
Data preprocessing and feature engineering runtime = 18.57s ...
AutoGluon will gauge predictive performance using evaluation metric: 'accuracy'
	To change this, specify the eval_metric parameter of Predictor()
Fitting 1 L1 models, fit_strategy="sequential" ...
Fitting model: LightGBMXT ... Training model for up to 303.56s of the 303.56s of remaining time.
Automatically generating train/validation split with holdout_frac=0.1, Train Rows: 13045, Val Rows: 1450
User-specified model hyperparameters to be fit:
{
	'GBM': [{'extra_trees': True, 'ag_args': {'name_suffix': 'XT'}}],
}
Fitting 1 L1 models, fit_strategy="sequential" ...
Fitting model: LightGBMXT ... Training model for up to 303.42s of the 303.42s of remaining time.
Automatically generating train/validation split with holdout_frac=0.1, Train Rows: 13045, Val Rows: 1450
User-specified model hyperparameters to be fit:
{
	'GBM': [{'extra_trees': True, 'ag_args': {'name_suffix': 'XT'}}],
}
	Types of features in original data (raw dtype, special dtypes):
		('int', []) : 96 | ['A[C>A]A', 'A[C>A]C', 'A[C>A]G', 'A[C>A]T', 'A[C>G]A', ...]
	Types of features in processed data (raw dtype, special dtypes):
		('int', []) : 96 | ['A[C>A]A', 'A[C>A]C', 'A[C>A]G', 'A[C>A]T', 'A[C>G]A', ...]
	17.6s = Fit runtime
	96 features in original data used to generate 96 features in processed data.
Automatically generating train/validation split with holdout_frac=0.1, Train Rows: 13045, Val Rows: 1450
User-specified model hyperparameters to be fit:
{
	'GBM': [{'extra_trees': True, 'ag_args': {'name_suffix': 'XT'}}],
}
	Types of features in original data (raw dtype, special dtypes):
		('int', []) : 96 | ['A[C>A]A', 'A[C>A]C', 'A[C>A]G', 'A[C>A]T', 'A[C>G]A', ...]
	Types of features in processed data (raw dtype, special dtypes):
		('int', []) : 96 | ['A[C>A]A', 'A[C>A]C', 'A[C>A]G', 'A[C>A]T', 'A[C>G]A', ...]
	18.0s = Fit runtime
	96 features in original data used to generate 96 features in processed data.
Fitting 1 L1 models, fit_strategy="sequential" ...
	Train Data (Processed) Memory Usage: 10.62 MB (0.0% of available memory)
Fitting model: LightGBMXT ... Training model for up to 303.18s of the 303.16s of remaining time.
Data preprocessing and feature engineering runtime = 19.24s ...
AutoGluon will gauge predictive performance using evaluation metric: 'accuracy'
	To change this, specify the eval_metric parameter of Predictor()
	Train Data (Processed) Memory Usage: 10.62 MB (0.0% of available memory)
Data preprocessing and feature engineering runtime = 19.57s ...
AutoGluon will gauge predictive performance using evaluation metric: 'accuracy'
	To change this, specify the eval_metric parameter of Predictor()
Fitting 1 L1 models, fit_strategy="sequential" ...
Fitting model: LightGBMXT ... Training model for up to 302.10s of the 302.10s of remaining time.
Fitting 1 L1 models, fit_strategy="sequential" ...
Fitting model: LightGBMXT ... Training model for up to 301.43s of the 301.43s of remaining time.
Fitting 1 L1 models, fit_strategy="sequential" ...
Fitting model: LightGBMXT ... Training model for up to 301.71s of the 301.70s of remaining time.
Automatically generating train/validation split with holdout_frac=0.1, Train Rows: 13045, Val Rows: 1450
User-specified model hyperparameters to be fit:
{
	'GBM': [{'extra_trees': True, 'ag_args': {'name_suffix': 'XT'}}],
}
Automatically generating train/validation split with holdout_frac=0.1, Train Rows: 13045, Val Rows: 1450
User-specified model hyperparameters to be fit:
{
	'GBM': [{'extra_trees': True, 'ag_args': {'name_suffix': 'XT'}}],
}
	Types of features in original data (raw dtype, special dtypes):
Fitting 1 L1 models, fit_strategy="sequential" ...
		('int', []) : 96 | ['A[C>A]A', 'A[C>A]C', 'A[C>A]G', 'A[C>A]T', 'A[C>G]A', ...]
Fitting model: LightGBMXT ... Training model for up to 300.76s of the 300.74s of remaining time.
Fitting 1 L1 models, fit_strategy="sequential" ...
	Types of features in processed data (raw dtype, special dtypes):
Fitting model: LightGBMXT ... Training model for up to 300.43s of the 300.40s of remaining time.
		('int', []) : 96 | ['A[C>A]A', 'A[C>A]C', 'A[C>A]G', 'A[C>A]T', 'A[C>G]A', ...]
	19.7s = Fit runtime
	96 features in original data used to generate 96 features in processed data.
	Train Data (Processed) Memory Usage: 10.62 MB (0.0% of available memory)
Data preprocessing and feature engineering runtime = 24.89s ...
AutoGluon will gauge predictive performance using evaluation metric: 'accuracy'
	To change this, specify the eval_metric parameter of Predictor()
Automatically generating train/validation split with holdout_frac=0.1, Train Rows: 13045, Val Rows: 1450
User-specified model hyperparameters to be fit:
{
	'GBM': [{'extra_trees': True, 'ag_args': {'name_suffix': 'XT'}}],
}
Fitting 1 L1 models, fit_strategy="sequential" ...
Fitting model: LightGBMXT ... Training model for up to 295.10s of the 295.10s of remaining time.
	0.9793	 = Validation score   (accuracy)
	90.78s	 = Training   runtime
	0.21s	 = Validation runtime
Fitting model: WeightedEnsemble_L2 ... Training model for up to 302.09s of the 211.00s of remaining time.
	Ensemble Weights: {'LightGBMXT': 1.0}
	0.9793	 = Validation score   (accuracy)
	0.06s	 = Training   runtime
	0.01s	 = Validation runtime
AutoGluon training complete, total runtime = 110.74s ... Best model: WeightedEnsemble_L2 | Estimated inference throughput: 6748.3 rows/s (1450 batch size)
Disabling decision threshold calibration for metric `accuracy` due to having fewer than 10000 rows of validation data for calibration, to avoid overfitting (1450 rows).
	`accuracy` is generally not improved through threshold calibration. Force calibration via specifying `calibrate_decision_threshold=True`.
TabularPredictor saved. To load, use: predictor = TabularPredictor.load("/home/baderlab/mzarant/SignatureInference/models/default_light/Predictior-0.9-6074460/Predictor_S1 (SBS1 - 0.99)")
Verbosity: 2 (Standard Logging)
=================== System Info ===================
AutoGluon Version:  1.2
Python Version:     3.10.15
Operating System:   Linux
Platform Machine:   x86_64
Platform Version:   #1 SMP PREEMPT_DYNAMIC Thu Apr 3 12:12:16 UTC 2025
CPU Count:          272
Memory Avail:       187.33 GB / 203.90 GB (91.9%)
Disk Space Avail:   1287.99 GB / 5026.44 GB (25.6%)
===================================================
Presets specified: ['medium_quality']
Beginning AutoGluon training ... Time limit = 320s
AutoGluon will save models to "/home/baderlab/mzarant/SignatureInference/models/default_light/Predictior-0.9-6074460/Predictor_S2 (SBS2 - 0.99)"
Train Data Rows:    14495
Train Data Columns: 97
Label Column:       S2 (SBS2 - 0.99)
Problem Type:       binary
Preprocessing data ...
Selected class <--> label mapping:  class 1 = True, class 0 = False
Using Feature Generators to preprocess the data ...
Fitting AutoMLPipelineFeatureGenerator...
	Available Memory:                    191787.38 MB
	Train Data (Original)  Memory Usage: 10.63 MB (0.0% of available memory)
	Inferring data type of each feature based on column values. Set feature_metadata_in to manually specify special dtypes of the features.
	Stage 1 Generators:
		Fitting AsTypeFeatureGenerator...
			Note: Converting 1 features to boolean dtype as they only contain 2 unique values.
	Stage 2 Generators:
		Fitting FillNaFeatureGenerator...
	Stage 3 Generators:
		Fitting IdentityFeatureGenerator...
	Stage 4 Generators:
		Fitting DropUniqueFeatureGenerator...
	Stage 5 Generators:
		Fitting DropDuplicatesFeatureGenerator...
	Types of features in original data (raw dtype, special dtypes):
		('bool', []) :  1 | ['S1 (SBS1 - 0.99)']
		('int', [])  : 96 | ['A[C>A]A', 'A[C>A]C', 'A[C>A]G', 'A[C>A]T', 'A[C>G]A', ...]
	Types of features in processed data (raw dtype, special dtypes):
		('int', [])       : 96 | ['A[C>A]A', 'A[C>A]C', 'A[C>A]G', 'A[C>A]T', 'A[C>G]A', ...]
		('int', ['bool']) :  1 | ['S1 (SBS1 - 0.99)']
	1.5s = Fit runtime
	97 features in original data used to generate 97 features in processed data.
	Train Data (Processed) Memory Usage: 10.63 MB (0.0% of available memory)
Data preprocessing and feature engineering runtime = 1.65s ...
AutoGluon will gauge predictive performance using evaluation metric: 'accuracy'
	To change this, specify the eval_metric parameter of Predictor()
Automatically generating train/validation split with holdout_frac=0.1, Train Rows: 13045, Val Rows: 1450
User-specified model hyperparameters to be fit:
{
	'GBM': [{'extra_trees': True, 'ag_args': {'name_suffix': 'XT'}}],
}
Fitting 1 L1 models, fit_strategy="sequential" ...
Fitting model: LightGBMXT ... Training model for up to 318.35s of the 318.34s of remaining time.
	0.9779	 = Validation score   (accuracy)
	115.5s	 = Training   runtime
	0.14s	 = Validation runtime
Fitting model: WeightedEnsemble_L2 ... Training model for up to 305.79s of the 190.09s of remaining time.
	Ensemble Weights: {'LightGBMXT': 1.0}
	0.9779	 = Validation score   (accuracy)
	0.03s	 = Training   runtime
	0.02s	 = Validation runtime
AutoGluon training complete, total runtime = 132.47s ... Best model: WeightedEnsemble_L2 | Estimated inference throughput: 9421.1 rows/s (1450 batch size)
Disabling decision threshold calibration for metric `accuracy` due to having fewer than 10000 rows of validation data for calibration, to avoid overfitting (1450 rows).
	`accuracy` is generally not improved through threshold calibration. Force calibration via specifying `calibrate_decision_threshold=True`.
TabularPredictor saved. To load, use: predictor = TabularPredictor.load("/home/baderlab/mzarant/SignatureInference/models/default_light/Predictior-0.4-4237358/Predictor_S1 (SBS1 - 0.99)")
Verbosity: 2 (Standard Logging)
=================== System Info ===================
AutoGluon Version:  1.2
Python Version:     3.10.15
Operating System:   Linux
Platform Machine:   x86_64
Platform Version:   #1 SMP PREEMPT_DYNAMIC Thu Apr 3 12:12:16 UTC 2025
CPU Count:          272
Memory Avail:       187.53 GB / 203.90 GB (92.0%)
Disk Space Avail:   1287.90 GB / 5026.36 GB (25.6%)
===================================================
Presets specified: ['medium_quality']
Beginning AutoGluon training ... Time limit = 320s
AutoGluon will save models to "/home/baderlab/mzarant/SignatureInference/models/default_light/Predictior-0.4-4237358/Predictor_S2 (SBS2 - 0.99)"
Train Data Rows:    14495
Train Data Columns: 97
Label Column:       S2 (SBS2 - 0.99)
Problem Type:       binary
Preprocessing data ...
Selected class <--> label mapping:  class 1 = True, class 0 = False
Using Feature Generators to preprocess the data ...
Fitting AutoMLPipelineFeatureGenerator...
	Available Memory:                    191996.81 MB
	Train Data (Original)  Memory Usage: 10.63 MB (0.0% of available memory)
	Inferring data type of each feature based on column values. Set feature_metadata_in to manually specify special dtypes of the features.
	Stage 1 Generators:
		Fitting AsTypeFeatureGenerator...
			Note: Converting 1 features to boolean dtype as they only contain 2 unique values.
	Stage 2 Generators:
		Fitting FillNaFeatureGenerator...
	Stage 3 Generators:
		Fitting IdentityFeatureGenerator...
	Stage 4 Generators:
		Fitting DropUniqueFeatureGenerator...
	Stage 5 Generators:
		Fitting DropDuplicatesFeatureGenerator...
	Types of features in original data (raw dtype, special dtypes):
		('bool', []) :  1 | ['S1 (SBS1 - 0.99)']
		('int', [])  : 96 | ['A[C>A]A', 'A[C>A]C', 'A[C>A]G', 'A[C>A]T', 'A[C>G]A', ...]
	Types of features in processed data (raw dtype, special dtypes):
		('int', [])       : 96 | ['A[C>A]A', 'A[C>A]C', 'A[C>A]G', 'A[C>A]T', 'A[C>G]A', ...]
		('int', ['bool']) :  1 | ['S1 (SBS1 - 0.99)']
	1.6s = Fit runtime
	97 features in original data used to generate 97 features in processed data.
	Train Data (Processed) Memory Usage: 10.63 MB (0.0% of available memory)
Data preprocessing and feature engineering runtime = 1.84s ...
AutoGluon will gauge predictive performance using evaluation metric: 'accuracy'
	To change this, specify the eval_metric parameter of Predictor()
Automatically generating train/validation split with holdout_frac=0.1, Train Rows: 13045, Val Rows: 1450
User-specified model hyperparameters to be fit:
{
	'GBM': [{'extra_trees': True, 'ag_args': {'name_suffix': 'XT'}}],
}
Fitting 1 L1 models, fit_strategy="sequential" ...
Fitting model: LightGBMXT ... Training model for up to 318.16s of the 318.16s of remaining time.
	0.9793	 = Validation score   (accuracy)
	136.43s	 = Training   runtime
	0.16s	 = Validation runtime
Fitting model: WeightedEnsemble_L2 ... Training model for up to 306.97s of the 170.27s of remaining time.
	Ensemble Weights: {'LightGBMXT': 1.0}
	0.9793	 = Validation score   (accuracy)
	0.04s	 = Training   runtime
	0.03s	 = Validation runtime
AutoGluon training complete, total runtime = 152.87s ... Best model: WeightedEnsemble_L2 | Estimated inference throughput: 7623.3 rows/s (1450 batch size)
Disabling decision threshold calibration for metric `accuracy` due to having fewer than 10000 rows of validation data for calibration, to avoid overfitting (1450 rows).
	`accuracy` is generally not improved through threshold calibration. Force calibration via specifying `calibrate_decision_threshold=True`.
TabularPredictor saved. To load, use: predictor = TabularPredictor.load("/home/baderlab/mzarant/SignatureInference/models/default_light/Predictior-0.1-1650685/Predictor_S1 (SBS1 - 0.99)")
Verbosity: 2 (Standard Logging)
=================== System Info ===================
AutoGluon Version:  1.2
Python Version:     3.10.15
Operating System:   Linux
Platform Machine:   x86_64
Platform Version:   #1 SMP PREEMPT_DYNAMIC Thu Apr 3 12:12:16 UTC 2025
CPU Count:          272
Memory Avail:       187.50 GB / 203.90 GB (92.0%)
Disk Space Avail:   1287.85 GB / 5026.32 GB (25.6%)
===================================================
Presets specified: ['medium_quality']
Beginning AutoGluon training ... Time limit = 320s
AutoGluon will save models to "/home/baderlab/mzarant/SignatureInference/models/default_light/Predictior-0.1-1650685/Predictor_S2 (SBS2 - 0.99)"
Train Data Rows:    14495
Train Data Columns: 97
Label Column:       S2 (SBS2 - 0.99)
Problem Type:       binary
Preprocessing data ...
Selected class <--> label mapping:  class 1 = True, class 0 = False
Using Feature Generators to preprocess the data ...
Fitting AutoMLPipelineFeatureGenerator...
	Available Memory:                    191995.97 MB
	Train Data (Original)  Memory Usage: 10.63 MB (0.0% of available memory)
	Inferring data type of each feature based on column values. Set feature_metadata_in to manually specify special dtypes of the features.
	Stage 1 Generators:
		Fitting AsTypeFeatureGenerator...
			Note: Converting 1 features to boolean dtype as they only contain 2 unique values.
	Stage 2 Generators:
		Fitting FillNaFeatureGenerator...
	Stage 3 Generators:
		Fitting IdentityFeatureGenerator...
	Stage 4 Generators:
		Fitting DropUniqueFeatureGenerator...
	Stage 5 Generators:
		Fitting DropDuplicatesFeatureGenerator...
	Types of features in original data (raw dtype, special dtypes):
		('bool', []) :  1 | ['S1 (SBS1 - 0.99)']
		('int', [])  : 96 | ['A[C>A]A', 'A[C>A]C', 'A[C>A]G', 'A[C>A]T', 'A[C>G]A', ...]
	Types of features in processed data (raw dtype, special dtypes):
		('int', [])       : 96 | ['A[C>A]A', 'A[C>A]C', 'A[C>A]G', 'A[C>A]T', 'A[C>G]A', ...]
		('int', ['bool']) :  1 | ['S1 (SBS1 - 0.99)']
	1.4s = Fit runtime
	97 features in original data used to generate 97 features in processed data.
	Train Data (Processed) Memory Usage: 10.63 MB (0.0% of available memory)
Data preprocessing and feature engineering runtime = 1.6s ...
AutoGluon will gauge predictive performance using evaluation metric: 'accuracy'
	To change this, specify the eval_metric parameter of Predictor()
	0.9786	 = Validation score   (accuracy)
	138.43s	 = Training   runtime
	0.05s	 = Validation runtime
Fitting model: WeightedEnsemble_L2 ... Training model for up to 307.16s of the 168.46s of remaining time.
Automatically generating train/validation split with holdout_frac=0.1, Train Rows: 13045, Val Rows: 1450
User-specified model hyperparameters to be fit:
{
	'GBM': [{'extra_trees': True, 'ag_args': {'name_suffix': 'XT'}}],
}
	Ensemble Weights: {'LightGBMXT': 1.0}
	0.9786	 = Validation score   (accuracy)
	0.03s	 = Training   runtime
	0.02s	 = Validation runtime
AutoGluon training complete, total runtime = 154.88s ... Best model: WeightedEnsemble_L2 | Estimated inference throughput: 19459.6 rows/s (1450 batch size)
Disabling decision threshold calibration for metric `accuracy` due to having fewer than 10000 rows of validation data for calibration, to avoid overfitting (1450 rows).
	`accuracy` is generally not improved through threshold calibration. Force calibration via specifying `calibrate_decision_threshold=True`.
TabularPredictor saved. To load, use: predictor = TabularPredictor.load("/home/baderlab/mzarant/SignatureInference/models/default_light/Predictior-0.01-1419091/Predictor_S1 (SBS1 - 0.99)")
Fitting 1 L1 models, fit_strategy="sequential" ...
Fitting model: LightGBMXT ... Training model for up to 318.40s of the 318.39s of remaining time.
Verbosity: 2 (Standard Logging)
=================== System Info ===================
AutoGluon Version:  1.2
Python Version:     3.10.15
Operating System:   Linux
Platform Machine:   x86_64
Platform Version:   #1 SMP PREEMPT_DYNAMIC Thu Apr 3 12:12:16 UTC 2025
CPU Count:          272
Memory Avail:       187.25 GB / 203.90 GB (91.8%)
Disk Space Avail:   1287.85 GB / 5026.32 GB (25.6%)
===================================================
Presets specified: ['medium_quality']
Beginning AutoGluon training ... Time limit = 320s
AutoGluon will save models to "/home/baderlab/mzarant/SignatureInference/models/default_light/Predictior-0.01-1419091/Predictor_S2 (SBS2 - 0.99)"
Train Data Rows:    14495
Train Data Columns: 97
Label Column:       S2 (SBS2 - 0.99)
Problem Type:       binary
Preprocessing data ...
Selected class <--> label mapping:  class 1 = True, class 0 = False
Using Feature Generators to preprocess the data ...
Fitting AutoMLPipelineFeatureGenerator...
	Available Memory:                    191710.79 MB
	Train Data (Original)  Memory Usage: 10.63 MB (0.0% of available memory)
	Inferring data type of each feature based on column values. Set feature_metadata_in to manually specify special dtypes of the features.
	Stage 1 Generators:
		Fitting AsTypeFeatureGenerator...
			Note: Converting 1 features to boolean dtype as they only contain 2 unique values.
	Stage 2 Generators:
		Fitting FillNaFeatureGenerator...
	Stage 3 Generators:
		Fitting IdentityFeatureGenerator...
	Stage 4 Generators:
		Fitting DropUniqueFeatureGenerator...
	Stage 5 Generators:
		Fitting DropDuplicatesFeatureGenerator...
	Types of features in original data (raw dtype, special dtypes):
		('bool', []) :  1 | ['S1 (SBS1 - 0.99)']
		('int', [])  : 96 | ['A[C>A]A', 'A[C>A]C', 'A[C>A]G', 'A[C>A]T', 'A[C>G]A', ...]
	Types of features in processed data (raw dtype, special dtypes):
		('int', [])       : 96 | ['A[C>A]A', 'A[C>A]C', 'A[C>A]G', 'A[C>A]T', 'A[C>G]A', ...]
		('int', ['bool']) :  1 | ['S1 (SBS1 - 0.99)']
	2.5s = Fit runtime
	97 features in original data used to generate 97 features in processed data.
	Train Data (Processed) Memory Usage: 10.63 MB (0.0% of available memory)
Data preprocessing and feature engineering runtime = 2.73s ...
AutoGluon will gauge predictive performance using evaluation metric: 'accuracy'
	To change this, specify the eval_metric parameter of Predictor()
Automatically generating train/validation split with holdout_frac=0.1, Train Rows: 13045, Val Rows: 1450
User-specified model hyperparameters to be fit:
{
	'GBM': [{'extra_trees': True, 'ag_args': {'name_suffix': 'XT'}}],
}
Fitting 1 L1 models, fit_strategy="sequential" ...
Fitting model: LightGBMXT ... Training model for up to 317.26s of the 317.26s of remaining time.
	0.9772	 = Validation score   (accuracy)
	154.9s	 = Training   runtime
	0.12s	 = Validation runtime
Fitting model: WeightedEnsemble_L2 ... Training model for up to 305.19s of the 150.04s of remaining time.
	Ensemble Weights: {'LightGBMXT': 1.0}
	0.9772	 = Validation score   (accuracy)
	0.06s	 = Training   runtime
	0.02s	 = Validation runtime
AutoGluon training complete, total runtime = 172.5s ... Best model: WeightedEnsemble_L2 | Estimated inference throughput: 10474.6 rows/s (1450 batch size)
Disabling decision threshold calibration for metric `accuracy` due to having fewer than 10000 rows of validation data for calibration, to avoid overfitting (1450 rows).
	`accuracy` is generally not improved through threshold calibration. Force calibration via specifying `calibrate_decision_threshold=True`.
TabularPredictor saved. To load, use: predictor = TabularPredictor.load("/home/baderlab/mzarant/SignatureInference/models/default_light/Predictior-0.04-956161/Predictor_S1 (SBS1 - 0.99)")
Verbosity: 2 (Standard Logging)
=================== System Info ===================
AutoGluon Version:  1.2
Python Version:     3.10.15
Operating System:   Linux
Platform Machine:   x86_64
Platform Version:   #1 SMP PREEMPT_DYNAMIC Thu Apr 3 12:12:16 UTC 2025
CPU Count:          272
Memory Avail:       187.45 GB / 203.90 GB (91.9%)
Disk Space Avail:   1287.71 GB / 5026.21 GB (25.6%)
===================================================
Presets specified: ['medium_quality']
Beginning AutoGluon training ... Time limit = 320s
AutoGluon will save models to "/home/baderlab/mzarant/SignatureInference/models/default_light/Predictior-0.04-956161/Predictor_S2 (SBS2 - 0.99)"
Train Data Rows:    14495
Train Data Columns: 97
Label Column:       S2 (SBS2 - 0.99)
Problem Type:       binary
Preprocessing data ...
Selected class <--> label mapping:  class 1 = True, class 0 = False
Using Feature Generators to preprocess the data ...
Fitting AutoMLPipelineFeatureGenerator...
	Available Memory:                    191944.22 MB
	Train Data (Original)  Memory Usage: 10.63 MB (0.0% of available memory)
	Inferring data type of each feature based on column values. Set feature_metadata_in to manually specify special dtypes of the features.
	Stage 1 Generators:
		Fitting AsTypeFeatureGenerator...
			Note: Converting 1 features to boolean dtype as they only contain 2 unique values.
	Stage 2 Generators:
		Fitting FillNaFeatureGenerator...
	Stage 3 Generators:
		Fitting IdentityFeatureGenerator...
	Stage 4 Generators:
		Fitting DropUniqueFeatureGenerator...
	Stage 5 Generators:
		Fitting DropDuplicatesFeatureGenerator...
	Types of features in original data (raw dtype, special dtypes):
		('bool', []) :  1 | ['S1 (SBS1 - 0.99)']
		('int', [])  : 96 | ['A[C>A]A', 'A[C>A]C', 'A[C>A]G', 'A[C>A]T', 'A[C>G]A', ...]
	Types of features in processed data (raw dtype, special dtypes):
		('int', [])       : 96 | ['A[C>A]A', 'A[C>A]C', 'A[C>A]G', 'A[C>A]T', 'A[C>G]A', ...]
		('int', ['bool']) :  1 | ['S1 (SBS1 - 0.99)']
	1.7s = Fit runtime
	97 features in original data used to generate 97 features in processed data.
	Train Data (Processed) Memory Usage: 10.63 MB (0.0% of available memory)
Data preprocessing and feature engineering runtime = 1.86s ...
AutoGluon will gauge predictive performance using evaluation metric: 'accuracy'
	To change this, specify the eval_metric parameter of Predictor()
Automatically generating train/validation split with holdout_frac=0.1, Train Rows: 13045, Val Rows: 1450
User-specified model hyperparameters to be fit:
{
	'GBM': [{'extra_trees': True, 'ag_args': {'name_suffix': 'XT'}}],
}
Fitting 1 L1 models, fit_strategy="sequential" ...
Fitting model: LightGBMXT ... Training model for up to 318.14s of the 318.13s of remaining time.
	0.9807	 = Validation score   (accuracy)
	170.79s	 = Training   runtime
	0.2s	 = Validation runtime
Fitting model: WeightedEnsemble_L2 ... Training model for up to 301.71s of the 130.59s of remaining time.
	Ensemble Weights: {'LightGBMXT': 1.0}
	0.9807	 = Validation score   (accuracy)
	0.05s	 = Training   runtime
	0.02s	 = Validation runtime
AutoGluon training complete, total runtime = 191.13s ... Best model: WeightedEnsemble_L2 | Estimated inference throughput: 6727.2 rows/s (1450 batch size)
Disabling decision threshold calibration for metric `accuracy` due to having fewer than 10000 rows of validation data for calibration, to avoid overfitting (1450 rows).
	`accuracy` is generally not improved through threshold calibration. Force calibration via specifying `calibrate_decision_threshold=True`.
TabularPredictor saved. To load, use: predictor = TabularPredictor.load("/home/baderlab/mzarant/SignatureInference/models/default_light/Predictior-0.6-1322901/Predictor_S1 (SBS1 - 0.99)")
Verbosity: 2 (Standard Logging)
=================== System Info ===================
AutoGluon Version:  1.2
Python Version:     3.10.15
Operating System:   Linux
Platform Machine:   x86_64
Platform Version:   #1 SMP PREEMPT_DYNAMIC Thu Apr 3 12:12:16 UTC 2025
CPU Count:          272
Memory Avail:       187.34 GB / 203.90 GB (91.9%)
Disk Space Avail:   1287.61 GB / 5026.12 GB (25.6%)
===================================================
Presets specified: ['medium_quality']
Beginning AutoGluon training ... Time limit = 320s
AutoGluon will save models to "/home/baderlab/mzarant/SignatureInference/models/default_light/Predictior-0.6-1322901/Predictor_S2 (SBS2 - 0.99)"
Train Data Rows:    14495
Train Data Columns: 97
Label Column:       S2 (SBS2 - 0.99)
Problem Type:       binary
Preprocessing data ...
Selected class <--> label mapping:  class 1 = True, class 0 = False
Using Feature Generators to preprocess the data ...
Fitting AutoMLPipelineFeatureGenerator...
	Available Memory:                    191801.23 MB
	Train Data (Original)  Memory Usage: 10.63 MB (0.0% of available memory)
	Inferring data type of each feature based on column values. Set feature_metadata_in to manually specify special dtypes of the features.
	Stage 1 Generators:
		Fitting AsTypeFeatureGenerator...
			Note: Converting 1 features to boolean dtype as they only contain 2 unique values.
	Stage 2 Generators:
		Fitting FillNaFeatureGenerator...
	Stage 3 Generators:
		Fitting IdentityFeatureGenerator...
	Stage 4 Generators:
		Fitting DropUniqueFeatureGenerator...
	Stage 5 Generators:
		Fitting DropDuplicatesFeatureGenerator...
	Types of features in original data (raw dtype, special dtypes):
		('bool', []) :  1 | ['S1 (SBS1 - 0.99)']
		('int', [])  : 96 | ['A[C>A]A', 'A[C>A]C', 'A[C>A]G', 'A[C>A]T', 'A[C>G]A', ...]
	Types of features in processed data (raw dtype, special dtypes):
		('int', [])       : 96 | ['A[C>A]A', 'A[C>A]C', 'A[C>A]G', 'A[C>A]T', 'A[C>G]A', ...]
		('int', ['bool']) :  1 | ['S1 (SBS1 - 0.99)']
	1.8s = Fit runtime
	97 features in original data used to generate 97 features in processed data.
	Train Data (Processed) Memory Usage: 10.63 MB (0.0% of available memory)
Data preprocessing and feature engineering runtime = 1.97s ...
AutoGluon will gauge predictive performance using evaluation metric: 'accuracy'
	To change this, specify the eval_metric parameter of Predictor()
Automatically generating train/validation split with holdout_frac=0.1, Train Rows: 13045, Val Rows: 1450
User-specified model hyperparameters to be fit:
{
	'GBM': [{'extra_trees': True, 'ag_args': {'name_suffix': 'XT'}}],
}
Fitting 1 L1 models, fit_strategy="sequential" ...
Fitting model: LightGBMXT ... Training model for up to 318.03s of the 318.03s of remaining time.
	0.98	 = Validation score   (accuracy)
	182.59s	 = Training   runtime
	0.38s	 = Validation runtime
Fitting model: WeightedEnsemble_L2 ... Training model for up to 300.43s of the 117.28s of remaining time.
	Ensemble Weights: {'LightGBMXT': 1.0}
	0.98	 = Validation score   (accuracy)
	0.05s	 = Training   runtime
	0.01s	 = Validation runtime
AutoGluon training complete, total runtime = 203.9s ... Best model: WeightedEnsemble_L2 | Estimated inference throughput: 3692.9 rows/s (1450 batch size)
Disabling decision threshold calibration for metric `accuracy` due to having fewer than 10000 rows of validation data for calibration, to avoid overfitting (1450 rows).
	`accuracy` is generally not improved through threshold calibration. Force calibration via specifying `calibrate_decision_threshold=True`.
TabularPredictor saved. To load, use: predictor = TabularPredictor.load("/home/baderlab/mzarant/SignatureInference/models/default_light/Predictior-0.2-6638547/Predictor_S1 (SBS1 - 0.99)")
Verbosity: 2 (Standard Logging)
=================== System Info ===================
AutoGluon Version:  1.2
Python Version:     3.10.15
Operating System:   Linux
Platform Machine:   x86_64
Platform Version:   #1 SMP PREEMPT_DYNAMIC Thu Apr 3 12:12:16 UTC 2025
CPU Count:          272
Memory Avail:       187.03 GB / 203.90 GB (91.7%)
Disk Space Avail:   1287.57 GB / 5026.09 GB (25.6%)
===================================================
Presets specified: ['medium_quality']
Beginning AutoGluon training ... Time limit = 320s
AutoGluon will save models to "/home/baderlab/mzarant/SignatureInference/models/default_light/Predictior-0.2-6638547/Predictor_S2 (SBS2 - 0.99)"
Train Data Rows:    14495
Train Data Columns: 97
Label Column:       S2 (SBS2 - 0.99)
Problem Type:       binary
Preprocessing data ...
Selected class <--> label mapping:  class 1 = True, class 0 = False
Using Feature Generators to preprocess the data ...
Fitting AutoMLPipelineFeatureGenerator...
	Available Memory:                    191449.97 MB
	Train Data (Original)  Memory Usage: 10.63 MB (0.0% of available memory)
	Inferring data type of each feature based on column values. Set feature_metadata_in to manually specify special dtypes of the features.
	Stage 1 Generators:
		Fitting AsTypeFeatureGenerator...
			Note: Converting 1 features to boolean dtype as they only contain 2 unique values.
	Stage 2 Generators:
		Fitting FillNaFeatureGenerator...
	Stage 3 Generators:
		Fitting IdentityFeatureGenerator...
	Stage 4 Generators:
		Fitting DropUniqueFeatureGenerator...
	Stage 5 Generators:
		Fitting DropDuplicatesFeatureGenerator...
	Types of features in original data (raw dtype, special dtypes):
		('bool', []) :  1 | ['S1 (SBS1 - 0.99)']
		('int', [])  : 96 | ['A[C>A]A', 'A[C>A]C', 'A[C>A]G', 'A[C>A]T', 'A[C>G]A', ...]
	Types of features in processed data (raw dtype, special dtypes):
		('int', [])       : 96 | ['A[C>A]A', 'A[C>A]C', 'A[C>A]G', 'A[C>A]T', 'A[C>G]A', ...]
		('int', ['bool']) :  1 | ['S1 (SBS1 - 0.99)']
	2.1s = Fit runtime
	97 features in original data used to generate 97 features in processed data.
	Train Data (Processed) Memory Usage: 10.63 MB (0.0% of available memory)
Data preprocessing and feature engineering runtime = 2.39s ...
AutoGluon will gauge predictive performance using evaluation metric: 'accuracy'
	To change this, specify the eval_metric parameter of Predictor()
Automatically generating train/validation split with holdout_frac=0.1, Train Rows: 13045, Val Rows: 1450
User-specified model hyperparameters to be fit:
{
	'GBM': [{'extra_trees': True, 'ag_args': {'name_suffix': 'XT'}}],
}
Fitting 1 L1 models, fit_strategy="sequential" ...
Fitting model: LightGBMXT ... Training model for up to 317.61s of the 317.60s of remaining time.
	0.88	 = Validation score   (accuracy)
	67.39s	 = Training   runtime
	0.04s	 = Validation runtime
Fitting model: WeightedEnsemble_L2 ... Training model for up to 317.27s of the 249.72s of remaining time.
	Ensemble Weights: {'LightGBMXT': 1.0}
	0.88	 = Validation score   (accuracy)
	0.04s	 = Training   runtime
	0.01s	 = Validation runtime
AutoGluon training complete, total runtime = 70.78s ... Best model: WeightedEnsemble_L2 | Estimated inference throughput: 30256.1 rows/s (1450 batch size)
Disabling decision threshold calibration for metric `accuracy` due to having fewer than 10000 rows of validation data for calibration, to avoid overfitting (1450 rows).
	`accuracy` is generally not improved through threshold calibration. Force calibration via specifying `calibrate_decision_threshold=True`.
TabularPredictor saved. To load, use: predictor = TabularPredictor.load("/home/baderlab/mzarant/SignatureInference/models/default_light/Predictior-0.01-1419091/Predictor_S2 (SBS2 - 0.99)")
Verbosity: 2 (Standard Logging)
=================== System Info ===================
AutoGluon Version:  1.2
Python Version:     3.10.15
Operating System:   Linux
Platform Machine:   x86_64
Platform Version:   #1 SMP PREEMPT_DYNAMIC Thu Apr 3 12:12:16 UTC 2025
CPU Count:          272
Memory Avail:       187.47 GB / 203.90 GB (91.9%)
Disk Space Avail:   1287.47 GB / 5026.00 GB (25.6%)
===================================================
Presets specified: ['medium_quality']
Beginning AutoGluon training ... Time limit = 320s
AutoGluon will save models to "/home/baderlab/mzarant/SignatureInference/models/default_light/Predictior-0.01-1419091/Predictor_S3 (SBS3 - 0.97)"
Train Data Rows:    14495
Train Data Columns: 98
Label Column:       S3 (SBS3 - 0.97)
Problem Type:       binary
Preprocessing data ...
Selected class <--> label mapping:  class 1 = True, class 0 = False
Using Feature Generators to preprocess the data ...
Fitting AutoMLPipelineFeatureGenerator...
	Available Memory:                    191931.22 MB
	Train Data (Original)  Memory Usage: 10.64 MB (0.0% of available memory)
	Inferring data type of each feature based on column values. Set feature_metadata_in to manually specify special dtypes of the features.
	0.9786	 = Validation score   (accuracy)
	208.68s	 = Training   runtime
	0.24s	 = Validation runtime
Fitting model: WeightedEnsemble_L2 ... Training model for up to 304.61s of the 95.58s of remaining time.
	Ensemble Weights: {'LightGBMXT': 1.0}
	0.9786	 = Validation score   (accuracy)
	0.04s	 = Training   runtime
	0.02s	 = Validation runtime
AutoGluon training complete, total runtime = 226.38s ... Best model: WeightedEnsemble_L2 | Estimated inference throughput: 5625.5 rows/s (1450 batch size)
Disabling decision threshold calibration for metric `accuracy` due to having fewer than 10000 rows of validation data for calibration, to avoid overfitting (1450 rows).
	`accuracy` is generally not improved through threshold calibration. Force calibration via specifying `calibrate_decision_threshold=True`.
	Stage 1 Generators:
		Fitting AsTypeFeatureGenerator...
TabularPredictor saved. To load, use: predictor = TabularPredictor.load("/home/baderlab/mzarant/SignatureInference/models/default_light/Predictior-0.5-6435960/Predictor_S1 (SBS1 - 0.99)")
			Note: Converting 2 features to boolean dtype as they only contain 2 unique values.
	Stage 2 Generators:
Verbosity: 2 (Standard Logging)
		Fitting FillNaFeatureGenerator...
=================== System Info ===================
AutoGluon Version:  1.2
Python Version:     3.10.15
Operating System:   Linux
Platform Machine:   x86_64
Platform Version:   #1 SMP PREEMPT_DYNAMIC Thu Apr 3 12:12:16 UTC 2025
CPU Count:          272
Memory Avail:       187.33 GB / 203.90 GB (91.9%)
Disk Space Avail:   1287.44 GB / 5025.97 GB (25.6%)
===================================================
Presets specified: ['medium_quality']
	Stage 3 Generators:
		Fitting IdentityFeatureGenerator...
	Stage 4 Generators:
		Fitting DropUniqueFeatureGenerator...
Beginning AutoGluon training ... Time limit = 320s
AutoGluon will save models to "/home/baderlab/mzarant/SignatureInference/models/default_light/Predictior-0.5-6435960/Predictor_S2 (SBS2 - 0.99)"
Train Data Rows:    14495
Train Data Columns: 97
Label Column:       S2 (SBS2 - 0.99)
Problem Type:       binary
Preprocessing data ...
Selected class <--> label mapping:  class 1 = True, class 0 = False
Using Feature Generators to preprocess the data ...
Fitting AutoMLPipelineFeatureGenerator...
	Available Memory:                    191750.82 MB
	Train Data (Original)  Memory Usage: 10.63 MB (0.0% of available memory)
	Inferring data type of each feature based on column values. Set feature_metadata_in to manually specify special dtypes of the features.
	Stage 5 Generators:
		Fitting DropDuplicatesFeatureGenerator...
	Types of features in original data (raw dtype, special dtypes):
		('bool', []) :  2 | ['S1 (SBS1 - 0.99)', 'S2 (SBS2 - 0.99)']
		('int', [])  : 96 | ['A[C>A]A', 'A[C>A]C', 'A[C>A]G', 'A[C>A]T', 'A[C>G]A', ...]
	Types of features in processed data (raw dtype, special dtypes):
		('int', [])       : 96 | ['A[C>A]A', 'A[C>A]C', 'A[C>A]G', 'A[C>A]T', 'A[C>G]A', ...]
		('int', ['bool']) :  2 | ['S1 (SBS1 - 0.99)', 'S2 (SBS2 - 0.99)']
	2.6s = Fit runtime
	98 features in original data used to generate 98 features in processed data.
	Stage 1 Generators:
		Fitting AsTypeFeatureGenerator...
	Train Data (Processed) Memory Usage: 10.64 MB (0.0% of available memory)
Data preprocessing and feature engineering runtime = 2.83s ...
AutoGluon will gauge predictive performance using evaluation metric: 'accuracy'
	To change this, specify the eval_metric parameter of Predictor()
Automatically generating train/validation split with holdout_frac=0.1, Train Rows: 13045, Val Rows: 1450
User-specified model hyperparameters to be fit:
{
	'GBM': [{'extra_trees': True, 'ag_args': {'name_suffix': 'XT'}}],
}
			Note: Converting 1 features to boolean dtype as they only contain 2 unique values.
	Stage 2 Generators:
		Fitting FillNaFeatureGenerator...
	Stage 3 Generators:
		Fitting IdentityFeatureGenerator...
	Stage 4 Generators:
		Fitting DropUniqueFeatureGenerator...
Fitting 1 L1 models, fit_strategy="sequential" ...
Fitting model: LightGBMXT ... Training model for up to 317.17s of the 317.17s of remaining time.
	Stage 5 Generators:
		Fitting DropDuplicatesFeatureGenerator...
	Types of features in original data (raw dtype, special dtypes):
		('bool', []) :  1 | ['S1 (SBS1 - 0.99)']
		('int', [])  : 96 | ['A[C>A]A', 'A[C>A]C', 'A[C>A]G', 'A[C>A]T', 'A[C>G]A', ...]
	Types of features in processed data (raw dtype, special dtypes):
		('int', [])       : 96 | ['A[C>A]A', 'A[C>A]C', 'A[C>A]G', 'A[C>A]T', 'A[C>G]A', ...]
		('int', ['bool']) :  1 | ['S1 (SBS1 - 0.99)']
	2.6s = Fit runtime
	97 features in original data used to generate 97 features in processed data.
	Train Data (Processed) Memory Usage: 10.63 MB (0.0% of available memory)
Data preprocessing and feature engineering runtime = 2.78s ...
AutoGluon will gauge predictive performance using evaluation metric: 'accuracy'
	To change this, specify the eval_metric parameter of Predictor()
Automatically generating train/validation split with holdout_frac=0.1, Train Rows: 13045, Val Rows: 1450
User-specified model hyperparameters to be fit:
{
	'GBM': [{'extra_trees': True, 'ag_args': {'name_suffix': 'XT'}}],
}
Fitting 1 L1 models, fit_strategy="sequential" ...
Fitting model: LightGBMXT ... Training model for up to 317.22s of the 317.22s of remaining time.
	0.9779	 = Validation score   (accuracy)
	219.88s	 = Training   runtime
	0.35s	 = Validation runtime
Fitting model: WeightedEnsemble_L2 ... Training model for up to 306.75s of the 86.39s of remaining time.
	Ensemble Weights: {'LightGBMXT': 1.0}
	0.9779	 = Validation score   (accuracy)
	0.04s	 = Training   runtime
	0.01s	 = Validation runtime
AutoGluon training complete, total runtime = 236.07s ... Best model: WeightedEnsemble_L2 | Estimated inference throughput: 3973.5 rows/s (1450 batch size)
Disabling decision threshold calibration for metric `accuracy` due to having fewer than 10000 rows of validation data for calibration, to avoid overfitting (1450 rows).
	`accuracy` is generally not improved through threshold calibration. Force calibration via specifying `calibrate_decision_threshold=True`.
TabularPredictor saved. To load, use: predictor = TabularPredictor.load("/home/baderlab/mzarant/SignatureInference/models/default_light/Predictior-0.03-2533609/Predictor_S1 (SBS1 - 0.99)")
Verbosity: 2 (Standard Logging)
=================== System Info ===================
AutoGluon Version:  1.2
Python Version:     3.10.15
Operating System:   Linux
Platform Machine:   x86_64
Platform Version:   #1 SMP PREEMPT_DYNAMIC Thu Apr 3 12:12:16 UTC 2025
CPU Count:          272
Memory Avail:       186.87 GB / 203.90 GB (91.6%)
Disk Space Avail:   1287.42 GB / 5025.97 GB (25.6%)
===================================================
Presets specified: ['medium_quality']
Beginning AutoGluon training ... Time limit = 320s
AutoGluon will save models to "/home/baderlab/mzarant/SignatureInference/models/default_light/Predictior-0.03-2533609/Predictor_S2 (SBS2 - 0.99)"
Train Data Rows:    14495
Train Data Columns: 97
Label Column:       S2 (SBS2 - 0.99)
Problem Type:       binary
Preprocessing data ...
Selected class <--> label mapping:  class 1 = True, class 0 = False
Using Feature Generators to preprocess the data ...
Fitting AutoMLPipelineFeatureGenerator...
	Available Memory:                    191364.13 MB
	Train Data (Original)  Memory Usage: 10.63 MB (0.0% of available memory)
	Inferring data type of each feature based on column values. Set feature_metadata_in to manually specify special dtypes of the features.
	Stage 1 Generators:
		Fitting AsTypeFeatureGenerator...
			Note: Converting 1 features to boolean dtype as they only contain 2 unique values.
	Stage 2 Generators:
		Fitting FillNaFeatureGenerator...
	Stage 3 Generators:
		Fitting IdentityFeatureGenerator...
	Stage 4 Generators:
		Fitting DropUniqueFeatureGenerator...
	Stage 5 Generators:
		Fitting DropDuplicatesFeatureGenerator...
	Types of features in original data (raw dtype, special dtypes):
		('bool', []) :  1 | ['S1 (SBS1 - 0.99)']
		('int', [])  : 96 | ['A[C>A]A', 'A[C>A]C', 'A[C>A]G', 'A[C>A]T', 'A[C>G]A', ...]
	Types of features in processed data (raw dtype, special dtypes):
		('int', [])       : 96 | ['A[C>A]A', 'A[C>A]C', 'A[C>A]G', 'A[C>A]T', 'A[C>G]A', ...]
		('int', ['bool']) :  1 | ['S1 (SBS1 - 0.99)']
	2.1s = Fit runtime
	97 features in original data used to generate 97 features in processed data.
	Train Data (Processed) Memory Usage: 10.63 MB (0.0% of available memory)
Data preprocessing and feature engineering runtime = 2.3s ...
AutoGluon will gauge predictive performance using evaluation metric: 'accuracy'
	To change this, specify the eval_metric parameter of Predictor()
Automatically generating train/validation split with holdout_frac=0.1, Train Rows: 13045, Val Rows: 1450
User-specified model hyperparameters to be fit:
{
	'GBM': [{'extra_trees': True, 'ag_args': {'name_suffix': 'XT'}}],
}
Fitting 1 L1 models, fit_strategy="sequential" ...
Fitting model: LightGBMXT ... Training model for up to 317.70s of the 317.69s of remaining time.
	0.98	 = Validation score   (accuracy)
	240.66s	 = Training   runtime
	0.18s	 = Validation runtime
Fitting model: WeightedEnsemble_L2 ... Training model for up to 305.40s of the 64.43s of remaining time.
	Ensemble Weights: {'LightGBMXT': 1.0}
	0.98	 = Validation score   (accuracy)
	0.04s	 = Training   runtime
	0.02s	 = Validation runtime
AutoGluon training complete, total runtime = 258.65s ... Best model: WeightedEnsemble_L2 | Estimated inference throughput: 7182.4 rows/s (1450 batch size)
Disabling decision threshold calibration for metric `accuracy` due to having fewer than 10000 rows of validation data for calibration, to avoid overfitting (1450 rows).
	`accuracy` is generally not improved through threshold calibration. Force calibration via specifying `calibrate_decision_threshold=True`.
TabularPredictor saved. To load, use: predictor = TabularPredictor.load("/home/baderlab/mzarant/SignatureInference/models/default_light/Predictior-0.15-2318533/Predictor_S1 (SBS1 - 0.99)")
Verbosity: 2 (Standard Logging)
=================== System Info ===================
AutoGluon Version:  1.2
Python Version:     3.10.15
Operating System:   Linux
Platform Machine:   x86_64
Platform Version:   #1 SMP PREEMPT_DYNAMIC Thu Apr 3 12:12:16 UTC 2025
CPU Count:          272
Memory Avail:       187.47 GB / 203.90 GB (91.9%)
Disk Space Avail:   1287.29 GB / 5025.85 GB (25.6%)
===================================================
Presets specified: ['medium_quality']
Beginning AutoGluon training ... Time limit = 320s
AutoGluon will save models to "/home/baderlab/mzarant/SignatureInference/models/default_light/Predictior-0.15-2318533/Predictor_S2 (SBS2 - 0.99)"
Train Data Rows:    14495
Train Data Columns: 97
Label Column:       S2 (SBS2 - 0.99)
Problem Type:       binary
Preprocessing data ...
Selected class <--> label mapping:  class 1 = True, class 0 = False
Using Feature Generators to preprocess the data ...
Fitting AutoMLPipelineFeatureGenerator...
	Available Memory:                    191934.61 MB
	Train Data (Original)  Memory Usage: 10.63 MB (0.0% of available memory)
	Inferring data type of each feature based on column values. Set feature_metadata_in to manually specify special dtypes of the features.
	Stage 1 Generators:
		Fitting AsTypeFeatureGenerator...
			Note: Converting 1 features to boolean dtype as they only contain 2 unique values.
	Stage 2 Generators:
		Fitting FillNaFeatureGenerator...
	Stage 3 Generators:
		Fitting IdentityFeatureGenerator...
	Stage 4 Generators:
		Fitting DropUniqueFeatureGenerator...
	Stage 5 Generators:
		Fitting DropDuplicatesFeatureGenerator...
	Types of features in original data (raw dtype, special dtypes):
		('bool', []) :  1 | ['S1 (SBS1 - 0.99)']
		('int', [])  : 96 | ['A[C>A]A', 'A[C>A]C', 'A[C>A]G', 'A[C>A]T', 'A[C>G]A', ...]
	Types of features in processed data (raw dtype, special dtypes):
		('int', [])       : 96 | ['A[C>A]A', 'A[C>A]C', 'A[C>A]G', 'A[C>A]T', 'A[C>G]A', ...]
		('int', ['bool']) :  1 | ['S1 (SBS1 - 0.99)']
	1.7s = Fit runtime
	97 features in original data used to generate 97 features in processed data.
	Train Data (Processed) Memory Usage: 10.63 MB (0.0% of available memory)
Data preprocessing and feature engineering runtime = 1.91s ...
AutoGluon will gauge predictive performance using evaluation metric: 'accuracy'
	To change this, specify the eval_metric parameter of Predictor()
Automatically generating train/validation split with holdout_frac=0.1, Train Rows: 13045, Val Rows: 1450
User-specified model hyperparameters to be fit:
{
	'GBM': [{'extra_trees': True, 'ag_args': {'name_suffix': 'XT'}}],
}
Fitting 1 L1 models, fit_strategy="sequential" ...
Fitting model: LightGBMXT ... Training model for up to 318.09s of the 318.09s of remaining time.
	0.9814	 = Validation score   (accuracy)
	246.77s	 = Training   runtime
	0.22s	 = Validation runtime
Fitting model: WeightedEnsemble_L2 ... Training model for up to 295.10s of the 48.00s of remaining time.
	Ensemble Weights: {'LightGBMXT': 1.0}
	0.9814	 = Validation score   (accuracy)
	0.03s	 = Training   runtime
	0.02s	 = Validation runtime
AutoGluon training complete, total runtime = 272.66s ... Best model: WeightedEnsemble_L2 | Estimated inference throughput: 5925.1 rows/s (1450 batch size)
Disabling decision threshold calibration for metric `accuracy` due to having fewer than 10000 rows of validation data for calibration, to avoid overfitting (1450 rows).
	`accuracy` is generally not improved through threshold calibration. Force calibration via specifying `calibrate_decision_threshold=True`.
TabularPredictor saved. To load, use: predictor = TabularPredictor.load("/home/baderlab/mzarant/SignatureInference/models/default_light/Predictior-0.8-6647852/Predictor_S1 (SBS1 - 0.99)")
Verbosity: 2 (Standard Logging)
=================== System Info ===================
AutoGluon Version:  1.2
Python Version:     3.10.15
Operating System:   Linux
Platform Machine:   x86_64
Platform Version:   #1 SMP PREEMPT_DYNAMIC Thu Apr 3 12:12:16 UTC 2025
CPU Count:          272
Memory Avail:       186.93 GB / 203.90 GB (91.7%)
Disk Space Avail:   1287.28 GB / 5025.85 GB (25.6%)
===================================================
Presets specified: ['medium_quality']
Beginning AutoGluon training ... Time limit = 320s
AutoGluon will save models to "/home/baderlab/mzarant/SignatureInference/models/default_light/Predictior-0.8-6647852/Predictor_S2 (SBS2 - 0.99)"
Train Data Rows:    14495
Train Data Columns: 97
Label Column:       S2 (SBS2 - 0.99)
Problem Type:       binary
Preprocessing data ...
Selected class <--> label mapping:  class 1 = True, class 0 = False
Using Feature Generators to preprocess the data ...
Fitting AutoMLPipelineFeatureGenerator...
	Available Memory:                    191489.72 MB
	Train Data (Original)  Memory Usage: 10.63 MB (0.0% of available memory)
	Inferring data type of each feature based on column values. Set feature_metadata_in to manually specify special dtypes of the features.
	Stage 1 Generators:
		Fitting AsTypeFeatureGenerator...
			Note: Converting 1 features to boolean dtype as they only contain 2 unique values.
	Stage 2 Generators:
		Fitting FillNaFeatureGenerator...
	Stage 3 Generators:
		Fitting IdentityFeatureGenerator...
	Stage 4 Generators:
		Fitting DropUniqueFeatureGenerator...
	Stage 5 Generators:
		Fitting DropDuplicatesFeatureGenerator...
	Types of features in original data (raw dtype, special dtypes):
		('bool', []) :  1 | ['S1 (SBS1 - 0.99)']
		('int', [])  : 96 | ['A[C>A]A', 'A[C>A]C', 'A[C>A]G', 'A[C>A]T', 'A[C>G]A', ...]
	Types of features in processed data (raw dtype, special dtypes):
		('int', [])       : 96 | ['A[C>A]A', 'A[C>A]C', 'A[C>A]G', 'A[C>A]T', 'A[C>G]A', ...]
		('int', ['bool']) :  1 | ['S1 (SBS1 - 0.99)']
	2.1s = Fit runtime
	97 features in original data used to generate 97 features in processed data.
	Train Data (Processed) Memory Usage: 10.63 MB (0.0% of available memory)
Data preprocessing and feature engineering runtime = 2.27s ...
AutoGluon will gauge predictive performance using evaluation metric: 'accuracy'
	To change this, specify the eval_metric parameter of Predictor()
Automatically generating train/validation split with holdout_frac=0.1, Train Rows: 13045, Val Rows: 1450
User-specified model hyperparameters to be fit:
{
	'GBM': [{'extra_trees': True, 'ag_args': {'name_suffix': 'XT'}}],
}
Fitting 1 L1 models, fit_strategy="sequential" ...
Fitting model: LightGBMXT ... Training model for up to 317.73s of the 317.73s of remaining time.
	0.9807	 = Validation score   (accuracy)
	266.58s	 = Training   runtime
	0.14s	 = Validation runtime
Fitting model: WeightedEnsemble_L2 ... Training model for up to 303.42s of the 36.58s of remaining time.
	Ensemble Weights: {'LightGBMXT': 1.0}
	0.9807	 = Validation score   (accuracy)
	0.04s	 = Training   runtime
	0.02s	 = Validation runtime
AutoGluon training complete, total runtime = 285.58s ... Best model: WeightedEnsemble_L2 | Estimated inference throughput: 8889.8 rows/s (1450 batch size)
Disabling decision threshold calibration for metric `accuracy` due to having fewer than 10000 rows of validation data for calibration, to avoid overfitting (1450 rows).
	`accuracy` is generally not improved through threshold calibration. Force calibration via specifying `calibrate_decision_threshold=True`.
TabularPredictor saved. To load, use: predictor = TabularPredictor.load("/home/baderlab/mzarant/SignatureInference/models/default_light/Predictior-0.3-7650799/Predictor_S1 (SBS1 - 0.99)")
Verbosity: 2 (Standard Logging)
=================== System Info ===================
AutoGluon Version:  1.2
Python Version:     3.10.15
Operating System:   Linux
Platform Machine:   x86_64
Platform Version:   #1 SMP PREEMPT_DYNAMIC Thu Apr 3 12:12:16 UTC 2025
CPU Count:          272
Memory Avail:       186.89 GB / 203.90 GB (91.7%)
Disk Space Avail:   1287.18 GB / 5025.77 GB (25.6%)
===================================================
Presets specified: ['medium_quality']
Beginning AutoGluon training ... Time limit = 320s
AutoGluon will save models to "/home/baderlab/mzarant/SignatureInference/models/default_light/Predictior-0.3-7650799/Predictor_S2 (SBS2 - 0.99)"
Train Data Rows:    14495
Train Data Columns: 97
Label Column:       S2 (SBS2 - 0.99)
Problem Type:       binary
Preprocessing data ...
Selected class <--> label mapping:  class 1 = True, class 0 = False
Using Feature Generators to preprocess the data ...
Fitting AutoMLPipelineFeatureGenerator...
	Available Memory:                    191390.57 MB
	Train Data (Original)  Memory Usage: 10.63 MB (0.0% of available memory)
	Inferring data type of each feature based on column values. Set feature_metadata_in to manually specify special dtypes of the features.
	Stage 1 Generators:
		Fitting AsTypeFeatureGenerator...
			Note: Converting 1 features to boolean dtype as they only contain 2 unique values.
	Stage 2 Generators:
		Fitting FillNaFeatureGenerator...
	Stage 3 Generators:
		Fitting IdentityFeatureGenerator...
	Stage 4 Generators:
		Fitting DropUniqueFeatureGenerator...
	Stage 5 Generators:
		Fitting DropDuplicatesFeatureGenerator...
	Types of features in original data (raw dtype, special dtypes):
		('bool', []) :  1 | ['S1 (SBS1 - 0.99)']
		('int', [])  : 96 | ['A[C>A]A', 'A[C>A]C', 'A[C>A]G', 'A[C>A]T', 'A[C>G]A', ...]
	Types of features in processed data (raw dtype, special dtypes):
		('int', [])       : 96 | ['A[C>A]A', 'A[C>A]C', 'A[C>A]G', 'A[C>A]T', 'A[C>G]A', ...]
		('int', ['bool']) :  1 | ['S1 (SBS1 - 0.99)']
	1.4s = Fit runtime
	97 features in original data used to generate 97 features in processed data.
	Train Data (Processed) Memory Usage: 10.63 MB (0.0% of available memory)
Data preprocessing and feature engineering runtime = 1.56s ...
AutoGluon will gauge predictive performance using evaluation metric: 'accuracy'
	To change this, specify the eval_metric parameter of Predictor()
Automatically generating train/validation split with holdout_frac=0.1, Train Rows: 13045, Val Rows: 1450
User-specified model hyperparameters to be fit:
{
	'GBM': [{'extra_trees': True, 'ag_args': {'name_suffix': 'XT'}}],
}
Fitting 1 L1 models, fit_strategy="sequential" ...
Fitting model: LightGBMXT ... Training model for up to 318.44s of the 318.44s of remaining time.
slurmstepd: error: *** JOB 37006 ON dc03 CANCELLED AT 2025-04-23T23:58:01 ***
